-----------------------------------------------------------------
[21296] 2025/12/07 21:56:48.464 SKOrderLib_Initialize
[21296] 2025/12/07 21:56:57.488 GetOpenInterest_Format3: (A131221647,A131221647)
[10840] 2025/12/07 21:59:06.231 SKOrderLib_Initialize
[10840] 2025/12/07 21:59:06.231 CALL SKOrderLib_ReadCertByID(A131221647)
[10840] 2025/12/07 21:59:06.356 OrderSendSign result: 驗章成功
[10840] 2025/12/07 21:59:14.429 GetOpenInterest_Format3: (A131221647,A131221647)
[21308] 2025/12/07 22:49:22.842 SKOrderLib_Initialize
[21308] 2025/12/07 22:49:22.842 CALL SKOrderLib_ReadCertByID(A131221647)
[21308] 2025/12/07 22:49:22.956 OrderSendSign result: 驗章成功
[10592] 2025/12/07 22:52:01.303 ERROR: Initialization is not complete, you should call Initialize() first
[26196] 2025/12/07 22:55:00.847 SKOrderLib_Initialize
[26196] 2025/12/07 22:55:00.847 CALL SKOrderLib_ReadCertByID(A131221647)
[26196] 2025/12/07 22:55:00.956 OrderSendSign result: 驗章成功
[26196] 2025/12/07 22:55:05.269 SKOrderLib_Initialize
[26196] 2025/12/07 22:55:05.269 CALL SKOrderLib_ReadCertByID(A131221647)
[26196] 2025/12/07 22:55:35.760 GetOpenInterest_Format3: (A131221647,6861960)
[26196] 2025/12/07 22:58:23.963 GetOpenInterest_Format3: (A131221647,F0200026861960)
[26196] 2025/12/07 22:58:24.332 OpenInterest Query _OI result is 001,查無資料
[22672] 2025/12/07 23:11:45.045 SKOrderLib_Initialize
[22672] 2025/12/07 23:11:45.045 CALL SKOrderLib_ReadCertByID(A131221647)
[22672] 2025/12/07 23:11:45.160 OrderSendSign result: 驗章成功
[22672] 2025/12/07 23:11:52.398 GetRealBalanceReport( A131221647,91842019411)
[22672] 2025/12/07 23:12:00.381 GetRealBalanceReport( A131221647,91842019411)
[19636] 2025/12/07 23:14:12.388 SKOrderLib_Initialize
[19636] 2025/12/07 23:14:12.388 CALL SKOrderLib_ReadCertByID(A131221647)
[19636] 2025/12/07 23:14:12.492 OrderSendSign result: 驗章成功
[19636] 2025/12/07 23:14:14.624 GetRealBalanceReport( A131221647,91842019411)
[19636] 2025/12/07 23:14:14.627 GetOpenInterest_Format3: (A131221647,F0200026861960)
[26156] 2025/12/07 23:15:27.532 SKOrderLib_Initialize
[26156] 2025/12/07 23:15:27.532 CALL SKOrderLib_ReadCertByID(A131221647)
[26156] 2025/12/07 23:15:27.639 OrderSendSign result: 驗章成功
[26156] 2025/12/07 23:15:29.276 GetRealBalanceReport( A131221647,91842019411)
[26156] 2025/12/07 23:15:29.279 GetOpenInterest_Format3: (A131221647,F0200026861960)
[26156] 2025/12/07 23:15:29.561 OpenInterest Query _OI result is 001,查無資料
[25452] 2025/12/07 23:25:48.484 SKOrderLib_Initialize
[25452] 2025/12/07 23:25:48.484 CALL SKOrderLib_ReadCertByID(A131221647)
[25452] 2025/12/07 23:25:48.619 OrderSendSign result: 驗章成功
[25452] 2025/12/07 23:26:02.894 GetRealBalanceReport( A131221647,91842019411)
[25452] 2025/12/07 23:26:02.897 GetOpenInterest_Format3: (A131221647,F0200026861960)
[25452] 2025/12/07 23:26:03.154 OpenInterest Query _OI result is 001,查無資料
[25452] 2025/12/07 23:26:11.836 GetRealBalanceReport( A131221647,91842019411)
[25452] 2025/12/07 23:26:11.839 GetOpenInterest_Format3: (A131221647,F0200026861960)
[12816] 2025/12/07 23:26:45.377 SKOrderLib_Initialize
[12816] 2025/12/07 23:26:45.377 CALL SKOrderLib_ReadCertByID(A131221647)
[12816] 2025/12/07 23:26:45.464 OrderSendSign result: 驗章成功
[12816] 2025/12/07 23:26:49.005 GetRealBalanceReport( A131221647,91842019411)
[12816] 2025/12/07 23:26:49.008 GetOpenInterest_Format3: (A131221647,F0200026861960)
[12816] 2025/12/07 23:26:49.287 OpenInterest Query _OI result is 001,查無資料
[23048] 2025/12/07 23:30:23.586 SKOrderLib_Initialize
[23048] 2025/12/07 23:30:23.587 CALL SKOrderLib_ReadCertByID(A131221647)
[23048] 2025/12/07 23:30:23.714 OrderSendSign result: 驗章成功
[23048] 2025/12/07 23:30:26.968 GetRealBalanceReport( A131221647,91842019411)
[23048] 2025/12/07 23:30:26.972 GetOpenInterest_Format3: (A131221647,F0200026861960)
[23048] 2025/12/07 23:30:27.242 OpenInterest Query _OI result is 001,查無資料
[23048] 2025/12/07 23:30:36.360 GetRealBalanceReport( A131221647,91842019411)
[23048] 2025/12/07 23:30:36.363 GetOpenInterest_Format3: (A131221647,F0200026861960)
[19128] 2025/12/07 23:32:24.793 SKOrderLib_Initialize
[19128] 2025/12/07 23:32:24.794 CALL SKOrderLib_ReadCertByID(A131221647)
[19128] 2025/12/07 23:32:24.882 OrderSendSign result: 驗章成功
[19128] 2025/12/07 23:32:26.481 GetRealBalanceReport( A131221647,91842019411)
[19128] 2025/12/07 23:32:26.484 GetOpenInterest_Format3: (A131221647,F0200026861960)
[19128] 2025/12/07 23:32:26.797 OpenInterest Query _OI result is 001,查無資料
[19908] 2025/12/07 23:35:22.307 SKOrderLib_Initialize
[19908] 2025/12/07 23:35:22.307 CALL SKOrderLib_ReadCertByID(A131221647)
[19908] 2025/12/07 23:35:22.428 OrderSendSign result: 驗章成功
[19908] 2025/12/07 23:35:24.151 GetRealBalanceReport( A131221647,91842019411)
[19908] 2025/12/07 23:35:24.154 GetOpenInterest_Format3: (A131221647,F0200026861960)
[19908] 2025/12/07 23:35:24.438 OpenInterest Query _OI result is 001,查無資料
[20976] 2025/12/07 23:37:05.653 SKOrderLib_Initialize
[20976] 2025/12/07 23:37:05.653 CALL SKOrderLib_ReadCertByID(A131221647)
[20976] 2025/12/07 23:37:05.739 OrderSendSign result: 驗章成功
[20976] 2025/12/07 23:37:08.030 SKOrderLib_Initialize
[20976] 2025/12/07 23:37:08.031 CALL SKOrderLib_ReadCertByID(A131221647)
[20976] 2025/12/07 23:37:17.854 GetRealBalanceReport( A131221647,91842019411)
[20976] 2025/12/07 23:37:17.857 GetOpenInterest_Format3: (A131221647,F0200026861960)
[20976] 2025/12/07 23:37:18.100 OpenInterest Query _OI result is 001,查無資料
[20976] 2025/12/07 23:37:28.151 GetRealBalanceReport( A131221647,91842019411)
[20976] 2025/12/07 23:37:28.154 GetOpenInterest_Format3: (A131221647,F0200026861960)
[20976] 2025/12/07 23:37:28.254 OpenInterest Query _OI result is 001,查無資料
