-----------------------------------------------------------------
[25000] 2025/12/07 21:29:45.988 Login ID: A131221647
[25000] 2025/12/07 21:29:45.989 Version¡G2.13.55
[25000] 2025/12/07 21:29:45.989 SKCOMBit¡Gx64
[25000] 2025/12/07 21:29:46.923 Login Code: 0
[25000] 2025/12/07 21:29:47.651 Client Host Name:tony-laptop,ClientIP:172.31.192.1
[18876] 2025/12/07 21:44:50.848 Login ID: A131221647
[18876] 2025/12/07 21:44:50.848 Version¡G2.13.55
[18876] 2025/12/07 21:44:50.849 SKCOMBit¡Gx64
[18876] 2025/12/07 21:44:51.484 Login Code: 0
[18876] 2025/12/07 21:44:52.229 Client Host Name:tony-laptop,ClientIP:172.31.192.1
[7024] 2025/12/07 21:48:12.900 Login ID: A131221647
[7024] 2025/12/07 21:48:12.900 Version¡G2.13.55
[7024] 2025/12/07 21:48:12.902 SKCOMBit¡Gx64
[7024] 2025/12/07 21:48:13.590 Login Code: 0
[7024] 2025/12/07 21:48:14.315 Client Host Name:tony-laptop,ClientIP:172.31.192.1
[4608] 2025/12/07 21:51:28.191 Login ID: A131221647
[4608] 2025/12/07 21:51:28.191 Version¡G2.13.55
[4608] 2025/12/07 21:51:28.192 SKCOMBit¡Gx64
[4608] 2025/12/07 21:51:28.838 Login Code: 0
[4608] 2025/12/07 21:51:29.708 Client Host Name:tony-laptop,ClientIP:172.31.192.1
[21296] 2025/12/07 21:56:45.846 Login ID: A131221647
[21296] 2025/12/07 21:56:45.847 Version¡G2.13.55
[21296] 2025/12/07 21:56:45.847 SKCOMBit¡Gx64
[21296] 2025/12/07 21:56:46.426 Login Code: 0
[21296] 2025/12/07 21:56:47.347 Client Host Name:tony-laptop,ClientIP:172.31.192.1
[10840] 2025/12/07 21:59:02.471 Login ID: A131221647
[10840] 2025/12/07 21:59:02.472 Version¡G2.13.55
[10840] 2025/12/07 21:59:02.472 SKCOMBit¡Gx64
[10840] 2025/12/07 21:59:03.112 Login Code: 0
[10840] 2025/12/07 21:59:03.839 Client Host Name:tony-laptop,ClientIP:172.31.192.1
[21308] 2025/12/07 22:49:19.419 Login ID: A131221647
[21308] 2025/12/07 22:49:19.420 Version¡G2.13.55
[21308] 2025/12/07 22:49:19.420 SKCOMBit¡Gx64
[21308] 2025/12/07 22:49:20.108 Login Code: 0
[21308] 2025/12/07 22:49:20.950 Client Host Name:tony-laptop,ClientIP:172.31.192.1
[10592] 2025/12/07 22:51:59.979 Login ID: A131221647
[10592] 2025/12/07 22:51:59.979 Version¡G2.13.55
[10592] 2025/12/07 22:51:59.980 SKCOMBit¡Gx64
[10592] 2025/12/07 22:52:00.577 Login Code: 0
[10592] 2025/12/07 22:52:01.301 Client Host Name:tony-laptop,ClientIP:172.31.192.1
[26196] 2025/12/07 22:54:59.427 Login ID: A131221647
[26196] 2025/12/07 22:54:59.427 Version¡G2.13.55
[26196] 2025/12/07 22:54:59.427 SKCOMBit¡Gx64
[26196] 2025/12/07 22:55:00.102 Login Code: 0
[26196] 2025/12/07 22:55:00.844 Client Host Name:tony-laptop,ClientIP:172.31.192.1
[22672] 2025/12/07 23:11:43.762 Login ID: A131221647
[22672] 2025/12/07 23:11:43.762 Version¡G2.13.55
[22672] 2025/12/07 23:11:43.762 SKCOMBit¡Gx64
[22672] 2025/12/07 23:11:44.354 Login Code: 0
[22672] 2025/12/07 23:11:45.042 Client Host Name:tony-laptop,ClientIP:172.31.192.1
[19636] 2025/12/07 23:14:10.586 Login ID: A131221647
[19636] 2025/12/07 23:14:10.586 Version¡G2.13.55
[19636] 2025/12/07 23:14:10.587 SKCOMBit¡Gx64
[19636] 2025/12/07 23:14:11.207 Login Code: 0
[19636] 2025/12/07 23:14:12.385 Client Host Name:tony-laptop,ClientIP:172.31.192.1
[26156] 2025/12/07 23:15:26.083 Login ID: A131221647
[26156] 2025/12/07 23:15:26.083 Version¡G2.13.55
[26156] 2025/12/07 23:15:26.083 SKCOMBit¡Gx64
[26156] 2025/12/07 23:15:26.737 Login Code: 0
[26156] 2025/12/07 23:15:27.529 Client Host Name:tony-laptop,ClientIP:172.31.192.1
[25452] 2025/12/07 23:25:47.228 Login ID: A131221647
[25452] 2025/12/07 23:25:47.228 Version¡G2.13.55
[25452] 2025/12/07 23:25:47.229 SKCOMBit¡Gx64
[25452] 2025/12/07 23:25:47.786 Login Code: 0
[25452] 2025/12/07 23:25:48.480 Client Host Name:tony-laptop,ClientIP:172.31.192.1
[12816] 2025/12/07 23:26:44.134 Login ID: A131221647
[12816] 2025/12/07 23:26:44.135 Version¡G2.13.55
[12816] 2025/12/07 23:26:44.135 SKCOMBit¡Gx64
[12816] 2025/12/07 23:26:44.658 Login Code: 0
[12816] 2025/12/07 23:26:45.373 Client Host Name:tony-laptop,ClientIP:172.31.192.1
[23048] 2025/12/07 23:30:22.209 Login ID: A131221647
[23048] 2025/12/07 23:30:22.209 Version¡G2.13.55
[23048] 2025/12/07 23:30:22.210 SKCOMBit¡Gx64
[23048] 2025/12/07 23:30:22.861 Login Code: 0
[23048] 2025/12/07 23:30:23.583 Client Host Name:tony-laptop,ClientIP:172.31.192.1
[19128] 2025/12/07 23:32:23.455 Login ID: A131221647
[19128] 2025/12/07 23:32:23.455 Version¡G2.13.55
[19128] 2025/12/07 23:32:23.456 SKCOMBit¡Gx64
[19128] 2025/12/07 23:32:24.053 Login Code: 0
[19128] 2025/12/07 23:32:24.790 Client Host Name:tony-laptop,ClientIP:172.31.192.1
[19908] 2025/12/07 23:35:20.980 Login ID: A131221647
[19908] 2025/12/07 23:35:20.980 Version¡G2.13.55
[19908] 2025/12/07 23:35:20.981 SKCOMBit¡Gx64
[19908] 2025/12/07 23:35:21.564 Login Code: 0
[19908] 2025/12/07 23:35:22.304 Client Host Name:tony-laptop,ClientIP:172.31.192.1
[20976] 2025/12/07 23:37:04.376 Login ID: A131221647
[20976] 2025/12/07 23:37:04.376 Version¡G2.13.55
[20976] 2025/12/07 23:37:04.376 SKCOMBit¡Gx64
[20976] 2025/12/07 23:37:04.923 Login Code: 0
[20976] 2025/12/07 23:37:05.649 Client Host Name:tony-laptop,ClientIP:172.31.192.1
[14800] 2025/12/24 09:40:09.142 Login ID: A131221647
[14800] 2025/12/24 09:40:09.143 Version¡G2.13.55
[14800] 2025/12/24 09:40:09.144 SKCOMBit¡Gx64
[14800] 2025/12/24 09:40:10.225 Login Code: 0
[14800] 2025/12/24 09:40:11.317 Client Host Name:tony-laptop,ClientIP:172.31.192.1
[16256] 2025/12/24 16:46:03.538 Login ID: A131221647
[16256] 2025/12/24 16:46:03.538 Version¡G2.13.55
[16256] 2025/12/24 16:46:03.539 SKCOMBit¡Gx64
[16256] 2025/12/24 16:46:04.287 Login Code: 0
[16256] 2025/12/24 16:46:05.307 Client Host Name:tony-laptop,ClientIP:172.31.192.1
[23008] 2025/12/25 21:49:13.448 Login ID: A131221647
[23008] 2025/12/25 21:49:13.448 Version¡G2.13.55
[23008] 2025/12/25 21:49:13.448 SKCOMBit¡Gx64
[23008] 2025/12/25 21:49:14.593 Login Code: 0
[23008] 2025/12/25 21:49:15.470 Client Host Name:tony-laptop,ClientIP:172.31.192.1
[13584] 2025/12/25 21:53:47.343 Login ID: A131221647
[13584] 2025/12/25 21:53:47.343 Version¡G2.13.55
[13584] 2025/12/25 21:53:47.344 SKCOMBit¡Gx64
[13584] 2025/12/25 21:53:48.217 Login Code: 0
[13584] 2025/12/25 21:53:49.069 Client Host Name:tony-laptop,ClientIP:172.31.192.1
[31136] 2025/12/25 21:56:56.015 Login ID: A131221647
[31136] 2025/12/25 21:56:56.016 Version¡G2.13.55
[31136] 2025/12/25 21:56:56.016 SKCOMBit¡Gx64
[31136] 2025/12/25 21:56:56.858 Login Code: 0
[31136] 2025/12/25 21:56:57.791 Client Host Name:tony-laptop,ClientIP:172.31.192.1
[12244] 2025/12/25 22:02:46.844 Login ID: A131221647
[12244] 2025/12/25 22:02:46.845 Version¡G2.13.55
[12244] 2025/12/25 22:02:46.845 SKCOMBit¡Gx64
[12244] 2025/12/25 22:02:47.498 Login Code: 0
[12244] 2025/12/25 22:02:48.387 Client Host Name:tony-laptop,ClientIP:172.31.192.1
