-----------------------------------------------------------------
[4608] 2025/12/07 21:51:41.574 ERROR: Initialization is not complete, you should call Initialize() first
[4608] 2025/12/07 21:55:04.966 ERROR: Initialization is not complete, you should call Initialize() first
[21296] 2025/12/07 21:56:57.491 ERROR: ID:A131221647 Account:A131221647 is invalid
[10840] 2025/12/07 21:59:06.357 Cert CN:A131221647  ID:52b66877  SDATE:20250725162942  EDATE:20260725235959
[10840] 2025/12/07 21:59:14.429 ERROR: ID:A131221647 Account:A131221647 is invalid
[21308] 2025/12/07 22:49:22.956 Cert CN:A131221647  ID:52b66877  SDATE:20250725162942  EDATE:20260725235959
[26196] 2025/12/07 22:55:00.957 Cert CN:A131221647  ID:52b66877  SDATE:20250725162942  EDATE:20260725235959
[26196] 2025/12/07 22:55:05.269 Cert Verify already
[26196] 2025/12/07 22:55:35.761 ERROR: ID:A131221647 Account:6861960 is invalid
[22672] 2025/12/07 23:11:45.161 Cert CN:A131221647  ID:52b66877  SDATE:20250725162942  EDATE:20260725235959
[19636] 2025/12/07 23:14:12.493 Cert CN:A131221647  ID:52b66877  SDATE:20250725162942  EDATE:20260725235959
[26156] 2025/12/07 23:15:27.640 Cert CN:A131221647  ID:52b66877  SDATE:20250725162942  EDATE:20260725235959
[25452] 2025/12/07 23:25:48.620 Cert CN:A131221647  ID:52b66877  SDATE:20250725162942  EDATE:20260725235959
[12816] 2025/12/07 23:26:45.465 Cert CN:A131221647  ID:52b66877  SDATE:20250725162942  EDATE:20260725235959
[23048] 2025/12/07 23:30:23.715 Cert CN:A131221647  ID:52b66877  SDATE:20250725162942  EDATE:20260725235959
[19128] 2025/12/07 23:32:24.883 Cert CN:A131221647  ID:52b66877  SDATE:20250725162942  EDATE:20260725235959
[19908] 2025/12/07 23:35:22.429 Cert CN:A131221647  ID:52b66877  SDATE:20250725162942  EDATE:20260725235959
[20976] 2025/12/07 23:37:05.739 Cert CN:A131221647  ID:52b66877  SDATE:20250725162942  EDATE:20260725235959
[20976] 2025/12/07 23:37:08.031 Cert Verify already
