-----------------------------------------------------------------
[11100] 2025/10/06 11:17:45.605 Precheck/DistributedServer Query result is 000,分配成功
[11100] 2025/10/06 11:17:45.605 >> Host srvsolace-tpa.capital.com.tw
[11100] 2025/10/06 11:17:45.624 SKQuoteLib_EnterMonitor IP：srvsolace-tpa.capital.com.tw
[11100] 2025/10/06 11:17:45.678 OnSessionConnect，Code: 3001, Error Code:0.
[11100] 2025/10/06 11:17:45.707 SKQuoteLib_EnterMonitorLONG starting
[11100] 2025/10/06 11:17:45.708 OnConnection ( 3001 , 0 ) 
[11100] 2025/10/06 11:17:45.958 Market Info is OK!
[11100] 2025/10/06 11:17:45.000 Catalog info is OK!
[11100] 2025/10/06 11:17:48.625 Solace RequestInitializeData (TO_S_19,S_1F)
[11100] 2025/10/06 11:17:48.625 Solace RequestInitializeData (TO_S_19,S_1F)
[11100] 2025/10/06 11:17:48.626 OnConnection ( 3003 , 0 ) 
[11100] 2025/10/06 11:17:49.891 SKQuoteLib_RequestStocks (1 , CAF00, CBF00, CCF00, CDF00, CEF00, CFF00, CGF00, CHF00, CJF00, CKF00, CLF00, CMF00, CNF00, CQF00, CRF00, CSF00, CUF00, CWF00, CXF00, CYF00, CZF00, DAF00, DBF00, DCF00, DEF00, DFF00, DGF00, DHF00, DIF00, DJF00, DKF00, DLF00, DNF00, DOF00, DPF00, DQF00, DSF00, DVF00, DWF00, DXF00, DYF00, DZF00, EEF00, EGF00, EHF00, EKF00, EMF00, EPF00, EYF00, EZF00, FBF00, FCF00, FEF00, FFF00, FGF00, FKF00, FNF00, FQF00, FRF00, FSF00, FTF00, FVF00, FWF00, FYF00, FZF00, GAF00, GCF00, GHF00, GIF00, GJF00, GKF00, GLF00, GMF00, GNF00, GOF00, GRF00, GUF00, GVF00, GWF00, GXF00, GYF00, GZF00, HAF00, HBF00, HCF00, HHF00, HIF00, HLF00, HOF00, HQF00, HSF00, IAF00, IHF00, IIF00, IJF00, IMF00, IOF00, IPF00, IQF00, IRF00, ITF00, IXF00, IYF00, IZF00, JBF00, JFF00, JMF00, JNF00, JPF00, JSF00, JWF00, JXF00, JZF00, KAF00, KBF00, KCF00, KDF00, KEF00, KFF00, KGF00, KIF00, KKF00, KLF00, KOF00, KPF00, KSF00, KUF00, KWF00, LBF00, LCF00, LEF00, LIF00, LMF00, LOF00, LQF00, LRF00, LTF00, LUF00, LVF00, LWF00, LXF00, LYF00, MAF00, MBF00, MJF00, MKF00, MQF00, MVF00, MYF00, NAF00, NBF00, NDF00, NEF00, NGF00, NIF00, NJF00, NLF00, NMF00, NOF00, NQF00, NSF00, NUF00, NVF00, NWF00, NYF00, OAF00, OBF00, ODF00, OEF00, OHF00, OJF00, OKF00, OLF00, OMF00, OOF00, OPF00, OQF00, ORF00, OSF00, OTF00, OUF00, OVF00, OWF00, OXF00, OYF00, OZF00, PAF00, PBF00, PCF00, PDF00, PEF00, PFF00, PGF00, PHF00, PIF00, PJF00, PKF00, PLF00, PMF00, PNF00, PPF00, PQF00, PRF00, PSF00, PTF00, PUF00, PVF00, PWF00, PXF00, PYF00, PZF00, QAF00, QBF00, QCF00, QDF00, QEF00, QFF00, QGF00, QHF00, QIF00, QJF00, QKF00, QLF00, QMF00, QNF00, QOF00, QPF00, QQF00, QRF00, QSF00, QTF00, QUF00, QVF00, QWF00, QXF00, QYF00, QZF00, RAF00, RBF00, RCF00, RDF00, REF00, RFF00, RGF00, RIF00, RJF00, RKF00, RLF00, RMF00, RNF00, ROF00, RPF00, RQF00, RRF00, RSF00, RUF00, RVF00, RWF00, RXF00, RYF00, RZF00, SAF00, SBF00, SCF00, SDF00, SEF00, SFF00, SGF00, SIF00, SJF00, SKF00, SLF00, SMF00, SNF00, SQF00, SRF00, SSF00, SUF00, SVF00, SWF00, SYF00, SZF00, UAF00, UBF00, UCF00, UEF00, UFF00, UGF00, UHF00, UIF00, UJF00, UKF00, ULF00, UMF00, UOF00, UPF00, UQF00, URF00, USF00, UTF00, UUF00, UVF00, UWF00, 0050, 0056, 006205, 006206, 00636, 00639, 00643, 00679B, 00687B, 00719B, 00757, 00772B, 00878, 00885, 00893, 00919, 00923, 00929, 00937B, 00940, 1101, 1102, 1210, 1216, 1301, 1303, 1312, 1314, 1319, 1326, 1402, 1440, 1476, 1477, 1503, 1504, 1513, 1536, 1565, 1590, 1605, 1609, 1707, 1717, 1718, 1722, 1795, 1802, 1904, 1905, 1907, 1909, 2002, 2006, 2014, 2027, 2049, 2059, 2105, 2201, 2231, 2301, 2303, 2308, 2312, 2313, 2317, 2323, 2324, 2327, 2328, 2330, 2331, 2332, 2337, 2338, 2340, 2344, 2345, 2347, 2352, 2353, 2354, 2355, 2356, 2357, 2360, 2368, 2371, 2376, 2377, 2379, 2382, 2383, 2385, 2388, 2392, 2393, 2401, 2404, 2408, 2409, 2412, 2439, 2441, 2449, 2454, 2455, 2457, 2458, 2474, 2481, 2485, 2486, 2489, 2492, 2498, 2515, 2520, 2542, 2548, 2603, 2605, 2606, 2609, 2610, 2615, 2618, 2633, 2634, 2801, 2834, 2880, 2881, 2882, 2883, 2884, 2885, 2886, 2887, 2888, 2890, 2891, 2892, 2913, 2915, 3005, 3006, 3008, 3017, 3019, 3034, 3035, 3036, 3037, 3042, 3044, 3045, 3078, 3081, 3105, 3152, 3189, 3227, 3231, 3260, 3264, 3293, 3324, 3374, 3376, 3380, 3406, 3443, 3481, 3529, 3532, 3533, 3552, 3653, 3661, 3673, 3680, 3691, 3702, 3706, 3711, 3714, 4123, 4128, 4162, 4736, 4743, 4904, 4919, 4938, 4958, 5009, 5269, 5274, 5347, 5371, 5388, 5425, 5457, 5483, 5534, 5871, 5876, 5880, 5904, 6005, 6116, 6121, 6139, 6147, 6153, 6173, 6176, 6182, 6188, 6213, 6223, 6239, 6245, 6257, 6269, 6271, 6274, 6278, 6279, 6282, 6285, 6414, 6443, 6472, 6488, 6505, 6510, 6526, 6547, 6669, 6757, 6770, 8039, 8044, 8046, 8069, 8086, 8112, 8150, 8163, 8299, 8358, 8436, 8454, 9904, 9914, 9938, 9939, 9945, 9958, TSE, TSE23, TSE28, TWMC)
[11100] 2025/10/06 11:17:49.894 Divide StockNo {CAF00}
[11100] 2025/10/06 11:17:49.894 Add Basket MarketNo：2 StockIdx：160
[11100] 2025/10/06 11:17:49.894 Divide StockNo {CBF00}
[11100] 2025/10/06 11:17:49.894 Add Basket MarketNo：2 StockIdx：166
[11100] 2025/10/06 11:17:49.894 Divide StockNo {CCF00}
[11100] 2025/10/06 11:17:49.894 Add Basket MarketNo：2 StockIdx：5552
[11100] 2025/10/06 11:17:49.894 Divide StockNo {CDF00}
[11100] 2025/10/06 11:17:49.894 Add Basket MarketNo：2 StockIdx：5558
[11100] 2025/10/06 11:17:49.894 Divide StockNo {CEF00}
[11100] 2025/10/06 11:17:49.894 Add Basket MarketNo：2 StockIdx：184
[11100] 2025/10/06 11:17:49.894 Divide StockNo {CFF00}
[11100] 2025/10/06 11:17:49.894 Add Basket MarketNo：2 StockIdx：194
[11100] 2025/10/06 11:17:49.894 Divide StockNo {CGF00}
[11100] 2025/10/06 11:17:49.894 Add Basket MarketNo：2 StockIdx：200
[11100] 2025/10/06 11:17:49.894 Divide StockNo {CHF00}
[11100] 2025/10/06 11:17:49.894 Add Basket MarketNo：2 StockIdx：206
[11100] 2025/10/06 11:17:49.894 Divide StockNo {CJF00}
[11100] 2025/10/06 11:17:49.894 Add Basket MarketNo：2 StockIdx：212
[11100] 2025/10/06 11:17:49.894 Divide StockNo {CKF00}
[11100] 2025/10/06 11:17:49.894 Add Basket MarketNo：2 StockIdx：218
[11100] 2025/10/06 11:17:49.894 Divide StockNo {CLF00}
[11100] 2025/10/06 11:17:49.894 Add Basket MarketNo：2 StockIdx：224
[11100] 2025/10/06 11:17:49.894 Divide StockNo {CMF00}
[11100] 2025/10/06 11:17:49.894 Add Basket MarketNo：2 StockIdx：230
[11100] 2025/10/06 11:17:49.894 Divide StockNo {CNF00}
[11100] 2025/10/06 11:17:49.894 Add Basket MarketNo：2 StockIdx：236
[11100] 2025/10/06 11:17:49.894 Divide StockNo {CQF00}
[11100] 2025/10/06 11:17:49.894 Add Basket MarketNo：2 StockIdx：242
[11100] 2025/10/06 11:17:49.895 Divide StockNo {CRF00}
[11100] 2025/10/06 11:17:49.895 Add Basket MarketNo：2 StockIdx：248
[11100] 2025/10/06 11:17:49.895 Divide StockNo {CSF00}
[11100] 2025/10/06 11:17:49.895 Add Basket MarketNo：2 StockIdx：254
[11100] 2025/10/06 11:17:49.895 Divide StockNo {CUF00}
[11100] 2025/10/06 11:17:49.895 Add Basket MarketNo：2 StockIdx：261
[11100] 2025/10/06 11:17:49.895 Divide StockNo {CWF00}
[11100] 2025/10/06 11:17:49.895 Stock Is Not Exist 
[11100] 2025/10/06 11:17:49.895 Divide StockNo {CXF00}
[11100] 2025/10/06 11:17:49.895 Add Basket MarketNo：2 StockIdx：267
[11100] 2025/10/06 11:17:49.895 Divide StockNo {CYF00}
[11100] 2025/10/06 11:17:49.895 Add Basket MarketNo：2 StockIdx：273
[11100] 2025/10/06 11:17:49.895 Divide StockNo {CZF00}
[11100] 2025/10/06 11:17:49.895 Add Basket MarketNo：2 StockIdx：279
[11100] 2025/10/06 11:17:49.895 Divide StockNo {DAF00}
[11100] 2025/10/06 11:17:49.895 Add Basket MarketNo：2 StockIdx：285
[11100] 2025/10/06 11:17:49.895 Divide StockNo {DBF00}
[11100] 2025/10/06 11:17:49.895 Add Basket MarketNo：2 StockIdx：291
[11100] 2025/10/06 11:17:49.895 Divide StockNo {DCF00}
[11100] 2025/10/06 11:17:49.895 Add Basket MarketNo：2 StockIdx：297
[11100] 2025/10/06 11:17:49.895 Divide StockNo {DEF00}
[11100] 2025/10/06 11:17:49.895 Add Basket MarketNo：2 StockIdx：304
[11100] 2025/10/06 11:17:49.895 Divide StockNo {DFF00}
[11100] 2025/10/06 11:17:49.895 Add Basket MarketNo：2 StockIdx：312
[11100] 2025/10/06 11:17:49.895 Divide StockNo {DGF00}
[11100] 2025/10/06 11:17:49.895 Add Basket MarketNo：2 StockIdx：318
[11100] 2025/10/06 11:17:49.895 Divide StockNo {DHF00}
[11100] 2025/10/06 11:17:49.895 Add Basket MarketNo：2 StockIdx：324
[11100] 2025/10/06 11:17:49.895 Divide StockNo {DIF00}
[11100] 2025/10/06 11:17:49.895 Add Basket MarketNo：2 StockIdx：330
[11100] 2025/10/06 11:17:49.895 Divide StockNo {DJF00}
[11100] 2025/10/06 11:17:49.895 Add Basket MarketNo：2 StockIdx：336
[11100] 2025/10/06 11:17:49.895 Divide StockNo {DKF00}
[11100] 2025/10/06 11:17:49.895 Add Basket MarketNo：2 StockIdx：342
[11100] 2025/10/06 11:17:49.895 Divide StockNo {DLF00}
[11100] 2025/10/06 11:17:49.895 Add Basket MarketNo：2 StockIdx：348
[11100] 2025/10/06 11:17:49.895 Divide StockNo {DNF00}
[11100] 2025/10/06 11:17:49.895 Add Basket MarketNo：2 StockIdx：354
[11100] 2025/10/06 11:17:49.895 Divide StockNo {DOF00}
[11100] 2025/10/06 11:17:49.895 Add Basket MarketNo：2 StockIdx：361
[11100] 2025/10/06 11:17:49.895 Divide StockNo {DPF00}
[11100] 2025/10/06 11:17:49.895 Add Basket MarketNo：2 StockIdx：368
[11100] 2025/10/06 11:17:49.895 Divide StockNo {DQF00}
[11100] 2025/10/06 11:17:49.895 Add Basket MarketNo：2 StockIdx：374
[11100] 2025/10/06 11:17:49.895 Divide StockNo {DSF00}
[11100] 2025/10/06 11:17:49.895 Add Basket MarketNo：2 StockIdx：380
[11100] 2025/10/06 11:17:49.895 Divide StockNo {DVF00}
[11100] 2025/10/06 11:17:49.895 Add Basket MarketNo：2 StockIdx：386
[11100] 2025/10/06 11:17:49.895 Divide StockNo {DWF00}
[11100] 2025/10/06 11:17:49.895 Add Basket MarketNo：2 StockIdx：392
[11100] 2025/10/06 11:17:49.895 Divide StockNo {DXF00}
[11100] 2025/10/06 11:17:49.895 Add Basket MarketNo：2 StockIdx：398
[11100] 2025/10/06 11:17:49.895 Divide StockNo {DYF00}
[11100] 2025/10/06 11:17:49.895 Add Basket MarketNo：2 StockIdx：404
[11100] 2025/10/06 11:17:49.895 Divide StockNo {DZF00}
[11100] 2025/10/06 11:17:49.895 Add Basket MarketNo：2 StockIdx：410
[11100] 2025/10/06 11:17:49.895 Divide StockNo {EEF00}
[11100] 2025/10/06 11:17:49.895 Add Basket MarketNo：2 StockIdx：416
[11100] 2025/10/06 11:17:49.895 Divide StockNo {EGF00}
[11100] 2025/10/06 11:17:49.895 Add Basket MarketNo：2 StockIdx：422
[11100] 2025/10/06 11:17:49.895 Divide StockNo {EHF00}
[11100] 2025/10/06 11:17:49.895 Add Basket MarketNo：2 StockIdx：428
[11100] 2025/10/06 11:17:49.895 Divide StockNo {EKF00}
[11100] 2025/10/06 11:17:49.896 Add Basket MarketNo：2 StockIdx：434
[11100] 2025/10/06 11:17:49.896 Divide StockNo {EMF00}
[11100] 2025/10/06 11:17:49.896 Add Basket MarketNo：2 StockIdx：440
[11100] 2025/10/06 11:17:49.896 Divide StockNo {EPF00}
[11100] 2025/10/06 11:17:49.896 Add Basket MarketNo：2 StockIdx：446
[11100] 2025/10/06 11:17:49.896 Divide StockNo {EYF00}
[11100] 2025/10/06 11:17:49.896 Add Basket MarketNo：2 StockIdx：452
[11100] 2025/10/06 11:17:49.896 Divide StockNo {EZF00}
[11100] 2025/10/06 11:17:49.896 Add Basket MarketNo：2 StockIdx：458
[11100] 2025/10/06 11:17:49.896 Divide StockNo {FBF00}
[11100] 2025/10/06 11:17:49.896 Add Basket MarketNo：2 StockIdx：464
[11100] 2025/10/06 11:17:49.896 Divide StockNo {FCF00}
[11100] 2025/10/06 11:17:49.896 Add Basket MarketNo：2 StockIdx：470
[11100] 2025/10/06 11:17:49.896 Divide StockNo {FEF00}
[11100] 2025/10/06 11:17:49.896 Add Basket MarketNo：2 StockIdx：475
[11100] 2025/10/06 11:17:49.896 Divide StockNo {FFF00}
[11100] 2025/10/06 11:17:49.896 Add Basket MarketNo：2 StockIdx：482
[11100] 2025/10/06 11:17:49.896 Divide StockNo {FGF00}
[11100] 2025/10/06 11:17:49.896 Add Basket MarketNo：2 StockIdx：488
[11100] 2025/10/06 11:17:49.896 Divide StockNo {FKF00}
[11100] 2025/10/06 11:17:49.896 Add Basket MarketNo：2 StockIdx：494
[11100] 2025/10/06 11:17:49.896 Divide StockNo {FNF00}
[11100] 2025/10/06 11:17:49.896 Add Basket MarketNo：2 StockIdx：500
[11100] 2025/10/06 11:17:49.896 Divide StockNo {FQF00}
[11100] 2025/10/06 11:17:49.896 Add Basket MarketNo：2 StockIdx：506
[11100] 2025/10/06 11:17:49.896 Divide StockNo {FRF00}
[11100] 2025/10/06 11:17:49.896 Add Basket MarketNo：2 StockIdx：512
[11100] 2025/10/06 11:17:49.896 Divide StockNo {FSF00}
[11100] 2025/10/06 11:17:49.896 Add Basket MarketNo：2 StockIdx：518
[11100] 2025/10/06 11:17:49.896 Divide StockNo {FTF00}
[11100] 2025/10/06 11:17:49.896 Add Basket MarketNo：2 StockIdx：524
[11100] 2025/10/06 11:17:49.896 Divide StockNo {FVF00}
[11100] 2025/10/06 11:17:49.896 Add Basket MarketNo：2 StockIdx：530
[11100] 2025/10/06 11:17:49.896 Divide StockNo {FWF00}
[11100] 2025/10/06 11:17:49.896 Add Basket MarketNo：2 StockIdx：536
[11100] 2025/10/06 11:17:49.896 Divide StockNo {FYF00}
[11100] 2025/10/06 11:17:49.896 Add Basket MarketNo：2 StockIdx：542
[11100] 2025/10/06 11:17:49.896 Divide StockNo {FZF00}
[11100] 2025/10/06 11:17:49.896 Add Basket MarketNo：2 StockIdx：548
[11100] 2025/10/06 11:17:49.896 Divide StockNo {GAF00}
[11100] 2025/10/06 11:17:49.896 Add Basket MarketNo：2 StockIdx：554
[11100] 2025/10/06 11:17:49.896 Divide StockNo {GCF00}
[11100] 2025/10/06 11:17:49.896 Add Basket MarketNo：2 StockIdx：560
[11100] 2025/10/06 11:17:49.896 Divide StockNo {GHF00}
[11100] 2025/10/06 11:17:49.896 Add Basket MarketNo：2 StockIdx：566
[11100] 2025/10/06 11:17:49.896 Divide StockNo {GIF00}
[11100] 2025/10/06 11:17:49.896 Add Basket MarketNo：2 StockIdx：572
[11100] 2025/10/06 11:17:49.896 Divide StockNo {GJF00}
[11100] 2025/10/06 11:17:49.896 Add Basket MarketNo：2 StockIdx：578
[11100] 2025/10/06 11:17:49.896 Divide StockNo {GKF00}
[11100] 2025/10/06 11:17:49.896 Add Basket MarketNo：2 StockIdx：584
[11100] 2025/10/06 11:17:49.896 Divide StockNo {GLF00}
[11100] 2025/10/06 11:17:49.896 Add Basket MarketNo：2 StockIdx：590
[11100] 2025/10/06 11:17:49.896 Divide StockNo {GMF00}
[11100] 2025/10/06 11:17:49.896 Add Basket MarketNo：2 StockIdx：596
[11100] 2025/10/06 11:17:49.896 Divide StockNo {GNF00}
[11100] 2025/10/06 11:17:49.896 Add Basket MarketNo：2 StockIdx：602
[11100] 2025/10/06 11:17:49.896 Divide StockNo {GOF00}
[11100] 2025/10/06 11:17:49.896 Add Basket MarketNo：2 StockIdx：608
[11100] 2025/10/06 11:17:49.896 Divide StockNo {GRF00}
[11100] 2025/10/06 11:17:49.896 Add Basket MarketNo：2 StockIdx：614
[11100] 2025/10/06 11:17:49.896 Divide StockNo {GUF00}
[11100] 2025/10/06 11:17:49.896 Add Basket MarketNo：2 StockIdx：620
[11100] 2025/10/06 11:17:49.896 Divide StockNo {GVF00}
[11100] 2025/10/06 11:17:49.896 Add Basket MarketNo：2 StockIdx：626
[11100] 2025/10/06 11:17:49.896 Divide StockNo {GWF00}
[11100] 2025/10/06 11:17:49.896 Add Basket MarketNo：2 StockIdx：632
[11100] 2025/10/06 11:17:49.896 Divide StockNo {GXF00}
[11100] 2025/10/06 11:17:49.896 Add Basket MarketNo：2 StockIdx：638
[11100] 2025/10/06 11:17:49.896 Divide StockNo {GYF00}
[11100] 2025/10/06 11:17:49.897 Add Basket MarketNo：2 StockIdx：644
[11100] 2025/10/06 11:17:49.897 Divide StockNo {GZF00}
[11100] 2025/10/06 11:17:49.897 Add Basket MarketNo：2 StockIdx：650
[11100] 2025/10/06 11:17:49.897 Divide StockNo {HAF00}
[11100] 2025/10/06 11:17:49.897 Stock Is Not Exist 
[11100] 2025/10/06 11:17:49.897 Divide StockNo {HBF00}
[11100] 2025/10/06 11:17:49.897 Add Basket MarketNo：2 StockIdx：656
[11100] 2025/10/06 11:17:49.897 Divide StockNo {HCF00}
[11100] 2025/10/06 11:17:49.897 Add Basket MarketNo：2 StockIdx：662
[11100] 2025/10/06 11:17:49.897 Divide StockNo {HHF00}
[11100] 2025/10/06 11:17:49.897 Add Basket MarketNo：2 StockIdx：668
[11100] 2025/10/06 11:17:49.897 Divide StockNo {HIF00}
[11100] 2025/10/06 11:17:49.897 Add Basket MarketNo：2 StockIdx：674
[11100] 2025/10/06 11:17:49.897 Divide StockNo {HLF00}
[11100] 2025/10/06 11:17:49.897 Add Basket MarketNo：2 StockIdx：680
[11100] 2025/10/06 11:17:49.897 Divide StockNo {HOF00}
[11100] 2025/10/06 11:17:49.897 Add Basket MarketNo：2 StockIdx：692
[11100] 2025/10/06 11:17:49.897 Divide StockNo {HQF00}
[11100] 2025/10/06 11:17:49.897 Add Basket MarketNo：2 StockIdx：699
[11100] 2025/10/06 11:17:49.897 Divide StockNo {HSF00}
[11100] 2025/10/06 11:17:49.897 Add Basket MarketNo：2 StockIdx：705
[11100] 2025/10/06 11:17:49.897 Divide StockNo {IAF00}
[11100] 2025/10/06 11:17:49.897 Add Basket MarketNo：2 StockIdx：711
[11100] 2025/10/06 11:17:49.897 Divide StockNo {IHF00}
[11100] 2025/10/06 11:17:49.897 Add Basket MarketNo：2 StockIdx：719
[11100] 2025/10/06 11:17:49.897 Divide StockNo {IIF00}
[11100] 2025/10/06 11:17:49.897 Add Basket MarketNo：2 StockIdx：725
[11100] 2025/10/06 11:17:49.897 Divide StockNo {IJF00}
[11100] 2025/10/06 11:17:49.897 Add Basket MarketNo：2 StockIdx：731
[11100] 2025/10/06 11:17:49.897 Divide StockNo {IMF00}
[11100] 2025/10/06 11:17:49.897 Add Basket MarketNo：2 StockIdx：737
[11100] 2025/10/06 11:17:49.897 Divide StockNo {IOF00}
[11100] 2025/10/06 11:17:49.897 Add Basket MarketNo：2 StockIdx：743
[11100] 2025/10/06 11:17:49.897 Divide StockNo {IPF00}
[11100] 2025/10/06 11:17:49.897 Add Basket MarketNo：2 StockIdx：749
[11100] 2025/10/06 11:17:49.897 Divide StockNo {IQF00}
[11100] 2025/10/06 11:17:49.897 Add Basket MarketNo：2 StockIdx：755
[11100] 2025/10/06 11:17:49.897 Divide StockNo {IRF00}
[11100] 2025/10/06 11:17:49.897 Add Basket MarketNo：2 StockIdx：761
[11100] 2025/10/06 11:17:49.897 Divide StockNo {ITF00}
[11100] 2025/10/06 11:17:49.897 Add Basket MarketNo：2 StockIdx：767
[11100] 2025/10/06 11:17:49.897 Divide StockNo {IXF00}
[11100] 2025/10/06 11:17:49.897 Add Basket MarketNo：2 StockIdx：773
[11100] 2025/10/06 11:17:49.897 Divide StockNo {IYF00}
[11100] 2025/10/06 11:17:49.897 Add Basket MarketNo：2 StockIdx：779
[11100] 2025/10/06 11:17:49.897 Divide StockNo {IZF00}
[11100] 2025/10/06 11:17:49.897 Add Basket MarketNo：2 StockIdx：785
[11100] 2025/10/06 11:17:49.897 Divide StockNo {JBF00}
[11100] 2025/10/06 11:17:49.897 Add Basket MarketNo：2 StockIdx：791
[11100] 2025/10/06 11:17:49.897 Divide StockNo {JFF00}
[11100] 2025/10/06 11:17:49.897 Add Basket MarketNo：2 StockIdx：797
[11100] 2025/10/06 11:17:49.897 Divide StockNo {JMF00}
[11100] 2025/10/06 11:17:49.897 Add Basket MarketNo：2 StockIdx：803
[11100] 2025/10/06 11:17:49.897 Divide StockNo {JNF00}
[11100] 2025/10/06 11:17:49.897 Add Basket MarketNo：2 StockIdx：809
[11100] 2025/10/06 11:17:49.897 Divide StockNo {JPF00}
[11100] 2025/10/06 11:17:49.897 Add Basket MarketNo：2 StockIdx：815
[11100] 2025/10/06 11:17:49.897 Divide StockNo {JSF00}
[11100] 2025/10/06 11:17:49.897 Add Basket MarketNo：2 StockIdx：821
[11100] 2025/10/06 11:17:49.897 Divide StockNo {JWF00}
[11100] 2025/10/06 11:17:49.897 Add Basket MarketNo：2 StockIdx：827
[11100] 2025/10/06 11:17:49.897 Divide StockNo {JXF00}
[11100] 2025/10/06 11:17:49.897 Add Basket MarketNo：2 StockIdx：833
[11100] 2025/10/06 11:17:49.897 Divide StockNo {JZF00}
[11100] 2025/10/06 11:17:49.897 Add Basket MarketNo：2 StockIdx：839
[11100] 2025/10/06 11:17:49.897 Divide StockNo {KAF00}
[11100] 2025/10/06 11:17:49.897 Add Basket MarketNo：2 StockIdx：845
[11100] 2025/10/06 11:17:49.897 Divide StockNo {KBF00}
[11100] 2025/10/06 11:17:49.897 Add Basket MarketNo：2 StockIdx：851
[11100] 2025/10/06 11:17:49.898 Divide StockNo {KCF00}
[11100] 2025/10/06 11:17:49.898 Add Basket MarketNo：2 StockIdx：857
[11100] 2025/10/06 11:17:49.898 Divide StockNo {KDF00}
[11100] 2025/10/06 11:17:49.898 Add Basket MarketNo：2 StockIdx：863
[11100] 2025/10/06 11:17:49.898 Divide StockNo {KEF00}
[11100] 2025/10/06 11:17:49.898 Add Basket MarketNo：2 StockIdx：869
[11100] 2025/10/06 11:17:49.898 Divide StockNo {KFF00}
[11100] 2025/10/06 11:17:49.898 Add Basket MarketNo：2 StockIdx：875
[11100] 2025/10/06 11:17:49.898 Divide StockNo {KGF00}
[11100] 2025/10/06 11:17:49.898 Add Basket MarketNo：2 StockIdx：881
[11100] 2025/10/06 11:17:49.898 Divide StockNo {KIF00}
[11100] 2025/10/06 11:17:49.898 Add Basket MarketNo：2 StockIdx：887
[11100] 2025/10/06 11:17:49.898 Divide StockNo {KKF00}
[11100] 2025/10/06 11:17:49.898 Add Basket MarketNo：2 StockIdx：893
[11100] 2025/10/06 11:17:49.898 Divide StockNo {KLF00}
[11100] 2025/10/06 11:17:49.898 Add Basket MarketNo：2 StockIdx：899
[11100] 2025/10/06 11:17:49.898 Divide StockNo {KOF00}
[11100] 2025/10/06 11:17:49.898 Add Basket MarketNo：2 StockIdx：905
[11100] 2025/10/06 11:17:49.898 Divide StockNo {KPF00}
[11100] 2025/10/06 11:17:49.898 Add Basket MarketNo：2 StockIdx：911
[11100] 2025/10/06 11:17:49.898 Divide StockNo {KSF00}
[11100] 2025/10/06 11:17:49.898 Add Basket MarketNo：2 StockIdx：917
[11100] 2025/10/06 11:17:49.898 Divide StockNo {KUF00}
[11100] 2025/10/06 11:17:49.898 Add Basket MarketNo：2 StockIdx：923
[11100] 2025/10/06 11:17:49.898 Divide StockNo {KWF00}
[11100] 2025/10/06 11:17:49.898 Add Basket MarketNo：2 StockIdx：929
[11100] 2025/10/06 11:17:49.898 Divide StockNo {LBF00}
[11100] 2025/10/06 11:17:49.898 Add Basket MarketNo：2 StockIdx：935
[11100] 2025/10/06 11:17:49.898 Divide StockNo {LCF00}
[11100] 2025/10/06 11:17:49.898 Add Basket MarketNo：2 StockIdx：941
[11100] 2025/10/06 11:17:49.898 Divide StockNo {LEF00}
[11100] 2025/10/06 11:17:49.898 Add Basket MarketNo：2 StockIdx：947
[11100] 2025/10/06 11:17:49.898 Divide StockNo {LIF00}
[11100] 2025/10/06 11:17:49.898 Add Basket MarketNo：2 StockIdx：953
[11100] 2025/10/06 11:17:49.898 Divide StockNo {LMF00}
[11100] 2025/10/06 11:17:49.898 Add Basket MarketNo：2 StockIdx：959
[11100] 2025/10/06 11:17:49.898 Divide StockNo {LOF00}
[11100] 2025/10/06 11:17:49.898 Add Basket MarketNo：2 StockIdx：965
[11100] 2025/10/06 11:17:49.898 Divide StockNo {LQF00}
[11100] 2025/10/06 11:17:49.898 Add Basket MarketNo：2 StockIdx：971
[11100] 2025/10/06 11:17:49.898 Divide StockNo {LRF00}
[11100] 2025/10/06 11:17:49.898 Add Basket MarketNo：2 StockIdx：977
[11100] 2025/10/06 11:17:49.898 Divide StockNo {LTF00}
[11100] 2025/10/06 11:17:49.898 Add Basket MarketNo：2 StockIdx：987
[11100] 2025/10/06 11:17:49.898 Divide StockNo {LUF00}
[11100] 2025/10/06 11:17:49.898 Add Basket MarketNo：2 StockIdx：993
[11100] 2025/10/06 11:17:49.898 Divide StockNo {LVF00}
[11100] 2025/10/06 11:17:49.898 Add Basket MarketNo：2 StockIdx：999
[11100] 2025/10/06 11:17:49.898 Divide StockNo {LWF00}
[11100] 2025/10/06 11:17:49.898 Add Basket MarketNo：2 StockIdx：1007
[11100] 2025/10/06 11:17:49.898 Divide StockNo {LXF00}
[11100] 2025/10/06 11:17:49.898 Add Basket MarketNo：2 StockIdx：1013
[11100] 2025/10/06 11:17:49.898 Divide StockNo {LYF00}
[11100] 2025/10/06 11:17:49.898 Add Basket MarketNo：2 StockIdx：1020
[11100] 2025/10/06 11:17:49.898 Divide StockNo {MAF00}
[11100] 2025/10/06 11:17:49.898 Add Basket MarketNo：2 StockIdx：1026
[11100] 2025/10/06 11:17:49.898 Divide StockNo {MBF00}
[11100] 2025/10/06 11:17:49.898 Add Basket MarketNo：2 StockIdx：1029
[11100] 2025/10/06 11:17:49.898 Divide StockNo {MJF00}
[11100] 2025/10/06 11:17:49.898 Add Basket MarketNo：2 StockIdx：1035
[11100] 2025/10/06 11:17:49.898 Divide StockNo {MKF00}
[11100] 2025/10/06 11:17:49.898 Add Basket MarketNo：2 StockIdx：1041
[11100] 2025/10/06 11:17:49.898 Divide StockNo {MQF00}
[11100] 2025/10/06 11:17:49.898 Add Basket MarketNo：2 StockIdx：1047
[11100] 2025/10/06 11:17:49.898 Divide StockNo {MVF00}
[11100] 2025/10/06 11:17:49.898 Add Basket MarketNo：2 StockIdx：1053
[11100] 2025/10/06 11:17:49.898 Divide StockNo {MYF00}
[11100] 2025/10/06 11:17:49.898 Add Basket MarketNo：2 StockIdx：1059
[11100] 2025/10/06 11:17:49.898 Divide StockNo {NAF00}
[11100] 2025/10/06 11:17:49.898 Add Basket MarketNo：2 StockIdx：1065
[11100] 2025/10/06 11:17:49.898 Divide StockNo {NBF00}
[11100] 2025/10/06 11:17:49.898 Add Basket MarketNo：2 StockIdx：1071
[11100] 2025/10/06 11:17:49.898 Divide StockNo {NDF00}
[11100] 2025/10/06 11:17:49.899 Add Basket MarketNo：2 StockIdx：1077
[11100] 2025/10/06 11:17:49.899 Divide StockNo {NEF00}
[11100] 2025/10/06 11:17:49.899 Add Basket MarketNo：2 StockIdx：1083
[11100] 2025/10/06 11:17:49.899 Divide StockNo {NGF00}
[11100] 2025/10/06 11:17:49.899 Add Basket MarketNo：2 StockIdx：1089
[11100] 2025/10/06 11:17:49.899 Divide StockNo {NIF00}
[11100] 2025/10/06 11:17:49.899 Add Basket MarketNo：2 StockIdx：1095
[11100] 2025/10/06 11:17:49.899 Divide StockNo {NJF00}
[11100] 2025/10/06 11:17:49.899 Add Basket MarketNo：2 StockIdx：1104
[11100] 2025/10/06 11:17:49.899 Divide StockNo {NLF00}
[11100] 2025/10/06 11:17:49.899 Add Basket MarketNo：2 StockIdx：1110
[11100] 2025/10/06 11:17:49.899 Divide StockNo {NMF00}
[11100] 2025/10/06 11:17:49.899 Add Basket MarketNo：2 StockIdx：1116
[11100] 2025/10/06 11:17:49.899 Divide StockNo {NOF00}
[11100] 2025/10/06 11:17:49.899 Add Basket MarketNo：2 StockIdx：1122
[11100] 2025/10/06 11:17:49.899 Divide StockNo {NQF00}
[11100] 2025/10/06 11:17:49.899 Add Basket MarketNo：2 StockIdx：1128
[11100] 2025/10/06 11:17:49.899 Divide StockNo {NSF00}
[11100] 2025/10/06 11:17:49.899 Add Basket MarketNo：2 StockIdx：1134
[11100] 2025/10/06 11:17:49.899 Divide StockNo {NUF00}
[11100] 2025/10/06 11:17:49.899 Add Basket MarketNo：2 StockIdx：1140
[11100] 2025/10/06 11:17:49.899 Divide StockNo {NVF00}
[11100] 2025/10/06 11:17:49.899 Add Basket MarketNo：2 StockIdx：1146
[11100] 2025/10/06 11:17:49.899 Divide StockNo {NWF00}
[11100] 2025/10/06 11:17:49.899 Add Basket MarketNo：2 StockIdx：1152
[11100] 2025/10/06 11:17:49.899 Divide StockNo {NYF00}
[11100] 2025/10/06 11:17:49.899 Add Basket MarketNo：2 StockIdx：5564
[11100] 2025/10/06 11:17:49.899 Divide StockNo {OAF00}
[11100] 2025/10/06 11:17:49.899 Add Basket MarketNo：2 StockIdx：1164
[11100] 2025/10/06 11:17:49.899 Divide StockNo {OBF00}
[11100] 2025/10/06 11:17:49.899 Add Basket MarketNo：2 StockIdx：1170
[11100] 2025/10/06 11:17:49.899 Divide StockNo {ODF00}
[11100] 2025/10/06 11:17:49.899 Add Basket MarketNo：2 StockIdx：1176
[11100] 2025/10/06 11:17:49.899 Divide StockNo {OEF00}
[11100] 2025/10/06 11:17:49.899 Add Basket MarketNo：2 StockIdx：1182
[11100] 2025/10/06 11:17:49.899 Divide StockNo {OHF00}
[11100] 2025/10/06 11:17:49.899 Add Basket MarketNo：2 StockIdx：1188
[11100] 2025/10/06 11:17:49.899 Divide StockNo {OJF00}
[11100] 2025/10/06 11:17:49.899 Add Basket MarketNo：2 StockIdx：1196
[11100] 2025/10/06 11:17:49.899 Divide StockNo {OKF00}
[11100] 2025/10/06 11:17:49.899 Add Basket MarketNo：2 StockIdx：1202
[11100] 2025/10/06 11:17:49.899 Divide StockNo {OLF00}
[11100] 2025/10/06 11:17:49.899 Add Basket MarketNo：2 StockIdx：1208
[11100] 2025/10/06 11:17:49.899 Divide StockNo {OMF00}
[11100] 2025/10/06 11:17:49.899 Add Basket MarketNo：2 StockIdx：1214
[11100] 2025/10/06 11:17:49.899 Divide StockNo {OOF00}
[11100] 2025/10/06 11:17:49.899 Add Basket MarketNo：2 StockIdx：1220
[11100] 2025/10/06 11:17:49.899 Divide StockNo {OPF00}
[11100] 2025/10/06 11:17:49.899 Add Basket MarketNo：2 StockIdx：1226
[11100] 2025/10/06 11:17:49.899 Divide StockNo {OQF00}
[11100] 2025/10/06 11:17:49.899 Add Basket MarketNo：2 StockIdx：1232
[11100] 2025/10/06 11:17:49.899 Divide StockNo {ORF00}
[11100] 2025/10/06 11:17:49.899 Add Basket MarketNo：2 StockIdx：1238
[11100] 2025/10/06 11:17:49.899 Divide StockNo {OSF00}
[11100] 2025/10/06 11:17:49.899 Add Basket MarketNo：2 StockIdx：1244
[11100] 2025/10/06 11:17:49.899 Divide StockNo {OTF00}
[11100] 2025/10/06 11:17:49.899 Add Basket MarketNo：2 StockIdx：1250
[11100] 2025/10/06 11:17:49.899 Divide StockNo {OUF00}
[11100] 2025/10/06 11:17:49.899 Add Basket MarketNo：2 StockIdx：1256
[11100] 2025/10/06 11:17:49.899 Divide StockNo {OVF00}
[11100] 2025/10/06 11:17:49.899 Add Basket MarketNo：2 StockIdx：1262
[11100] 2025/10/06 11:17:49.899 Divide StockNo {OWF00}
[11100] 2025/10/06 11:17:49.899 Add Basket MarketNo：2 StockIdx：1268
[11100] 2025/10/06 11:17:49.899 Divide StockNo {OXF00}
[11100] 2025/10/06 11:17:49.899 Add Basket MarketNo：2 StockIdx：1274
[11100] 2025/10/06 11:17:49.899 Divide StockNo {OYF00}
[11100] 2025/10/06 11:17:49.899 Add Basket MarketNo：2 StockIdx：1280
[11100] 2025/10/06 11:17:49.899 Divide StockNo {OZF00}
[11100] 2025/10/06 11:17:49.899 Add Basket MarketNo：2 StockIdx：1286
[11100] 2025/10/06 11:17:49.899 Divide StockNo {PAF00}
[11100] 2025/10/06 11:17:49.899 Add Basket MarketNo：2 StockIdx：1292
[11100] 2025/10/06 11:17:49.899 Divide StockNo {PBF00}
[11100] 2025/10/06 11:17:49.899 Add Basket MarketNo：2 StockIdx：1298
[11100] 2025/10/06 11:17:49.900 Divide StockNo {PCF00}
[11100] 2025/10/06 11:17:49.900 Add Basket MarketNo：2 StockIdx：1304
[11100] 2025/10/06 11:17:49.900 Divide StockNo {PDF00}
[11100] 2025/10/06 11:17:49.900 Add Basket MarketNo：2 StockIdx：1310
[11100] 2025/10/06 11:17:49.900 Divide StockNo {PEF00}
[11100] 2025/10/06 11:17:49.900 Add Basket MarketNo：2 StockIdx：1316
[11100] 2025/10/06 11:17:49.900 Divide StockNo {PFF00}
[11100] 2025/10/06 11:17:49.900 Add Basket MarketNo：2 StockIdx：1322
[11100] 2025/10/06 11:17:49.900 Divide StockNo {PGF00}
[11100] 2025/10/06 11:17:49.900 Add Basket MarketNo：2 StockIdx：1328
[11100] 2025/10/06 11:17:49.900 Divide StockNo {PHF00}
[11100] 2025/10/06 11:17:49.900 Add Basket MarketNo：2 StockIdx：1334
[11100] 2025/10/06 11:17:49.900 Divide StockNo {PIF00}
[11100] 2025/10/06 11:17:49.900 Add Basket MarketNo：2 StockIdx：1340
[11100] 2025/10/06 11:17:49.900 Divide StockNo {PJF00}
[11100] 2025/10/06 11:17:49.900 Add Basket MarketNo：2 StockIdx：1346
[11100] 2025/10/06 11:17:49.900 Divide StockNo {PKF00}
[11100] 2025/10/06 11:17:49.900 Add Basket MarketNo：2 StockIdx：1352
[11100] 2025/10/06 11:17:49.900 Divide StockNo {PLF00}
[11100] 2025/10/06 11:17:49.900 Add Basket MarketNo：2 StockIdx：1358
[11100] 2025/10/06 11:17:49.900 Divide StockNo {PMF00}
[11100] 2025/10/06 11:17:49.900 Add Basket MarketNo：2 StockIdx：1364
[11100] 2025/10/06 11:17:49.900 Divide StockNo {PNF00}
[11100] 2025/10/06 11:17:49.900 Add Basket MarketNo：2 StockIdx：1370
[11100] 2025/10/06 11:17:49.900 Divide StockNo {PPF00}
[11100] 2025/10/06 11:17:49.900 Add Basket MarketNo：2 StockIdx：1376
[11100] 2025/10/06 11:17:49.900 Divide StockNo {PQF00}
[11100] 2025/10/06 11:17:49.900 Add Basket MarketNo：2 StockIdx：1382
[11100] 2025/10/06 11:17:49.900 Divide StockNo {PRF00}
[11100] 2025/10/06 11:17:49.900 Add Basket MarketNo：2 StockIdx：1388
[11100] 2025/10/06 11:17:49.900 Divide StockNo {PSF00}
[11100] 2025/10/06 11:17:49.900 Add Basket MarketNo：2 StockIdx：1394
[11100] 2025/10/06 11:17:49.900 Divide StockNo {PTF00}
[11100] 2025/10/06 11:17:49.900 Add Basket MarketNo：2 StockIdx：1403
[11100] 2025/10/06 11:17:49.900 Divide StockNo {PUF00}
[11100] 2025/10/06 11:17:49.900 Add Basket MarketNo：2 StockIdx：1409
[11100] 2025/10/06 11:17:49.900 Divide StockNo {PVF00}
[11100] 2025/10/06 11:17:49.900 Add Basket MarketNo：2 StockIdx：1415
[11100] 2025/10/06 11:17:49.900 Divide StockNo {PWF00}
[11100] 2025/10/06 11:17:49.900 Add Basket MarketNo：2 StockIdx：1421
[11100] 2025/10/06 11:17:49.900 Divide StockNo {PXF00}
[11100] 2025/10/06 11:17:49.900 Add Basket MarketNo：2 StockIdx：1427
[11100] 2025/10/06 11:17:49.900 Divide StockNo {PYF00}
[11100] 2025/10/06 11:17:49.900 Add Basket MarketNo：2 StockIdx：1433
[11100] 2025/10/06 11:17:49.900 Divide StockNo {PZF00}
[11100] 2025/10/06 11:17:49.900 Add Basket MarketNo：2 StockIdx：1439
[11100] 2025/10/06 11:17:49.900 Divide StockNo {QAF00}
[11100] 2025/10/06 11:17:49.900 Add Basket MarketNo：2 StockIdx：1445
[11100] 2025/10/06 11:17:49.900 Divide StockNo {QBF00}
[11100] 2025/10/06 11:17:49.900 Add Basket MarketNo：2 StockIdx：1451
[11100] 2025/10/06 11:17:49.900 Divide StockNo {QCF00}
[11100] 2025/10/06 11:17:49.900 Add Basket MarketNo：2 StockIdx：1457
[11100] 2025/10/06 11:17:49.900 Divide StockNo {QDF00}
[11100] 2025/10/06 11:17:49.900 Add Basket MarketNo：2 StockIdx：1463
[11100] 2025/10/06 11:17:49.900 Divide StockNo {QEF00}
[11100] 2025/10/06 11:17:49.900 Add Basket MarketNo：2 StockIdx：1469
[11100] 2025/10/06 11:17:49.900 Divide StockNo {QFF00}
[11100] 2025/10/06 11:17:49.900 Add Basket MarketNo：2 StockIdx：5570
[11100] 2025/10/06 11:17:49.900 Divide StockNo {QGF00}
[11100] 2025/10/06 11:17:49.900 Add Basket MarketNo：2 StockIdx：1482
[11100] 2025/10/06 11:17:49.900 Divide StockNo {QHF00}
[11100] 2025/10/06 11:17:49.900 Add Basket MarketNo：2 StockIdx：1488
[11100] 2025/10/06 11:17:49.900 Divide StockNo {QIF00}
[11100] 2025/10/06 11:17:49.900 Add Basket MarketNo：2 StockIdx：1494
[11100] 2025/10/06 11:17:49.900 Divide StockNo {QJF00}
[11100] 2025/10/06 11:17:49.900 Add Basket MarketNo：2 StockIdx：1498
[11100] 2025/10/06 11:17:49.900 Divide StockNo {QKF00}
[11100] 2025/10/06 11:17:49.900 Add Basket MarketNo：2 StockIdx：1504
[11100] 2025/10/06 11:17:49.900 Divide StockNo {QLF00}
[11100] 2025/10/06 11:17:49.900 Add Basket MarketNo：2 StockIdx：1510
[11100] 2025/10/06 11:17:49.900 Divide StockNo {QMF00}
[11100] 2025/10/06 11:17:49.901 Add Basket MarketNo：2 StockIdx：1516
[11100] 2025/10/06 11:17:49.901 Divide StockNo {QNF00}
[11100] 2025/10/06 11:17:49.901 Add Basket MarketNo：2 StockIdx：1522
[11100] 2025/10/06 11:17:49.901 Divide StockNo {QOF00}
[11100] 2025/10/06 11:17:49.901 Add Basket MarketNo：2 StockIdx：1528
[11100] 2025/10/06 11:17:49.901 Divide StockNo {QPF00}
[11100] 2025/10/06 11:17:49.901 Add Basket MarketNo：2 StockIdx：1534
[11100] 2025/10/06 11:17:49.901 Divide StockNo {QQF00}
[11100] 2025/10/06 11:17:49.901 Add Basket MarketNo：2 StockIdx：1540
[11100] 2025/10/06 11:17:49.901 Divide StockNo {QRF00}
[11100] 2025/10/06 11:17:49.901 Add Basket MarketNo：2 StockIdx：1546
[11100] 2025/10/06 11:17:49.901 Divide StockNo {QSF00}
[11100] 2025/10/06 11:17:49.901 Add Basket MarketNo：2 StockIdx：1552
[11100] 2025/10/06 11:17:49.901 Divide StockNo {QTF00}
[11100] 2025/10/06 11:17:49.901 Add Basket MarketNo：2 StockIdx：1558
[11100] 2025/10/06 11:17:49.901 Divide StockNo {QUF00}
[11100] 2025/10/06 11:17:49.901 Add Basket MarketNo：2 StockIdx：1564
[11100] 2025/10/06 11:17:49.901 Divide StockNo {QVF00}
[11100] 2025/10/06 11:17:49.901 Add Basket MarketNo：2 StockIdx：1570
[11100] 2025/10/06 11:17:49.901 Divide StockNo {QWF00}
[11100] 2025/10/06 11:17:49.901 Add Basket MarketNo：2 StockIdx：1576
[11100] 2025/10/06 11:17:49.901 Divide StockNo {QXF00}
[11100] 2025/10/06 11:17:49.901 Add Basket MarketNo：2 StockIdx：1582
[11100] 2025/10/06 11:17:49.901 Divide StockNo {QYF00}
[11100] 2025/10/06 11:17:49.901 Add Basket MarketNo：2 StockIdx：1588
[11100] 2025/10/06 11:17:49.901 Divide StockNo {QZF00}
[11100] 2025/10/06 11:17:49.901 Add Basket MarketNo：2 StockIdx：1594
[11100] 2025/10/06 11:17:49.901 Divide StockNo {RAF00}
[11100] 2025/10/06 11:17:49.901 Add Basket MarketNo：2 StockIdx：1600
[11100] 2025/10/06 11:17:49.901 Divide StockNo {RBF00}
[11100] 2025/10/06 11:17:49.901 Add Basket MarketNo：2 StockIdx：1606
[11100] 2025/10/06 11:17:49.901 Divide StockNo {RCF00}
[11100] 2025/10/06 11:17:49.901 Add Basket MarketNo：2 StockIdx：1612
[11100] 2025/10/06 11:17:49.901 Divide StockNo {RDF00}
[11100] 2025/10/06 11:17:49.901 Add Basket MarketNo：2 StockIdx：1618
[11100] 2025/10/06 11:17:49.901 Divide StockNo {REF00}
[11100] 2025/10/06 11:17:49.901 Add Basket MarketNo：2 StockIdx：1624
[11100] 2025/10/06 11:17:49.901 Divide StockNo {RFF00}
[11100] 2025/10/06 11:17:49.901 Add Basket MarketNo：2 StockIdx：1630
[11100] 2025/10/06 11:17:49.901 Divide StockNo {RGF00}
[11100] 2025/10/06 11:17:49.901 Add Basket MarketNo：2 StockIdx：1636
[11100] 2025/10/06 11:17:49.901 Divide StockNo {RIF00}
[11100] 2025/10/06 11:17:49.901 Add Basket MarketNo：2 StockIdx：1642
[11100] 2025/10/06 11:17:49.901 Divide StockNo {RJF00}
[11100] 2025/10/06 11:17:49.901 Add Basket MarketNo：2 StockIdx：1648
[11100] 2025/10/06 11:17:49.901 Divide StockNo {RKF00}
[11100] 2025/10/06 11:17:49.901 Add Basket MarketNo：2 StockIdx：1654
[11100] 2025/10/06 11:17:49.901 Divide StockNo {RLF00}
[11100] 2025/10/06 11:17:49.901 Add Basket MarketNo：2 StockIdx：1660
[11100] 2025/10/06 11:17:49.901 Divide StockNo {RMF00}
[11100] 2025/10/06 11:17:49.901 Stock Is Not Exist 
[11100] 2025/10/06 11:17:49.901 Divide StockNo {RNF00}
[11100] 2025/10/06 11:17:49.901 Add Basket MarketNo：2 StockIdx：1666
[11100] 2025/10/06 11:17:49.901 Divide StockNo {ROF00}
[11100] 2025/10/06 11:17:49.901 Add Basket MarketNo：2 StockIdx：1672
[11100] 2025/10/06 11:17:49.901 Divide StockNo {RPF00}
[11100] 2025/10/06 11:17:49.901 Add Basket MarketNo：2 StockIdx：1678
[11100] 2025/10/06 11:17:49.901 Divide StockNo {RQF00}
[11100] 2025/10/06 11:17:49.901 Stock Is Not Exist 
[11100] 2025/10/06 11:17:49.901 Divide StockNo {RRF00}
[11100] 2025/10/06 11:17:49.901 Add Basket MarketNo：2 StockIdx：1685
[11100] 2025/10/06 11:17:49.901 Divide StockNo {RSF00}
[11100] 2025/10/06 11:17:49.901 Add Basket MarketNo：2 StockIdx：1691
[11100] 2025/10/06 11:17:49.901 Divide StockNo {RUF00}
[11100] 2025/10/06 11:17:49.901 Add Basket MarketNo：2 StockIdx：1697
[11100] 2025/10/06 11:17:49.901 Divide StockNo {RVF00}
[11100] 2025/10/06 11:17:49.901 Add Basket MarketNo：2 StockIdx：1703
[11100] 2025/10/06 11:17:49.901 Divide StockNo {RWF00}
[11100] 2025/10/06 11:17:49.901 Add Basket MarketNo：2 StockIdx：1709
[11100] 2025/10/06 11:17:49.902 Divide StockNo {RXF00}
[11100] 2025/10/06 11:17:49.902 Add Basket MarketNo：2 StockIdx：1715
[11100] 2025/10/06 11:17:49.902 Divide StockNo {RYF00}
[11100] 2025/10/06 11:17:49.902 Add Basket MarketNo：2 StockIdx：1721
[11100] 2025/10/06 11:17:49.902 Divide StockNo {RZF00}
[11100] 2025/10/06 11:17:49.902 Add Basket MarketNo：2 StockIdx：5576
[11100] 2025/10/06 11:17:49.902 Divide StockNo {SAF00}
[11100] 2025/10/06 11:17:49.902 Add Basket MarketNo：2 StockIdx：1733
[11100] 2025/10/06 11:17:49.902 Divide StockNo {SBF00}
[11100] 2025/10/06 11:17:49.902 Add Basket MarketNo：2 StockIdx：1739
[11100] 2025/10/06 11:17:49.902 Divide StockNo {SCF00}
[11100] 2025/10/06 11:17:49.902 Add Basket MarketNo：2 StockIdx：1745
[11100] 2025/10/06 11:17:49.902 Divide StockNo {SDF00}
[11100] 2025/10/06 11:17:49.902 Add Basket MarketNo：2 StockIdx：1751
[11100] 2025/10/06 11:17:49.902 Divide StockNo {SEF00}
[11100] 2025/10/06 11:17:49.902 Add Basket MarketNo：2 StockIdx：1757
[11100] 2025/10/06 11:17:49.902 Divide StockNo {SFF00}
[11100] 2025/10/06 11:17:49.902 Add Basket MarketNo：2 StockIdx：1763
[11100] 2025/10/06 11:17:49.902 Divide StockNo {SGF00}
[11100] 2025/10/06 11:17:49.902 Add Basket MarketNo：2 StockIdx：1769
[11100] 2025/10/06 11:17:49.902 Divide StockNo {SIF00}
[11100] 2025/10/06 11:17:49.902 Add Basket MarketNo：2 StockIdx：1775
[11100] 2025/10/06 11:17:49.902 Divide StockNo {SJF00}
[11100] 2025/10/06 11:17:49.902 Add Basket MarketNo：2 StockIdx：1781
[11100] 2025/10/06 11:17:49.902 Divide StockNo {SKF00}
[11100] 2025/10/06 11:17:49.902 Add Basket MarketNo：2 StockIdx：1787
[11100] 2025/10/06 11:17:49.902 Divide StockNo {SLF00}
[11100] 2025/10/06 11:17:49.902 Add Basket MarketNo：2 StockIdx：1793
[11100] 2025/10/06 11:17:49.902 Divide StockNo {SMF00}
[11100] 2025/10/06 11:17:49.902 Add Basket MarketNo：2 StockIdx：1799
[11100] 2025/10/06 11:17:49.902 Divide StockNo {SNF00}
[11100] 2025/10/06 11:17:49.902 Add Basket MarketNo：2 StockIdx：1805
[11100] 2025/10/06 11:17:49.902 Divide StockNo {SQF00}
[11100] 2025/10/06 11:17:49.902 Add Basket MarketNo：2 StockIdx：1811
[11100] 2025/10/06 11:17:49.902 Divide StockNo {SRF00}
[11100] 2025/10/06 11:17:49.902 Add Basket MarketNo：2 StockIdx：5582
[11100] 2025/10/06 11:17:49.902 Divide StockNo {SSF00}
[11100] 2025/10/06 11:17:49.902 Add Basket MarketNo：2 StockIdx：1824
[11100] 2025/10/06 11:17:49.902 Divide StockNo {SUF00}
[11100] 2025/10/06 11:17:49.902 Add Basket MarketNo：2 StockIdx：1830
[11100] 2025/10/06 11:17:49.902 Divide StockNo {SVF00}
[11100] 2025/10/06 11:17:49.902 Add Basket MarketNo：2 StockIdx：1836
[11100] 2025/10/06 11:17:49.902 Divide StockNo {SWF00}
[11100] 2025/10/06 11:17:49.902 Add Basket MarketNo：2 StockIdx：1842
[11100] 2025/10/06 11:17:49.902 Divide StockNo {SYF00}
[11100] 2025/10/06 11:17:49.902 Add Basket MarketNo：2 StockIdx：1848
[11100] 2025/10/06 11:17:49.902 Divide StockNo {SZF00}
[11100] 2025/10/06 11:17:49.902 Add Basket MarketNo：2 StockIdx：1854
[11100] 2025/10/06 11:17:49.902 Divide StockNo {UAF00}
[11100] 2025/10/06 11:17:49.902 Add Basket MarketNo：2 StockIdx：1860
[11100] 2025/10/06 11:17:49.902 Divide StockNo {UBF00}
[11100] 2025/10/06 11:17:49.902 Add Basket MarketNo：2 StockIdx：1866
[11100] 2025/10/06 11:17:49.902 Divide StockNo {UCF00}
[11100] 2025/10/06 11:17:49.902 Add Basket MarketNo：2 StockIdx：1872
[11100] 2025/10/06 11:17:49.902 Divide StockNo {UEF00}
[11100] 2025/10/06 11:17:49.902 Add Basket MarketNo：2 StockIdx：1878
[11100] 2025/10/06 11:17:49.902 Divide StockNo {UFF00}
[11100] 2025/10/06 11:17:49.902 Add Basket MarketNo：2 StockIdx：1884
[11100] 2025/10/06 11:17:49.902 Divide StockNo {UGF00}
[11100] 2025/10/06 11:17:49.902 Add Basket MarketNo：2 StockIdx：1890
[11100] 2025/10/06 11:17:49.902 Divide StockNo {UHF00}
[11100] 2025/10/06 11:17:49.902 Add Basket MarketNo：2 StockIdx：1896
[11100] 2025/10/06 11:17:49.902 Divide StockNo {UIF00}
[11100] 2025/10/06 11:17:49.902 Add Basket MarketNo：2 StockIdx：1902
[11100] 2025/10/06 11:17:49.902 Divide StockNo {UJF00}
[11100] 2025/10/06 11:17:49.902 Add Basket MarketNo：2 StockIdx：1908
[11100] 2025/10/06 11:17:49.902 Divide StockNo {UKF00}
[11100] 2025/10/06 11:17:49.902 Add Basket MarketNo：2 StockIdx：1914
[11100] 2025/10/06 11:17:49.902 Divide StockNo {ULF00}
[11100] 2025/10/06 11:17:49.902 Add Basket MarketNo：2 StockIdx：1920
[11100] 2025/10/06 11:17:49.903 Divide StockNo {UMF00}
[11100] 2025/10/06 11:17:49.903 Add Basket MarketNo：2 StockIdx：1926
[11100] 2025/10/06 11:17:49.903 Divide StockNo {UOF00}
[11100] 2025/10/06 11:17:49.903 Add Basket MarketNo：2 StockIdx：1932
[11100] 2025/10/06 11:17:49.903 Divide StockNo {UPF00}
[11100] 2025/10/06 11:17:49.903 Add Basket MarketNo：2 StockIdx：1938
[11100] 2025/10/06 11:17:49.903 Divide StockNo {UQF00}
[11100] 2025/10/06 11:17:49.903 Add Basket MarketNo：2 StockIdx：1944
[11100] 2025/10/06 11:17:49.903 Divide StockNo {URF00}
[11100] 2025/10/06 11:17:49.903 Add Basket MarketNo：2 StockIdx：1951
[11100] 2025/10/06 11:17:49.903 Divide StockNo {USF00}
[11100] 2025/10/06 11:17:49.903 Add Basket MarketNo：2 StockIdx：1957
[11100] 2025/10/06 11:17:49.903 Divide StockNo {UTF00}
[11100] 2025/10/06 11:17:49.903 Add Basket MarketNo：2 StockIdx：1963
[11100] 2025/10/06 11:17:49.903 Divide StockNo {UUF00}
[11100] 2025/10/06 11:17:49.903 Add Basket MarketNo：2 StockIdx：1969
[11100] 2025/10/06 11:17:49.903 Divide StockNo {UVF00}
[11100] 2025/10/06 11:17:49.903 Add Basket MarketNo：2 StockIdx：1975
[11100] 2025/10/06 11:17:49.903 Divide StockNo {UWF00}
[11100] 2025/10/06 11:17:49.903 Add Basket MarketNo：2 StockIdx：1981
[11100] 2025/10/06 11:17:49.903 Divide StockNo {0050}
[11100] 2025/10/06 11:17:49.903 Add Basket MarketNo：0 StockIdx：0
[11100] 2025/10/06 11:17:49.903 Divide StockNo {0056}
[11100] 2025/10/06 11:17:49.903 Add Basket MarketNo：0 StockIdx：5
[11100] 2025/10/06 11:17:49.903 Divide StockNo {006205}
[11100] 2025/10/06 11:17:49.903 Add Basket MarketNo：0 StockIdx：10
[11100] 2025/10/06 11:17:49.903 Divide StockNo {006206}
[11100] 2025/10/06 11:17:49.903 Add Basket MarketNo：0 StockIdx：11
[11100] 2025/10/06 11:17:49.903 Divide StockNo {00636}
[11100] 2025/10/06 11:17:49.903 Add Basket MarketNo：0 StockIdx：20
[11100] 2025/10/06 11:17:49.903 Divide StockNo {00639}
[11100] 2025/10/06 11:17:49.903 Add Basket MarketNo：0 StockIdx：24
[11100] 2025/10/06 11:17:49.903 Divide StockNo {00643}
[11100] 2025/10/06 11:17:49.903 Add Basket MarketNo：0 StockIdx：28
[11100] 2025/10/06 11:17:49.903 Divide StockNo {00679B}
[11100] 2025/10/06 11:17:49.903 Add Basket MarketNo：1 StockIdx：1
[11100] 2025/10/06 11:17:49.903 Divide StockNo {00687B}
[11100] 2025/10/06 11:17:49.903 Add Basket MarketNo：1 StockIdx：2
[11100] 2025/10/06 11:17:49.903 Divide StockNo {00719B}
[11100] 2025/10/06 11:17:49.903 Add Basket MarketNo：1 StockIdx：8
[11100] 2025/10/06 11:17:49.903 Divide StockNo {00757}
[11100] 2025/10/06 11:17:49.903 Add Basket MarketNo：0 StockIdx：98
[11100] 2025/10/06 11:17:49.903 Divide StockNo {00772B}
[11100] 2025/10/06 11:17:49.903 Add Basket MarketNo：1 StockIdx：32
[11100] 2025/10/06 11:17:49.903 Divide StockNo {00878}
[11100] 2025/10/06 11:17:49.903 Add Basket MarketNo：0 StockIdx：113
[11100] 2025/10/06 11:17:49.903 Divide StockNo {00885}
[11100] 2025/10/06 11:17:49.903 Add Basket MarketNo：0 StockIdx：116
[11100] 2025/10/06 11:17:49.903 Divide StockNo {00893}
[11100] 2025/10/06 11:17:49.903 Add Basket MarketNo：0 StockIdx：119
[11100] 2025/10/06 11:17:49.903 Divide StockNo {00919}
[11100] 2025/10/06 11:17:49.903 Add Basket MarketNo：0 StockIdx：143
[11100] 2025/10/06 11:17:49.903 Divide StockNo {00923}
[11100] 2025/10/06 11:17:49.903 Add Basket MarketNo：0 StockIdx：147
[11100] 2025/10/06 11:17:49.903 Divide StockNo {00929}
[11100] 2025/10/06 11:17:49.903 Add Basket MarketNo：0 StockIdx：151
[11100] 2025/10/06 11:17:49.903 Divide StockNo {00937B}
[11100] 2025/10/06 11:17:49.903 Add Basket MarketNo：1 StockIdx：82
[11100] 2025/10/06 11:17:49.903 Divide StockNo {00940}
[11100] 2025/10/06 11:17:49.903 Add Basket MarketNo：0 StockIdx：159
[11100] 2025/10/06 11:17:49.903 Divide StockNo {1101}
[11100] 2025/10/06 11:17:49.903 Add Basket MarketNo：0 StockIdx：31851
[11100] 2025/10/06 11:17:49.903 Divide StockNo {1102}
[11100] 2025/10/06 11:17:49.903 Add Basket MarketNo：0 StockIdx：31853
[11100] 2025/10/06 11:17:49.903 Divide StockNo {1210}
[11100] 2025/10/06 11:17:49.904 Add Basket MarketNo：0 StockIdx：31861
[11100] 2025/10/06 11:17:49.904 Divide StockNo {1216}
[11100] 2025/10/06 11:17:49.904 Add Basket MarketNo：0 StockIdx：31864
[11100] 2025/10/06 11:17:49.904 Divide StockNo {1301}
[11100] 2025/10/06 11:17:49.904 Add Basket MarketNo：0 StockIdx：31879
[11100] 2025/10/06 11:17:49.904 Divide StockNo {1303}
[11100] 2025/10/06 11:17:49.904 Add Basket MarketNo：0 StockIdx：31880
[11100] 2025/10/06 11:17:49.904 Divide StockNo {1312}
[11100] 2025/10/06 11:17:49.904 Add Basket MarketNo：0 StockIdx：31887
[11100] 2025/10/06 11:17:49.904 Divide StockNo {1314}
[11100] 2025/10/06 11:17:49.904 Add Basket MarketNo：0 StockIdx：31890
[11100] 2025/10/06 11:17:49.904 Divide StockNo {1319}
[11100] 2025/10/06 11:17:49.904 Add Basket MarketNo：0 StockIdx：31893
[11100] 2025/10/06 11:17:49.904 Divide StockNo {1326}
[11100] 2025/10/06 11:17:49.904 Add Basket MarketNo：0 StockIdx：31898
[11100] 2025/10/06 11:17:49.904 Divide StockNo {1402}
[11100] 2025/10/06 11:17:49.904 Add Basket MarketNo：0 StockIdx：31905
[11100] 2025/10/06 11:17:49.904 Divide StockNo {1440}
[11100] 2025/10/06 11:17:49.904 Add Basket MarketNo：0 StockIdx：31922
[11100] 2025/10/06 11:17:49.904 Divide StockNo {1476}
[11100] 2025/10/06 11:17:49.904 Add Basket MarketNo：0 StockIdx：31952
[11100] 2025/10/06 11:17:49.904 Divide StockNo {1477}
[11100] 2025/10/06 11:17:49.904 Add Basket MarketNo：0 StockIdx：31953
[11100] 2025/10/06 11:17:49.904 Divide StockNo {1503}
[11100] 2025/10/06 11:17:49.904 Add Basket MarketNo：0 StockIdx：31954
[11100] 2025/10/06 11:17:49.904 Divide StockNo {1504}
[11100] 2025/10/06 11:17:49.904 Add Basket MarketNo：0 StockIdx：31955
[11100] 2025/10/06 11:17:49.904 Divide StockNo {1513}
[11100] 2025/10/06 11:17:49.904 Add Basket MarketNo：0 StockIdx：31958
[11100] 2025/10/06 11:17:49.904 Divide StockNo {1536}
[11100] 2025/10/06 11:17:49.904 Add Basket MarketNo：0 StockIdx：31978
[11100] 2025/10/06 11:17:49.904 Divide StockNo {1565}
[11100] 2025/10/06 11:17:49.904 Add Basket MarketNo：1 StockIdx：138
[11100] 2025/10/06 11:17:49.904 Divide StockNo {1590}
[11100] 2025/10/06 11:17:49.904 Add Basket MarketNo：0 StockIdx：31992
[11100] 2025/10/06 11:17:49.904 Divide StockNo {1605}
[11100] 2025/10/06 11:17:49.904 Add Basket MarketNo：0 StockIdx：31997
[11100] 2025/10/06 11:17:49.904 Divide StockNo {1609}
[11100] 2025/10/06 11:17:49.904 Add Basket MarketNo：0 StockIdx：31999
[11100] 2025/10/06 11:17:49.904 Divide StockNo {1707}
[11100] 2025/10/06 11:17:49.904 Add Basket MarketNo：0 StockIdx：32009
[11100] 2025/10/06 11:17:49.904 Divide StockNo {1717}
[11100] 2025/10/06 11:17:49.904 Add Basket MarketNo：0 StockIdx：32017
[11100] 2025/10/06 11:17:49.904 Divide StockNo {1718}
[11100] 2025/10/06 11:17:49.904 Add Basket MarketNo：0 StockIdx：32018
[11100] 2025/10/06 11:17:49.904 Divide StockNo {1722}
[11100] 2025/10/06 11:17:49.904 Add Basket MarketNo：0 StockIdx：32021
[11100] 2025/10/06 11:17:49.904 Divide StockNo {1795}
[11100] 2025/10/06 11:17:49.904 Add Basket MarketNo：0 StockIdx：32042
[11100] 2025/10/06 11:17:49.904 Divide StockNo {1802}
[11100] 2025/10/06 11:17:49.904 Add Basket MarketNo：0 StockIdx：32043
[11100] 2025/10/06 11:17:49.904 Divide StockNo {1904}
[11100] 2025/10/06 11:17:49.904 Add Basket MarketNo：0 StockIdx：32051
[11100] 2025/10/06 11:17:49.904 Divide StockNo {1905}
[11100] 2025/10/06 11:17:49.904 Add Basket MarketNo：0 StockIdx：32052
[11100] 2025/10/06 11:17:49.904 Divide StockNo {1907}
[11100] 2025/10/06 11:17:49.904 Add Basket MarketNo：0 StockIdx：32054
[11100] 2025/10/06 11:17:49.904 Divide StockNo {1909}
[11100] 2025/10/06 11:17:49.904 Add Basket MarketNo：0 StockIdx：32055
[11100] 2025/10/06 11:17:49.904 Divide StockNo {2002}
[11100] 2025/10/06 11:17:49.904 Add Basket MarketNo：0 StockIdx：32056
[11100] 2025/10/06 11:17:49.904 Divide StockNo {2006}
[11100] 2025/10/06 11:17:49.904 Add Basket MarketNo：0 StockIdx：32058
[11100] 2025/10/06 11:17:49.904 Divide StockNo {2014}
[11100] 2025/10/06 11:17:49.904 Add Basket MarketNo：0 StockIdx：32065
[11100] 2025/10/06 11:17:49.904 Divide StockNo {2027}
[11100] 2025/10/06 11:17:49.904 Add Basket MarketNo：0 StockIdx：32073
[11100] 2025/10/06 11:17:49.904 Divide StockNo {2049}
[11100] 2025/10/06 11:17:49.904 Add Basket MarketNo：0 StockIdx：32082
[11100] 2025/10/06 11:17:49.905 Divide StockNo {2059}
[11100] 2025/10/06 11:17:49.905 Add Basket MarketNo：0 StockIdx：32083
[11100] 2025/10/06 11:17:49.905 Divide StockNo {2105}
[11100] 2025/10/06 11:17:49.905 Add Basket MarketNo：0 StockIdx：32090
[11100] 2025/10/06 11:17:49.905 Divide StockNo {2201}
[11100] 2025/10/06 11:17:49.905 Add Basket MarketNo：0 StockIdx：32097
[11100] 2025/10/06 11:17:49.905 Divide StockNo {2231}
[11100] 2025/10/06 11:17:49.905 Add Basket MarketNo：0 StockIdx：32105
[11100] 2025/10/06 11:17:49.905 Divide StockNo {2301}
[11100] 2025/10/06 11:17:49.905 Add Basket MarketNo：0 StockIdx：32116
[11100] 2025/10/06 11:17:49.905 Divide StockNo {2303}
[11100] 2025/10/06 11:17:49.905 Add Basket MarketNo：0 StockIdx：32118
[11100] 2025/10/06 11:17:49.905 Divide StockNo {2308}
[11100] 2025/10/06 11:17:49.905 Add Basket MarketNo：0 StockIdx：32120
[11100] 2025/10/06 11:17:49.905 Divide StockNo {2312}
[11100] 2025/10/06 11:17:49.905 Add Basket MarketNo：0 StockIdx：32121
[11100] 2025/10/06 11:17:49.905 Divide StockNo {2313}
[11100] 2025/10/06 11:17:49.905 Add Basket MarketNo：0 StockIdx：32122
[11100] 2025/10/06 11:17:49.905 Divide StockNo {2317}
[11100] 2025/10/06 11:17:49.905 Add Basket MarketNo：0 StockIdx：32125
[11100] 2025/10/06 11:17:49.905 Divide StockNo {2323}
[11100] 2025/10/06 11:17:49.905 Add Basket MarketNo：0 StockIdx：32127
[11100] 2025/10/06 11:17:49.905 Divide StockNo {2324}
[11100] 2025/10/06 11:17:49.905 Add Basket MarketNo：0 StockIdx：32128
[11100] 2025/10/06 11:17:49.905 Divide StockNo {2327}
[11100] 2025/10/06 11:17:49.905 Add Basket MarketNo：0 StockIdx：32129
[11100] 2025/10/06 11:17:49.905 Divide StockNo {2328}
[11100] 2025/10/06 11:17:49.905 Add Basket MarketNo：0 StockIdx：32130
[11100] 2025/10/06 11:17:49.905 Divide StockNo {2330}
[11100] 2025/10/06 11:17:49.905 Add Basket MarketNo：0 StockIdx：32132
[11100] 2025/10/06 11:17:49.905 Divide StockNo {2331}
[11100] 2025/10/06 11:17:49.905 Add Basket MarketNo：0 StockIdx：32133
[11100] 2025/10/06 11:17:49.905 Divide StockNo {2332}
[11100] 2025/10/06 11:17:49.905 Add Basket MarketNo：0 StockIdx：32134
[11100] 2025/10/06 11:17:49.905 Divide StockNo {2337}
[11100] 2025/10/06 11:17:49.905 Add Basket MarketNo：0 StockIdx：32135
[11100] 2025/10/06 11:17:49.905 Divide StockNo {2338}
[11100] 2025/10/06 11:17:49.905 Add Basket MarketNo：0 StockIdx：32136
[11100] 2025/10/06 11:17:49.905 Divide StockNo {2340}
[11100] 2025/10/06 11:17:49.905 Add Basket MarketNo：0 StockIdx：32137
[11100] 2025/10/06 11:17:49.905 Divide StockNo {2344}
[11100] 2025/10/06 11:17:49.905 Add Basket MarketNo：0 StockIdx：32139
[11100] 2025/10/06 11:17:49.905 Divide StockNo {2345}
[11100] 2025/10/06 11:17:49.905 Add Basket MarketNo：0 StockIdx：32140
[11100] 2025/10/06 11:17:49.905 Divide StockNo {2347}
[11100] 2025/10/06 11:17:49.905 Add Basket MarketNo：0 StockIdx：32141
[11100] 2025/10/06 11:17:49.905 Divide StockNo {2352}
[11100] 2025/10/06 11:17:49.905 Stock Is Not Exist 
[11100] 2025/10/06 11:17:49.905 Divide StockNo {2353}
[11100] 2025/10/06 11:17:49.905 Add Basket MarketNo：0 StockIdx：32146
[11100] 2025/10/06 11:17:49.905 Divide StockNo {2354}
[11100] 2025/10/06 11:17:49.905 Add Basket MarketNo：0 StockIdx：32147
[11100] 2025/10/06 11:17:49.905 Divide StockNo {2355}
[11100] 2025/10/06 11:17:49.905 Add Basket MarketNo：0 StockIdx：32148
[11100] 2025/10/06 11:17:49.905 Divide StockNo {2356}
[11100] 2025/10/06 11:17:49.905 Add Basket MarketNo：0 StockIdx：32149
[11100] 2025/10/06 11:17:49.905 Divide StockNo {2357}
[11100] 2025/10/06 11:17:49.905 Add Basket MarketNo：0 StockIdx：32150
[11100] 2025/10/06 11:17:49.905 Divide StockNo {2360}
[11100] 2025/10/06 11:17:49.905 Add Basket MarketNo：0 StockIdx：32152
[11100] 2025/10/06 11:17:49.905 Divide StockNo {2368}
[11100] 2025/10/06 11:17:49.905 Add Basket MarketNo：0 StockIdx：32158
[11100] 2025/10/06 11:17:49.905 Divide StockNo {2371}
[11100] 2025/10/06 11:17:49.905 Add Basket MarketNo：0 StockIdx：32160
[11100] 2025/10/06 11:17:49.905 Divide StockNo {2376}
[11100] 2025/10/06 11:17:49.905 Add Basket MarketNo：0 StockIdx：32164
[11100] 2025/10/06 11:17:49.905 Divide StockNo {2377}
[11100] 2025/10/06 11:17:49.905 Add Basket MarketNo：0 StockIdx：32165
[11100] 2025/10/06 11:17:49.905 Divide StockNo {2379}
[11100] 2025/10/06 11:17:49.905 Add Basket MarketNo：0 StockIdx：32166
[11100] 2025/10/06 11:17:49.905 Divide StockNo {2382}
[11100] 2025/10/06 11:17:49.905 Add Basket MarketNo：0 StockIdx：32168
[11100] 2025/10/06 11:17:49.905 Divide StockNo {2383}
[11100] 2025/10/06 11:17:49.905 Add Basket MarketNo：0 StockIdx：32169
[11100] 2025/10/06 11:17:49.906 Divide StockNo {2385}
[11100] 2025/10/06 11:17:49.906 Add Basket MarketNo：0 StockIdx：32170
[11100] 2025/10/06 11:17:49.906 Divide StockNo {2388}
[11100] 2025/10/06 11:17:49.906 Add Basket MarketNo：0 StockIdx：32172
[11100] 2025/10/06 11:17:49.906 Divide StockNo {2392}
[11100] 2025/10/06 11:17:49.906 Add Basket MarketNo：0 StockIdx：32174
[11100] 2025/10/06 11:17:49.906 Divide StockNo {2393}
[11100] 2025/10/06 11:17:49.906 Add Basket MarketNo：0 StockIdx：32175
[11100] 2025/10/06 11:17:49.906 Divide StockNo {2401}
[11100] 2025/10/06 11:17:49.906 Add Basket MarketNo：0 StockIdx：32179
[11100] 2025/10/06 11:17:49.906 Divide StockNo {2404}
[11100] 2025/10/06 11:17:49.906 Add Basket MarketNo：0 StockIdx：32181
[11100] 2025/10/06 11:17:49.906 Divide StockNo {2408}
[11100] 2025/10/06 11:17:49.906 Add Basket MarketNo：0 StockIdx：32184
[11100] 2025/10/06 11:17:49.906 Divide StockNo {2409}
[11100] 2025/10/06 11:17:49.906 Add Basket MarketNo：0 StockIdx：32185
[11100] 2025/10/06 11:17:49.906 Divide StockNo {2412}
[11100] 2025/10/06 11:17:49.906 Add Basket MarketNo：0 StockIdx：32186
[11100] 2025/10/06 11:17:49.906 Divide StockNo {2439}
[11100] 2025/10/06 11:17:49.906 Add Basket MarketNo：0 StockIdx：32208
[11100] 2025/10/06 11:17:49.906 Divide StockNo {2441}
[11100] 2025/10/06 11:17:49.906 Add Basket MarketNo：0 StockIdx：32210
[11100] 2025/10/06 11:17:49.906 Divide StockNo {2449}
[11100] 2025/10/06 11:17:49.906 Add Basket MarketNo：0 StockIdx：32213
[11100] 2025/10/06 11:17:49.906 Divide StockNo {2454}
[11100] 2025/10/06 11:17:49.906 Add Basket MarketNo：0 StockIdx：32217
[11100] 2025/10/06 11:17:49.906 Divide StockNo {2455}
[11100] 2025/10/06 11:17:49.906 Add Basket MarketNo：0 StockIdx：32218
[11100] 2025/10/06 11:17:49.906 Divide StockNo {2457}
[11100] 2025/10/06 11:17:49.906 Add Basket MarketNo：0 StockIdx：32219
[11100] 2025/10/06 11:17:49.906 Divide StockNo {2458}
[11100] 2025/10/06 11:17:49.906 Add Basket MarketNo：0 StockIdx：32220
[11100] 2025/10/06 11:17:49.906 Divide StockNo {2474}
[11100] 2025/10/06 11:17:49.906 Add Basket MarketNo：0 StockIdx：32232
[11100] 2025/10/06 11:17:49.906 Divide StockNo {2481}
[11100] 2025/10/06 11:17:49.906 Add Basket MarketNo：0 StockIdx：32237
[11100] 2025/10/06 11:17:49.906 Divide StockNo {2485}
[11100] 2025/10/06 11:17:49.906 Add Basket MarketNo：0 StockIdx：32241
[11100] 2025/10/06 11:17:49.906 Divide StockNo {2486}
[11100] 2025/10/06 11:17:49.906 Add Basket MarketNo：0 StockIdx：32242
[11100] 2025/10/06 11:17:49.906 Divide StockNo {2489}
[11100] 2025/10/06 11:17:49.906 Stock Is Not Exist 
[11100] 2025/10/06 11:17:49.906 Divide StockNo {2492}
[11100] 2025/10/06 11:17:49.906 Add Basket MarketNo：0 StockIdx：32245
[11100] 2025/10/06 11:17:49.906 Divide StockNo {2498}
[11100] 2025/10/06 11:17:49.906 Add Basket MarketNo：0 StockIdx：32250
[11100] 2025/10/06 11:17:49.906 Divide StockNo {2515}
[11100] 2025/10/06 11:17:49.906 Add Basket MarketNo：0 StockIdx：32258
[11100] 2025/10/06 11:17:49.906 Divide StockNo {2520}
[11100] 2025/10/06 11:17:49.906 Add Basket MarketNo：0 StockIdx：32260
[11100] 2025/10/06 11:17:49.906 Divide StockNo {2542}
[11100] 2025/10/06 11:17:49.906 Add Basket MarketNo：0 StockIdx：32272
[11100] 2025/10/06 11:17:49.906 Divide StockNo {2548}
[11100] 2025/10/06 11:17:49.906 Add Basket MarketNo：0 StockIdx：32277
[11100] 2025/10/06 11:17:49.906 Divide StockNo {2603}
[11100] 2025/10/06 11:17:49.906 Add Basket MarketNo：0 StockIdx：32280
[11100] 2025/10/06 11:17:49.906 Divide StockNo {2605}
[11100] 2025/10/06 11:17:49.906 Add Basket MarketNo：0 StockIdx：32281
[11100] 2025/10/06 11:17:49.906 Divide StockNo {2606}
[11100] 2025/10/06 11:17:49.906 Add Basket MarketNo：0 StockIdx：32282
[11100] 2025/10/06 11:17:49.906 Divide StockNo {2609}
[11100] 2025/10/06 11:17:49.906 Add Basket MarketNo：0 StockIdx：32284
[11100] 2025/10/06 11:17:49.906 Divide StockNo {2610}
[11100] 2025/10/06 11:17:49.906 Add Basket MarketNo：0 StockIdx：32285
[11100] 2025/10/06 11:17:49.906 Divide StockNo {2615}
[11100] 2025/10/06 11:17:49.906 Add Basket MarketNo：0 StockIdx：32290
[11100] 2025/10/06 11:17:49.906 Divide StockNo {2618}
[11100] 2025/10/06 11:17:49.906 Add Basket MarketNo：0 StockIdx：32293
[11100] 2025/10/06 11:17:49.906 Divide StockNo {2633}
[11100] 2025/10/06 11:17:49.906 Add Basket MarketNo：0 StockIdx：32295
[11100] 2025/10/06 11:17:49.906 Divide StockNo {2634}
[11100] 2025/10/06 11:17:49.906 Add Basket MarketNo：0 StockIdx：32296
[11100] 2025/10/06 11:17:49.906 Divide StockNo {2801}
[11100] 2025/10/06 11:17:49.906 Add Basket MarketNo：0 StockIdx：32317
[11100] 2025/10/06 11:17:49.906 Divide StockNo {2834}
[11100] 2025/10/06 11:17:49.907 Add Basket MarketNo：0 StockIdx：32322
[11100] 2025/10/06 11:17:49.907 Divide StockNo {2880}
[11100] 2025/10/06 11:17:49.907 Add Basket MarketNo：0 StockIdx：32334
[11100] 2025/10/06 11:17:49.907 Divide StockNo {2881}
[11100] 2025/10/06 11:17:49.907 Add Basket MarketNo：0 StockIdx：32335
[11100] 2025/10/06 11:17:49.907 Divide StockNo {2882}
[11100] 2025/10/06 11:17:49.907 Add Basket MarketNo：0 StockIdx：32339
[11100] 2025/10/06 11:17:49.907 Divide StockNo {2883}
[11100] 2025/10/06 11:17:49.907 Add Basket MarketNo：0 StockIdx：32342
[11100] 2025/10/06 11:17:49.907 Divide StockNo {2884}
[11100] 2025/10/06 11:17:49.907 Add Basket MarketNo：0 StockIdx：32344
[11100] 2025/10/06 11:17:49.907 Divide StockNo {2885}
[11100] 2025/10/06 11:17:49.907 Add Basket MarketNo：0 StockIdx：32345
[11100] 2025/10/06 11:17:49.907 Divide StockNo {2886}
[11100] 2025/10/06 11:17:49.907 Add Basket MarketNo：0 StockIdx：32346
[11100] 2025/10/06 11:17:49.907 Divide StockNo {2887}
[11100] 2025/10/06 11:17:49.907 Add Basket MarketNo：0 StockIdx：32347
[11100] 2025/10/06 11:17:49.907 Divide StockNo {2888}
[11100] 2025/10/06 11:17:49.907 Stock Is Not Exist 
[11100] 2025/10/06 11:17:49.907 Divide StockNo {2890}
[11100] 2025/10/06 11:17:49.907 Add Basket MarketNo：0 StockIdx：32355
[11100] 2025/10/06 11:17:49.907 Divide StockNo {2891}
[11100] 2025/10/06 11:17:49.907 Add Basket MarketNo：0 StockIdx：32356
[11100] 2025/10/06 11:17:49.907 Divide StockNo {2892}
[11100] 2025/10/06 11:17:49.907 Add Basket MarketNo：0 StockIdx：32359
[11100] 2025/10/06 11:17:49.907 Divide StockNo {2913}
[11100] 2025/10/06 11:17:49.907 Add Basket MarketNo：0 StockIdx：32371
[11100] 2025/10/06 11:17:49.907 Divide StockNo {2915}
[11100] 2025/10/06 11:17:49.907 Add Basket MarketNo：0 StockIdx：32372
[11100] 2025/10/06 11:17:49.907 Divide StockNo {3005}
[11100] 2025/10/06 11:17:49.907 Add Basket MarketNo：0 StockIdx：32380
[11100] 2025/10/06 11:17:49.907 Divide StockNo {3006}
[11100] 2025/10/06 11:17:49.907 Add Basket MarketNo：0 StockIdx：32381
[11100] 2025/10/06 11:17:49.907 Divide StockNo {3008}
[11100] 2025/10/06 11:17:49.907 Add Basket MarketNo：0 StockIdx：32382
[11100] 2025/10/06 11:17:49.907 Divide StockNo {3017}
[11100] 2025/10/06 11:17:49.907 Add Basket MarketNo：0 StockIdx：32389
[11100] 2025/10/06 11:17:49.907 Divide StockNo {3019}
[11100] 2025/10/06 11:17:49.907 Add Basket MarketNo：0 StockIdx：32391
[11100] 2025/10/06 11:17:49.907 Divide StockNo {3034}
[11100] 2025/10/06 11:17:49.907 Add Basket MarketNo：0 StockIdx：32405
[11100] 2025/10/06 11:17:49.907 Divide StockNo {3035}
[11100] 2025/10/06 11:17:49.907 Add Basket MarketNo：0 StockIdx：32406
[11100] 2025/10/06 11:17:49.907 Divide StockNo {3036}
[11100] 2025/10/06 11:17:49.907 Add Basket MarketNo：0 StockIdx：32407
[11100] 2025/10/06 11:17:49.907 Divide StockNo {3037}
[11100] 2025/10/06 11:17:49.907 Add Basket MarketNo：0 StockIdx：32409
[11100] 2025/10/06 11:17:49.907 Divide StockNo {3042}
[11100] 2025/10/06 11:17:49.907 Add Basket MarketNo：0 StockIdx：32413
[11100] 2025/10/06 11:17:49.907 Divide StockNo {3044}
[11100] 2025/10/06 11:17:49.907 Add Basket MarketNo：0 StockIdx：32415
[11100] 2025/10/06 11:17:49.907 Divide StockNo {3045}
[11100] 2025/10/06 11:17:49.907 Add Basket MarketNo：0 StockIdx：32416
[11100] 2025/10/06 11:17:49.907 Divide StockNo {3078}
[11100] 2025/10/06 11:17:49.907 Add Basket MarketNo：1 StockIdx：268
[11100] 2025/10/06 11:17:49.907 Divide StockNo {3081}
[11100] 2025/10/06 11:17:49.907 Add Basket MarketNo：1 StockIdx：269
[11100] 2025/10/06 11:17:49.907 Divide StockNo {3105}
[11100] 2025/10/06 11:17:49.907 Add Basket MarketNo：1 StockIdx：279
[11100] 2025/10/06 11:17:49.907 Divide StockNo {3152}
[11100] 2025/10/06 11:17:49.907 Add Basket MarketNo：1 StockIdx：294
[11100] 2025/10/06 11:17:49.907 Divide StockNo {3189}
[11100] 2025/10/06 11:17:49.907 Add Basket MarketNo：0 StockIdx：32442
[11100] 2025/10/06 11:17:49.907 Divide StockNo {3227}
[11100] 2025/10/06 11:17:49.907 Add Basket MarketNo：1 StockIdx：317
[11100] 2025/10/06 11:17:49.907 Divide StockNo {3231}
[11100] 2025/10/06 11:17:49.907 Add Basket MarketNo：0 StockIdx：32445
[11100] 2025/10/06 11:17:49.907 Divide StockNo {3260}
[11100] 2025/10/06 11:17:49.907 Add Basket MarketNo：1 StockIdx：326
[11100] 2025/10/06 11:17:49.907 Divide StockNo {3264}
[11100] 2025/10/06 11:17:49.907 Add Basket MarketNo：1 StockIdx：327
[11100] 2025/10/06 11:17:49.907 Divide StockNo {3293}
[11100] 2025/10/06 11:17:49.907 Add Basket MarketNo：1 StockIdx：340
[11100] 2025/10/06 11:17:49.907 Divide StockNo {3324}
[11100] 2025/10/06 11:17:49.908 Add Basket MarketNo：1 StockIdx：356
[11100] 2025/10/06 11:17:49.908 Divide StockNo {3374}
[11100] 2025/10/06 11:17:49.908 Add Basket MarketNo：1 StockIdx：374
[11100] 2025/10/06 11:17:49.908 Divide StockNo {3376}
[11100] 2025/10/06 11:17:49.908 Add Basket MarketNo：0 StockIdx：32457
[11100] 2025/10/06 11:17:49.908 Divide StockNo {3380}
[11100] 2025/10/06 11:17:49.908 Add Basket MarketNo：0 StockIdx：32458
[11100] 2025/10/06 11:17:49.908 Divide StockNo {3406}
[11100] 2025/10/06 11:17:49.908 Add Basket MarketNo：0 StockIdx：32459
[11100] 2025/10/06 11:17:49.908 Divide StockNo {3443}
[11100] 2025/10/06 11:17:49.908 Add Basket MarketNo：0 StockIdx：32465
[11100] 2025/10/06 11:17:49.908 Divide StockNo {3481}
[11100] 2025/10/06 11:17:49.908 Add Basket MarketNo：0 StockIdx：32469
[11100] 2025/10/06 11:17:49.908 Divide StockNo {3529}
[11100] 2025/10/06 11:17:49.908 Add Basket MarketNo：1 StockIdx：424
[11100] 2025/10/06 11:17:49.908 Divide StockNo {3532}
[11100] 2025/10/06 11:17:49.908 Add Basket MarketNo：0 StockIdx：32477
[11100] 2025/10/06 11:17:49.908 Divide StockNo {3533}
[11100] 2025/10/06 11:17:49.908 Add Basket MarketNo：0 StockIdx：32478
[11100] 2025/10/06 11:17:49.908 Divide StockNo {3552}
[11100] 2025/10/06 11:17:49.908 Add Basket MarketNo：1 StockIdx：434
[11100] 2025/10/06 11:17:49.908 Divide StockNo {3653}
[11100] 2025/10/06 11:17:49.908 Add Basket MarketNo：0 StockIdx：32498
[11100] 2025/10/06 11:17:49.908 Divide StockNo {3661}
[11100] 2025/10/06 11:17:49.908 Add Basket MarketNo：0 StockIdx：32499
[11100] 2025/10/06 11:17:49.908 Divide StockNo {3673}
[11100] 2025/10/06 11:17:49.908 Add Basket MarketNo：0 StockIdx：32502
[11100] 2025/10/06 11:17:49.908 Divide StockNo {3680}
[11100] 2025/10/06 11:17:49.908 Add Basket MarketNo：1 StockIdx：473
[11100] 2025/10/06 11:17:49.908 Divide StockNo {3691}
[11100] 2025/10/06 11:17:49.908 Add Basket MarketNo：1 StockIdx：482
[11100] 2025/10/06 11:17:49.908 Divide StockNo {3702}
[11100] 2025/10/06 11:17:49.908 Add Basket MarketNo：0 StockIdx：32507
[11100] 2025/10/06 11:17:49.908 Divide StockNo {3706}
[11100] 2025/10/06 11:17:49.908 Add Basket MarketNo：0 StockIdx：32511
[11100] 2025/10/06 11:17:49.908 Divide StockNo {3711}
[11100] 2025/10/06 11:17:49.908 Add Basket MarketNo：0 StockIdx：32513
[11100] 2025/10/06 11:17:49.908 Divide StockNo {3714}
[11100] 2025/10/06 11:17:49.908 Add Basket MarketNo：0 StockIdx：32515
[11100] 2025/10/06 11:17:49.908 Divide StockNo {4123}
[11100] 2025/10/06 11:17:49.908 Add Basket MarketNo：1 StockIdx：506
[11100] 2025/10/06 11:17:49.908 Divide StockNo {4128}
[11100] 2025/10/06 11:17:49.908 Add Basket MarketNo：1 StockIdx：511
[11100] 2025/10/06 11:17:49.908 Divide StockNo {4162}
[11100] 2025/10/06 11:17:49.908 Add Basket MarketNo：1 StockIdx：525
[11100] 2025/10/06 11:17:49.908 Divide StockNo {4736}
[11100] 2025/10/06 11:17:49.908 Add Basket MarketNo：0 StockIdx：32560
[11100] 2025/10/06 11:17:49.908 Divide StockNo {4743}
[11100] 2025/10/06 11:17:49.908 Add Basket MarketNo：1 StockIdx：619
[11100] 2025/10/06 11:17:49.908 Divide StockNo {4904}
[11100] 2025/10/06 11:17:49.908 Add Basket MarketNo：0 StockIdx：32571
[11100] 2025/10/06 11:17:49.908 Divide StockNo {4919}
[11100] 2025/10/06 11:17:49.908 Add Basket MarketNo：0 StockIdx：32576
[11100] 2025/10/06 11:17:49.908 Divide StockNo {4938}
[11100] 2025/10/06 11:17:49.908 Add Basket MarketNo：0 StockIdx：32581
[11100] 2025/10/06 11:17:49.908 Divide StockNo {4958}
[11100] 2025/10/06 11:17:49.908 Add Basket MarketNo：0 StockIdx：32587
[11100] 2025/10/06 11:17:49.908 Divide StockNo {5009}
[11100] 2025/10/06 11:17:49.908 Add Basket MarketNo：1 StockIdx：663
[11100] 2025/10/06 11:17:49.908 Divide StockNo {5269}
[11100] 2025/10/06 11:17:49.908 Add Basket MarketNo：0 StockIdx：32606
[11100] 2025/10/06 11:17:49.908 Divide StockNo {5274}
[11100] 2025/10/06 11:17:49.908 Add Basket MarketNo：1 StockIdx：697
[11100] 2025/10/06 11:17:49.908 Divide StockNo {5347}
[11100] 2025/10/06 11:17:49.908 Add Basket MarketNo：1 StockIdx：721
[11100] 2025/10/06 11:17:49.908 Divide StockNo {5371}
[11100] 2025/10/06 11:17:49.908 Add Basket MarketNo：1 StockIdx：728
[11100] 2025/10/06 11:17:49.908 Divide StockNo {5388}
[11100] 2025/10/06 11:17:49.908 Add Basket MarketNo：0 StockIdx：32613
[11100] 2025/10/06 11:17:49.908 Divide StockNo {5425}
[11100] 2025/10/06 11:17:49.908 Add Basket MarketNo：1 StockIdx：736
[11100] 2025/10/06 11:17:49.908 Divide StockNo {5457}
[11100] 2025/10/06 11:17:49.908 Add Basket MarketNo：1 StockIdx：748
[11100] 2025/10/06 11:17:49.909 Divide StockNo {5483}
[11100] 2025/10/06 11:17:49.909 Add Basket MarketNo：1 StockIdx：758
[11100] 2025/10/06 11:17:49.909 Divide StockNo {5534}
[11100] 2025/10/06 11:17:49.909 Add Basket MarketNo：0 StockIdx：32625
[11100] 2025/10/06 11:17:49.909 Divide StockNo {5871}
[11100] 2025/10/06 11:17:49.909 Add Basket MarketNo：0 StockIdx：32631
[11100] 2025/10/06 11:17:49.909 Divide StockNo {5876}
[11100] 2025/10/06 11:17:49.909 Add Basket MarketNo：0 StockIdx：32633
[11100] 2025/10/06 11:17:49.909 Divide StockNo {5880}
[11100] 2025/10/06 11:17:49.909 Add Basket MarketNo：0 StockIdx：32634
[11100] 2025/10/06 11:17:49.909 Divide StockNo {5904}
[11100] 2025/10/06 11:17:49.909 Add Basket MarketNo：1 StockIdx：792
[11100] 2025/10/06 11:17:49.909 Divide StockNo {6005}
[11100] 2025/10/06 11:17:49.909 Add Basket MarketNo：0 StockIdx：32637
[11100] 2025/10/06 11:17:49.909 Divide StockNo {6116}
[11100] 2025/10/06 11:17:49.909 Add Basket MarketNo：0 StockIdx：32642
[11100] 2025/10/06 11:17:49.909 Divide StockNo {6121}
[11100] 2025/10/06 11:17:49.909 Add Basket MarketNo：1 StockIdx：815
[11100] 2025/10/06 11:17:49.909 Divide StockNo {6139}
[11100] 2025/10/06 11:17:49.909 Add Basket MarketNo：0 StockIdx：32648
[11100] 2025/10/06 11:17:49.909 Divide StockNo {6147}
[11100] 2025/10/06 11:17:49.909 Add Basket MarketNo：1 StockIdx：833
[11100] 2025/10/06 11:17:49.909 Divide StockNo {6153}
[11100] 2025/10/06 11:17:49.909 Add Basket MarketNo：0 StockIdx：32652
[11100] 2025/10/06 11:17:49.909 Divide StockNo {6173}
[11100] 2025/10/06 11:17:49.909 Add Basket MarketNo：1 StockIdx：849
[11100] 2025/10/06 11:17:49.909 Divide StockNo {6176}
[11100] 2025/10/06 11:17:49.909 Add Basket MarketNo：0 StockIdx：32658
[11100] 2025/10/06 11:17:49.909 Divide StockNo {6182}
[11100] 2025/10/06 11:17:49.909 Add Basket MarketNo：1 StockIdx：857
[11100] 2025/10/06 11:17:49.909 Divide StockNo {6188}
[11100] 2025/10/06 11:17:49.909 Add Basket MarketNo：1 StockIdx：865
[11100] 2025/10/06 11:17:49.909 Divide StockNo {6213}
[11100] 2025/10/06 11:17:49.909 Add Basket MarketNo：0 StockIdx：32672
[11100] 2025/10/06 11:17:49.909 Divide StockNo {6223}
[11100] 2025/10/06 11:17:49.909 Add Basket MarketNo：1 StockIdx：889
[11100] 2025/10/06 11:17:49.909 Divide StockNo {6239}
[11100] 2025/10/06 11:17:49.909 Add Basket MarketNo：0 StockIdx：32681
[11100] 2025/10/06 11:17:49.909 Divide StockNo {6245}
[11100] 2025/10/06 11:17:49.909 Add Basket MarketNo：1 StockIdx：904
[11100] 2025/10/06 11:17:49.909 Divide StockNo {6257}
[11100] 2025/10/06 11:17:49.909 Add Basket MarketNo：0 StockIdx：32683
[11100] 2025/10/06 11:17:49.909 Divide StockNo {6269}
[11100] 2025/10/06 11:17:49.909 Add Basket MarketNo：0 StockIdx：32684
[11100] 2025/10/06 11:17:49.909 Divide StockNo {6271}
[11100] 2025/10/06 11:17:49.909 Add Basket MarketNo：0 StockIdx：32685
[11100] 2025/10/06 11:17:49.909 Divide StockNo {6274}
[11100] 2025/10/06 11:17:49.909 Add Basket MarketNo：1 StockIdx：916
[11100] 2025/10/06 11:17:49.909 Divide StockNo {6278}
[11100] 2025/10/06 11:17:49.909 Add Basket MarketNo：0 StockIdx：32687
[11100] 2025/10/06 11:17:49.909 Divide StockNo {6279}
[11100] 2025/10/06 11:17:49.909 Add Basket MarketNo：1 StockIdx：920
[11100] 2025/10/06 11:17:49.909 Divide StockNo {6282}
[11100] 2025/10/06 11:17:49.909 Add Basket MarketNo：0 StockIdx：32689
[11100] 2025/10/06 11:17:49.909 Divide StockNo {6285}
[11100] 2025/10/06 11:17:49.909 Add Basket MarketNo：0 StockIdx：32691
[11100] 2025/10/06 11:17:49.909 Divide StockNo {6414}
[11100] 2025/10/06 11:17:49.909 Add Basket MarketNo：0 StockIdx：32695
[11100] 2025/10/06 11:17:49.909 Divide StockNo {6443}
[11100] 2025/10/06 11:17:49.909 Add Basket MarketNo：0 StockIdx：32703
[11100] 2025/10/06 11:17:49.909 Divide StockNo {6472}
[11100] 2025/10/06 11:17:49.909 Add Basket MarketNo：0 StockIdx：32709
[11100] 2025/10/06 11:17:49.909 Divide StockNo {6488}
[11100] 2025/10/06 11:17:49.909 Add Basket MarketNo：1 StockIdx：956
[11100] 2025/10/06 11:17:49.909 Divide StockNo {6505}
[11100] 2025/10/06 11:17:49.909 Add Basket MarketNo：0 StockIdx：32713
[11100] 2025/10/06 11:17:49.909 Divide StockNo {6510}
[11100] 2025/10/06 11:17:49.909 Add Basket MarketNo：1 StockIdx：966
[11100] 2025/10/06 11:17:49.909 Divide StockNo {6526}
[11100] 2025/10/06 11:17:49.909 Add Basket MarketNo：0 StockIdx：32716
[11100] 2025/10/06 11:17:49.909 Divide StockNo {6547}
[11100] 2025/10/06 11:17:49.909 Add Basket MarketNo：1 StockIdx：981
[11100] 2025/10/06 11:17:49.909 Divide StockNo {6669}
[11100] 2025/10/06 11:17:49.909 Add Basket MarketNo：0 StockIdx：32745
[11100] 2025/10/06 11:17:49.910 Divide StockNo {6757}
[11100] 2025/10/06 11:17:49.910 Add Basket MarketNo：0 StockIdx：32762
[11100] 2025/10/06 11:17:49.910 Divide StockNo {6770}
[11100] 2025/10/06 11:17:49.910 Add Basket MarketNo：0 StockIdx：32764
[11100] 2025/10/06 11:17:49.910 Divide StockNo {8039}
[11100] 2025/10/06 11:17:49.910 Add Basket MarketNo：0 StockIdx：32836
[11100] 2025/10/06 11:17:49.910 Divide StockNo {8044}
[11100] 2025/10/06 11:17:49.910 Add Basket MarketNo：1 StockIdx：12146
[11100] 2025/10/06 11:17:49.910 Divide StockNo {8046}
[11100] 2025/10/06 11:17:49.910 Add Basket MarketNo：0 StockIdx：32838
[11100] 2025/10/06 11:17:49.910 Divide StockNo {8069}
[11100] 2025/10/06 11:17:49.910 Add Basket MarketNo：1 StockIdx：12158
[11100] 2025/10/06 11:17:49.910 Divide StockNo {8086}
[11100] 2025/10/06 11:17:49.910 Add Basket MarketNo：1 StockIdx：12167
[11100] 2025/10/06 11:17:49.910 Divide StockNo {8112}
[11100] 2025/10/06 11:17:49.910 Add Basket MarketNo：0 StockIdx：32847
[11100] 2025/10/06 11:17:49.910 Divide StockNo {8150}
[11100] 2025/10/06 11:17:49.910 Add Basket MarketNo：0 StockIdx：32851
[11100] 2025/10/06 11:17:49.910 Divide StockNo {8163}
[11100] 2025/10/06 11:17:49.910 Add Basket MarketNo：0 StockIdx：32853
[11100] 2025/10/06 11:17:49.910 Divide StockNo {8299}
[11100] 2025/10/06 11:17:49.910 Add Basket MarketNo：1 StockIdx：12206
[11100] 2025/10/06 11:17:49.910 Divide StockNo {8358}
[11100] 2025/10/06 11:17:49.910 Add Basket MarketNo：1 StockIdx：12212
[11100] 2025/10/06 11:17:49.910 Divide StockNo {8436}
[11100] 2025/10/06 11:17:49.910 Add Basket MarketNo：1 StockIdx：12238
[11100] 2025/10/06 11:17:49.910 Divide StockNo {8454}
[11100] 2025/10/06 11:17:49.910 Add Basket MarketNo：0 StockIdx：32872
[11100] 2025/10/06 11:17:49.910 Divide StockNo {9904}
[11100] 2025/10/06 11:17:49.910 Add Basket MarketNo：0 StockIdx：32901
[11100] 2025/10/06 11:17:49.910 Divide StockNo {9914}
[11100] 2025/10/06 11:17:49.910 Add Basket MarketNo：0 StockIdx：32909
[11100] 2025/10/06 11:17:49.910 Divide StockNo {9938}
[11100] 2025/10/06 11:17:49.910 Add Basket MarketNo：0 StockIdx：32925
[11100] 2025/10/06 11:17:49.910 Divide StockNo {9939}
[11100] 2025/10/06 11:17:49.910 Add Basket MarketNo：0 StockIdx：32926
[11100] 2025/10/06 11:17:49.910 Divide StockNo {9945}
[11100] 2025/10/06 11:17:49.910 Add Basket MarketNo：0 StockIdx：32933
[11100] 2025/10/06 11:17:49.910 Divide StockNo {9958}
[11100] 2025/10/06 11:17:49.910 Add Basket MarketNo：0 StockIdx：32936
[11100] 2025/10/06 11:17:49.910 Divide StockNo {TSE}
[11100] 2025/10/06 11:17:49.910 Stock Is Not Exist 
[11100] 2025/10/06 11:17:49.910 Divide StockNo {TSE23}
[11100] 2025/10/06 11:17:49.910 Add Basket MarketNo：0 StockIdx：33253
[11100] 2025/10/06 11:17:49.910 Divide StockNo {TSE28}
[11100] 2025/10/06 11:17:49.910 Add Basket MarketNo：0 StockIdx：33258
[11100] 2025/10/06 11:17:49.910 Divide StockNo {TWMC}
[11100] 2025/10/06 11:17:49.910 Stock Is Not Exist 
[11100] 2025/10/06 11:17:49.910 Return PageNo： 1 
