-----------------------------------------------------------------
[31296] 2025/10/04 20:48:21.795 Precheck/DistributedServer Query result is 000,分配成功
[31296] 2025/10/04 20:48:21.795 >> Host srvsolace-tpa.capital.com.tw
[31296] 2025/10/04 20:48:21.817 SKQuoteLib_EnterMonitor IP：srvsolace-tpa.capital.com.tw
[31296] 2025/10/04 20:48:21.868 OnSessionConnect，Code: 3001, Error Code:0.
[31296] 2025/10/04 20:48:21.879 SKQuoteLib_EnterMonitorLONG starting
[31296] 2025/10/04 20:48:21.882 OnConnection ( 3001 , 0 ) 
[31296] 2025/10/04 20:48:22.119 Market Info is OK!
[31296] 2025/10/04 20:48:22.169 Catalog info is OK!
[31296] 2025/10/04 20:48:24.789 Solace RequestInitializeData (TO_S_19,S_1F)
[31296] 2025/10/04 20:48:24.789 Solace RequestInitializeData (TO_S_19,S_1F)
[31296] 2025/10/04 20:48:24.792 OnConnection ( 3003 , 0 ) 
[31296] 2025/10/04 20:48:30.616 SKQuoteLib_RequestMACD
[31296] 2025/10/04 20:48:30.617  SKQuoteLib_RequestMACD (  CAF00 )
[31296] 2025/10/04 20:48:30.617 SKQuoteLib_RequestBool
[31296] 2025/10/04 20:48:30.617  SKQuoteLib_RequestBool (  CAF00 )
[31296] 2025/10/04 20:48:30.618 SKQuoteLib_RequestFutureTradeInfo (0 , CAF00)
[31296] 2025/10/04 20:48:30.618 FutureTradeInfo - MarketNo：2 StockIdx：160
[31296] 2025/10/04 20:48:56.626 SKQuoteLib_RequestStocks (0 , CAF00)
[31296] 2025/10/04 20:48:56.627 Divide StockNo {CAF00}
[31296] 2025/10/04 20:48:56.627 Add Basket MarketNo：2 StockIdx：160
[31296] 2025/10/04 20:48:56.627 Return PageNo： 1 
[31296] 2025/10/04 20:49:06.444 SKQuoteLib_RequestStocks (0 , CAF00)
[31296] 2025/10/04 20:49:06.444 Divide StockNo {CAF00}
[31296] 2025/10/04 20:49:06.444 Add Basket MarketNo：2 StockIdx：160
[8656] 2025/10/04 21:57:50.218 Precheck/DistributedServer Query result is 000,分配成功
[8656] 2025/10/04 21:57:50.218 >> Host srvsolace-tpa.capital.com.tw
[8656] 2025/10/04 21:57:50.251 SKQuoteLib_EnterMonitor IP：srvsolace-tpa.capital.com.tw
[8656] 2025/10/04 21:57:50.311 OnSessionConnect，Code: 3001, Error Code:0.
[8656] 2025/10/04 21:57:50.344 SKQuoteLib_EnterMonitorLONG starting
[8656] 2025/10/04 21:57:50.419 OnConnection ( 3001 , 0 ) 
[13764] 2025/10/04 22:00:01.247 Precheck/DistributedServer Query result is 000,分配成功
[13764] 2025/10/04 22:00:01.247 >> Host srvsolace-tpa.capital.com.tw
[13764] 2025/10/04 22:00:01.251 SKQuoteLib_EnterMonitor IP：srvsolace-tpa.capital.com.tw
[13764] 2025/10/04 22:00:01.311 OnSessionConnect，Code: 3001, Error Code:0.
[13764] 2025/10/04 22:00:01.341 SKQuoteLib_EnterMonitorLONG starting
[13764] 2025/10/04 22:00:01.342 OnConnection ( 3001 , 0 ) 
[13764] 2025/10/04 22:00:01.848 Market Info is OK!
[13764] 2025/10/04 22:00:01.901 Catalog info is OK!
[13764] 2025/10/04 22:00:05.654 Solace RequestInitializeData (TO_S_19,S_1F)
[13764] 2025/10/04 22:00:05.654 Solace RequestInitializeData (TO_S_19,S_1F)
[13764] 2025/10/04 22:00:05.655 OnConnection ( 3003 , 0 ) 
