-----------------------------------------------------------------
[27344] 2025/11/20 09:35:19.764 A131221647_SKCenterLib_Login By CenterCert.
[27344] 2025/11/20 09:35:19.834 SKCenterLib_LoginGW A131221647
[27344] 2025/11/20 09:35:21.124 /Login/Password Query result is 000,1980;眤呼隔盞絏筄3るゼ跑絋玂ユ某眤跑呼隔盞絏
[27344] 2025/11/20 09:35:21.125 Start update timer automatically.  Result of Timer 27384
[27344] 2025/11/20 09:35:21.735 /Common/Personal/GetOrder2LoginData Query result is 000,Θ
[27344] 2025/11/20 09:35:22.178 /Common/Personal/GetAccountsByIDNO Query result is 000,琩高Θ
[27344] 2025/11/20 09:35:22.502 Precheck/DistributedServer Query result is 000,だ皌Θ
[27344] 2025/11/20 09:35:22.502 Login all status is 0
[14956] 2025/11/20 09:41:58.860 A131221647_SKCenterLib_Login By CenterCert.
[14956] 2025/11/20 09:41:58.907 SKCenterLib_LoginGW A131221647
[14956] 2025/11/20 09:41:59.605 /Login/Password Query result is 000,0;祅Θ
[14956] 2025/11/20 09:41:59.605 Start update timer automatically.  Result of Timer 27371
[14956] 2025/11/20 09:41:59.857 /Common/Personal/GetOrder2LoginData Query result is 000,Θ
[14956] 2025/11/20 09:42:00.001 /Common/Personal/GetAccountsByIDNO Query result is 000,琩高Θ
[14956] 2025/11/20 09:42:00.202 Precheck/DistributedServer Query result is 000,だ皌Θ
[14956] 2025/11/20 09:42:00.202 Login all status is 0
[26696] 2025/11/20 09:43:33.782 A131221647_SKCenterLib_Login By CenterCert.
[26696] 2025/11/20 09:43:33.828 SKCenterLib_LoginGW A131221647
[26696] 2025/11/20 09:43:34.284 /Login/Password Query result is 000,0;祅Θ
[26696] 2025/11/20 09:43:34.284 Start update timer automatically.  Result of Timer 27350
[26696] 2025/11/20 09:43:34.478 /Common/Personal/GetOrder2LoginData Query result is 000,Θ
[26696] 2025/11/20 09:43:34.640 /Common/Personal/GetAccountsByIDNO Query result is 000,琩高Θ
[26696] 2025/11/20 09:43:34.859 Precheck/DistributedServer Query result is 000,だ皌Θ
[26696] 2025/11/20 09:43:34.859 Login all status is 0
[24000] 2025/11/20 09:50:20.287 A131221647_SKCenterLib_Login By CenterCert.
[24000] 2025/11/20 09:50:20.332 SKCenterLib_LoginGW A131221647
[24000] 2025/11/20 09:50:20.966 /Login/Password Query result is 000,0;祅Θ
[24000] 2025/11/20 09:50:20.966 Start update timer automatically.  Result of Timer 27333
[24000] 2025/11/20 09:50:21.314 /Common/Personal/GetOrder2LoginData Query result is 000,Θ
[24000] 2025/11/20 09:50:21.422 /Common/Personal/GetAccountsByIDNO Query result is 000,琩高Θ
[24000] 2025/11/20 09:50:21.676 Precheck/DistributedServer Query result is 000,だ皌Θ
[24000] 2025/11/20 09:50:21.676 Login all status is 0
[23232] 2025/11/20 10:05:35.438 A131221647_SKCenterLib_Login By CenterCert.
[23232] 2025/11/20 10:05:35.487 SKCenterLib_LoginGW A131221647
[23232] 2025/11/20 10:05:36.252 /Login/Password Query result is 000,0;祅Θ
[23232] 2025/11/20 10:05:36.252 Start update timer automatically.  Result of Timer 27186
[23232] 2025/11/20 10:05:36.791 /Common/Personal/GetOrder2LoginData Query result is 000,Θ
[23232] 2025/11/20 10:05:37.097 /Common/Personal/GetAccountsByIDNO Query result is 000,琩高Θ
[23232] 2025/11/20 10:05:37.257 Precheck/DistributedServer Query result is 000,だ皌Θ
[23232] 2025/11/20 10:05:37.257 Login all status is 0
[15780] 2025/11/20 10:33:17.551 A131221647_SKCenterLib_Login By CenterCert.
[15780] 2025/11/20 10:33:17.604 SKCenterLib_LoginGW A131221647
[15780] 2025/11/20 10:33:18.220 /Login/Password Query result is 000,0;祅Θ
[15780] 2025/11/20 10:33:18.221 Start update timer automatically.  Result of Timer 27126
[15780] 2025/11/20 10:33:18.821 /Common/Personal/GetOrder2LoginData Query result is 000,Θ
[15780] 2025/11/20 10:33:19.127 /Common/Personal/GetAccountsByIDNO Query result is 000,琩高Θ
[15780] 2025/11/20 10:33:19.441 Precheck/DistributedServer Query result is 000,だ皌Θ
[15780] 2025/11/20 10:33:19.441 Login all status is 0
[11776] 2025/11/20 10:41:38.472 A131221647_SKCenterLib_Login By CenterCert.
[11776] 2025/11/20 10:41:38.523 SKCenterLib_LoginGW A131221647
[11776] 2025/11/20 10:41:39.305 /Login/Password Query result is 000,0;祅Θ
[11776] 2025/11/20 10:41:39.305 Start update timer automatically.  Result of Timer 27111
[11776] 2025/11/20 10:41:39.740 /Common/Personal/GetOrder2LoginData Query result is 000,Θ
[11776] 2025/11/20 10:41:39.911 /Common/Personal/GetAccountsByIDNO Query result is 000,琩高Θ
[11776] 2025/11/20 10:41:40.343 Precheck/DistributedServer Query result is 000,だ皌Θ
[11776] 2025/11/20 10:41:40.343 Login all status is 0
[24652] 2025/11/20 10:43:46.503 A131221647_SKCenterLib_Login By CenterCert.
[24652] 2025/11/20 10:43:46.551 SKCenterLib_LoginGW A131221647
[24652] 2025/11/20 10:43:46.975 /Login/Password Query result is 000,0;祅Θ
[24652] 2025/11/20 10:43:46.975 Start update timer automatically.  Result of Timer 27096
[24652] 2025/11/20 10:43:47.379 /Common/Personal/GetOrder2LoginData Query result is 000,Θ
[24652] 2025/11/20 10:43:47.686 /Common/Personal/GetAccountsByIDNO Query result is 000,琩高Θ
[24652] 2025/11/20 10:43:47.962 Precheck/DistributedServer Query result is 000,だ皌Θ
[24652] 2025/11/20 10:43:47.962 Login all status is 0
[5992] 2025/11/20 10:45:55.624 A131221647_SKCenterLib_Login By CenterCert.
[5992] 2025/11/20 10:45:55.671 SKCenterLib_LoginGW A131221647
[5992] 2025/11/20 10:45:56.170 /Login/Password Query result is 000,0;祅Θ
[5992] 2025/11/20 10:45:56.170 Start update timer automatically.  Result of Timer 27080
[5992] 2025/11/20 10:45:56.615 /Common/Personal/GetOrder2LoginData Query result is 000,Θ
[5992] 2025/11/20 10:45:56.836 /Common/Personal/GetAccountsByIDNO Query result is 000,琩高Θ
[5992] 2025/11/20 10:45:57.237 Precheck/DistributedServer Query result is 000,だ皌Θ
[5992] 2025/11/20 10:45:57.237 Login all status is 0
[21220] 2025/11/20 10:55:24.219 A131221647_SKCenterLib_Login By CenterCert.
[21220] 2025/11/20 10:55:24.273 SKCenterLib_LoginGW A131221647
[21220] 2025/11/20 10:55:24.666 /Login/Password Query result is 306,眤块眀腹┪盞絏岿粇叫穝块谅谅
[21220] 2025/11/20 10:55:24.666 Login error code is 306
[21220] 2025/11/20 10:55:34.541 A131221647_SKCenterLib_Login By CenterCert.
[21220] 2025/11/20 10:55:34.573 SKCenterLib_LoginGW A131221647
[21220] 2025/11/20 10:55:35.199 /Login/Password Query result is 000,0;祅Θ
[21220] 2025/11/20 10:55:35.199 Start update timer automatically.  Result of Timer 27065
[21220] 2025/11/20 10:55:35.633 /Common/Personal/GetOrder2LoginData Query result is 000,Θ
[21220] 2025/11/20 10:55:35.938 /Common/Personal/GetAccountsByIDNO Query result is 000,琩高Θ
[21220] 2025/11/20 10:55:36.235 Precheck/DistributedServer Query result is 000,だ皌Θ
[21220] 2025/11/20 10:55:36.235 Login all status is 0
[26700] 2025/11/20 10:59:07.480 A131221647_SKCenterLib_Login By CenterCert.
[26700] 2025/11/20 10:59:07.536 SKCenterLib_LoginGW A131221647
[26700] 2025/11/20 10:59:08.121 /Login/Password Query result is 000,0;祅Θ
[26700] 2025/11/20 10:59:08.121 Start update timer automatically.  Result of Timer 26962
[26700] 2025/11/20 10:59:08.580 /Common/Personal/GetOrder2LoginData Query result is 000,Θ
[26700] 2025/11/20 10:59:08.877 /Common/Personal/GetAccountsByIDNO Query result is 000,琩高Θ
[26700] 2025/11/20 10:59:09.310 Precheck/DistributedServer Query result is 000,だ皌Θ
[26700] 2025/11/20 10:59:09.310 Login all status is 0
[4040] 2025/11/20 11:00:17.106 A131221647_SKCenterLib_Login By CenterCert.
[4040] 2025/11/20 11:00:17.152 SKCenterLib_LoginGW A131221647
[4040] 2025/11/20 11:00:17.604 /Login/Password Query result is 000,0;祅Θ
[4040] 2025/11/20 11:00:17.604 Start update timer automatically.  Result of Timer 26947
[4040] 2025/11/20 11:00:17.005 /Common/Personal/GetOrder2LoginData Query result is 000,Θ
[4040] 2025/11/20 11:00:18.312 /Common/Personal/GetAccountsByIDNO Query result is 000,琩高Θ
[4040] 2025/11/20 11:00:19.595 Precheck/DistributedServer Query result is 000,だ皌Θ
[4040] 2025/11/20 11:00:19.595 Login all status is 0
[26968] 2025/11/20 11:03:54.308 A131221647_SKCenterLib_Login By CenterCert.
[26968] 2025/11/20 11:03:54.354 SKCenterLib_LoginGW A131221647
[26968] 2025/11/20 11:03:54.830 /Login/Password Query result is 000,0;祅Θ
[26968] 2025/11/20 11:03:54.830 Start update timer automatically.  Result of Timer 26910
[26968] 2025/11/20 11:03:55.039 /Common/Personal/GetOrder2LoginData Query result is 000,Θ
[26968] 2025/11/20 11:03:55.215 /Common/Personal/GetAccountsByIDNO Query result is 000,琩高Θ
[26968] 2025/11/20 11:03:55.417 Precheck/DistributedServer Query result is 000,だ皌Θ
[26968] 2025/11/20 11:03:55.417 Login all status is 0
