-----------------------------------------------------------------
[25248] 2025/10/05 00:25:39.961 A131221647_SKCenterLib_Login By CenterCert.
[25248] 2025/10/05 00:25:40.009 SKCenterLib_LoginGW A131221647
[25248] 2025/10/05 00:25:40.384 /Login/Password Query result is 000,0;登入成功
[25248] 2025/10/05 00:25:40.384 Start update timer automatically.  Result of Timer 14945
[25248] 2025/10/05 00:25:40.614 /Common/Personal/GetOrder2LoginData Query result is 000,成功
[25248] 2025/10/05 00:25:40.744 /Common/Personal/GetAccountsByIDNO Query result is 000,查詢成功
[25248] 2025/10/05 00:25:40.925 Precheck/DistributedServer Query result is 000,分配成功
[25248] 2025/10/05 00:25:40.925 Login all status is 0
[944] 2025/10/05 01:57:34.714 A131221647_SKCenterLib_Login By CenterCert.
[944] 2025/10/05 01:57:34.769 SKCenterLib_LoginGW A131221647
[944] 2025/10/05 01:57:35.155 /Login/Password Query result is 000,0;登入成功
[944] 2025/10/05 01:57:35.155 Start update timer automatically.  Result of Timer 14723
[944] 2025/10/05 01:57:35.382 /Common/Personal/GetOrder2LoginData Query result is 000,成功
[944] 2025/10/05 01:57:35.533 /Common/Personal/GetAccountsByIDNO Query result is 000,查詢成功
[944] 2025/10/05 01:57:35.719 Precheck/DistributedServer Query result is 000,分配成功
[944] 2025/10/05 01:57:35.720 Login all status is 0
[6468] 2025/10/05 01:58:17.765 A131221647_SKCenterLib_Login By CenterCert.
[6468] 2025/10/05 01:58:17.807 SKCenterLib_LoginGW A131221647
[6468] 2025/10/05 01:58:18.175 /Login/Password Query result is 000,0;登入成功
[6468] 2025/10/05 01:58:18.175 Start update timer automatically.  Result of Timer 14708
[6468] 2025/10/05 01:58:18.352 /Common/Personal/GetOrder2LoginData Query result is 000,成功
[6468] 2025/10/05 01:58:18.477 /Common/Personal/GetAccountsByIDNO Query result is 000,查詢成功
[6468] 2025/10/05 01:58:18.683 Precheck/DistributedServer Query result is 000,分配成功
[6468] 2025/10/05 01:58:18.683 Login all status is 0
[11940] 2025/10/05 02:00:40.715 A131221647_SKCenterLib_Login By CenterCert.
[11940] 2025/10/05 02:00:40.757 SKCenterLib_LoginGW A131221647
[11940] 2025/10/05 02:00:41.107 /Login/Password Query result is 000,0;登入成功
[11940] 2025/10/05 02:00:41.107 Start update timer automatically.  Result of Timer 14699
[11940] 2025/10/05 02:00:41.317 /Common/Personal/GetOrder2LoginData Query result is 000,成功
[11940] 2025/10/05 02:00:41.452 /Common/Personal/GetAccountsByIDNO Query result is 000,查詢成功
[11940] 2025/10/05 02:00:41.633 Precheck/DistributedServer Query result is 000,分配成功
[11940] 2025/10/05 02:00:41.634 Login all status is 0
[28444] 2025/10/05 02:01:16.083 A131221647_SKCenterLib_Login By CenterCert.
[28444] 2025/10/05 02:01:16.124 SKCenterLib_LoginGW A131221647
[28444] 2025/10/05 02:01:16.495 /Login/Password Query result is 000,0;登入成功
[28444] 2025/10/05 02:01:16.495 Start update timer automatically.  Result of Timer 14692
[28444] 2025/10/05 02:01:16.645 /Common/Personal/GetOrder2LoginData Query result is 000,成功
[28444] 2025/10/05 02:01:16.806 /Common/Personal/GetAccountsByIDNO Query result is 000,查詢成功
[28444] 2025/10/05 02:01:17.037 Precheck/DistributedServer Query result is 000,分配成功
[28444] 2025/10/05 02:01:17.037 Login all status is 0
[27736] 2025/10/05 02:03:37.152 A131221647_SKCenterLib_Login By CenterCert.
[27736] 2025/10/05 02:03:37.195 SKCenterLib_LoginGW A131221647
[27736] 2025/10/05 02:03:37.622 /Login/Password Query result is 000,0;登入成功
[27736] 2025/10/05 02:03:37.623 Start update timer automatically.  Result of Timer 14684
[27736] 2025/10/05 02:03:37.787 /Common/Personal/GetOrder2LoginData Query result is 000,成功
[27736] 2025/10/05 02:03:37.913 /Common/Personal/GetAccountsByIDNO Query result is 000,查詢成功
[27736] 2025/10/05 02:03:38.115 Precheck/DistributedServer Query result is 000,分配成功
[27736] 2025/10/05 02:03:38.115 Login all status is 0
[30544] 2025/10/05 02:16:07.288 A131221647_SKCenterLib_Login By CenterCert.
[30544] 2025/10/05 02:16:07.329 SKCenterLib_LoginGW A131221647
[30544] 2025/10/05 02:16:07.681 /Login/Password Query result is 000,0;登入成功
[30544] 2025/10/05 02:16:07.683 Start update timer automatically.  Result of Timer 14645
[30544] 2025/10/05 02:16:07.901 /Common/Personal/GetOrder2LoginData Query result is 000,成功
[30544] 2025/10/05 02:16:08.071 /Common/Personal/GetAccountsByIDNO Query result is 000,查詢成功
[30544] 2025/10/05 02:16:08.246 Precheck/DistributedServer Query result is 000,分配成功
[30544] 2025/10/05 02:16:08.246 Login all status is 0
[30572] 2025/10/05 02:26:51.547 A131221647_SKCenterLib_Login By CenterCert.
[30572] 2025/10/05 02:26:51.589 SKCenterLib_LoginGW A131221647
[30572] 2025/10/05 02:26:51.965 /Login/Password Query result is 000,0;登入成功
[30572] 2025/10/05 02:26:51.966 Start update timer automatically.  Result of Timer 14600
[30572] 2025/10/05 02:26:52.166 /Common/Personal/GetOrder2LoginData Query result is 000,成功
[30572] 2025/10/05 02:26:52.314 /Common/Personal/GetAccountsByIDNO Query result is 000,查詢成功
[30572] 2025/10/05 02:26:52.499 Precheck/DistributedServer Query result is 000,分配成功
[30572] 2025/10/05 02:26:52.499 Login all status is 0
[20836] 2025/10/05 02:38:06.179 A131221647_SKCenterLib_Login By CenterCert.
[20836] 2025/10/05 02:38:06.222 SKCenterLib_LoginGW A131221647
[20836] 2025/10/05 02:38:06.581 /Login/Password Query result is 000,0;登入成功
[20836] 2025/10/05 02:38:06.581 Start update timer automatically.  Result of Timer 14574
[20836] 2025/10/05 02:38:06.772 /Common/Personal/GetOrder2LoginData Query result is 000,成功
[20836] 2025/10/05 02:38:06.924 /Common/Personal/GetAccountsByIDNO Query result is 000,查詢成功
[20836] 2025/10/05 02:38:07.087 Precheck/DistributedServer Query result is 000,分配成功
[20836] 2025/10/05 02:38:07.087 Login all status is 0
[28564] 2025/10/05 02:39:52.789 A131221647_SKCenterLib_Login By CenterCert.
[28564] 2025/10/05 02:39:52.830 SKCenterLib_LoginGW A131221647
[28564] 2025/10/05 02:39:53.188 /Login/Password Query result is 000,0;登入成功
[28564] 2025/10/05 02:39:53.188 Start update timer automatically.  Result of Timer 14566
[28564] 2025/10/05 02:39:53.347 /Common/Personal/GetOrder2LoginData Query result is 000,成功
[28564] 2025/10/05 02:39:53.465 /Common/Personal/GetAccountsByIDNO Query result is 000,查詢成功
[28564] 2025/10/05 02:39:53.660 Precheck/DistributedServer Query result is 000,分配成功
[28564] 2025/10/05 02:39:53.660 Login all status is 0
[31060] 2025/10/05 02:42:31.953 A131221647_SKCenterLib_Login By CenterCert.
[31060] 2025/10/05 02:42:31.995 SKCenterLib_LoginGW A131221647
[31060] 2025/10/05 02:42:32.345 /Login/Password Query result is 000,0;登入成功
[31060] 2025/10/05 02:42:32.346 Start update timer automatically.  Result of Timer 14559
[31060] 2025/10/05 02:42:32.534 /Common/Personal/GetOrder2LoginData Query result is 000,成功
[31060] 2025/10/05 02:42:32.659 /Common/Personal/GetAccountsByIDNO Query result is 000,查詢成功
[31060] 2025/10/05 02:42:32.820 Precheck/DistributedServer Query result is 000,分配成功
[31060] 2025/10/05 02:42:32.820 Login all status is 0
[28904] 2025/10/05 02:44:09.102 A131221647_SKCenterLib_Login By CenterCert.
[28904] 2025/10/05 02:44:09.143 SKCenterLib_LoginGW A131221647
[28904] 2025/10/05 02:44:09.529 /Login/Password Query result is 000,0;登入成功
[28904] 2025/10/05 02:44:09.529 Start update timer automatically.  Result of Timer 14545
[28904] 2025/10/05 02:44:09.725 /Common/Personal/GetOrder2LoginData Query result is 000,成功
[28904] 2025/10/05 02:44:09.849 /Common/Personal/GetAccountsByIDNO Query result is 000,查詢成功
[28904] 2025/10/05 02:44:10.158 Precheck/DistributedServer Query result is 000,分配成功
[28904] 2025/10/05 02:44:10.159 Login all status is 0
[32308] 2025/10/05 02:48:19.771 A131221647_SKCenterLib_Login By CenterCert.
[32308] 2025/10/05 02:48:19.812 SKCenterLib_LoginGW A131221647
[32308] 2025/10/05 02:48:20.171 /Login/Password Query result is 000,0;登入成功
[32308] 2025/10/05 02:48:20.172 Start update timer automatically.  Result of Timer 14534
[32308] 2025/10/05 02:48:20.364 /Common/Personal/GetOrder2LoginData Query result is 000,成功
[32308] 2025/10/05 02:48:20.494 /Common/Personal/GetAccountsByIDNO Query result is 000,查詢成功
[32308] 2025/10/05 02:48:20.699 Precheck/DistributedServer Query result is 000,分配成功
[32308] 2025/10/05 02:48:20.699 Login all status is 0
[26116] 2025/10/05 02:53:39.506 A131221647_SKCenterLib_Login By CenterCert.
[26116] 2025/10/05 02:53:39.547 SKCenterLib_LoginGW A131221647
[26116] 2025/10/05 02:53:40.065 /Login/Password Query result is 000,0;登入成功
[26116] 2025/10/05 02:53:40.065 Start update timer automatically.  Result of Timer 14516
[26116] 2025/10/05 02:53:40.254 /Common/Personal/GetOrder2LoginData Query result is 000,成功
[26116] 2025/10/05 02:53:40.394 /Common/Personal/GetAccountsByIDNO Query result is 000,查詢成功
[26116] 2025/10/05 02:53:40.563 Precheck/DistributedServer Query result is 000,分配成功
[26116] 2025/10/05 02:53:40.563 Login all status is 0
[13384] 2025/10/05 02:55:40.137 A131221647_SKCenterLib_Login By CenterCert.
[13384] 2025/10/05 02:55:40.178 SKCenterLib_LoginGW A131221647
[13384] 2025/10/05 02:55:40.536 /Login/Password Query result is 000,0;登入成功
[13384] 2025/10/05 02:55:40.536 Start update timer automatically.  Result of Timer 14479
[13384] 2025/10/05 02:55:40.745 /Common/Personal/GetOrder2LoginData Query result is 000,成功
[13384] 2025/10/05 02:55:40.900 /Common/Personal/GetAccountsByIDNO Query result is 000,查詢成功
[13384] 2025/10/05 02:55:41.073 Precheck/DistributedServer Query result is 000,分配成功
[13384] 2025/10/05 02:55:41.073 Login all status is 0
[27016] 2025/10/05 03:08:47.001 A131221647_SKCenterLib_Login By CenterCert.
[27016] 2025/10/05 03:08:47.043 SKCenterLib_LoginGW A131221647
[27016] 2025/10/05 03:08:47.400 /Login/Password Query result is 000,0;登入成功
[27016] 2025/10/05 03:08:47.400 Start update timer automatically.  Result of Timer 14385
[27016] 2025/10/05 03:08:47.639 /Common/Personal/GetOrder2LoginData Query result is 000,成功
[27016] 2025/10/05 03:08:47.792 /Common/Personal/GetAccountsByIDNO Query result is 000,查詢成功
[27016] 2025/10/05 03:08:47.977 Precheck/DistributedServer Query result is 000,分配成功
[27016] 2025/10/05 03:08:47.977 Login all status is 0
[9676] 2025/10/05 03:10:08.171 A131221647_SKCenterLib_Login By CenterCert.
[9676] 2025/10/05 03:10:08.213 SKCenterLib_LoginGW A131221647
[9676] 2025/10/05 03:10:08.562 /Login/Password Query result is 000,0;登入成功
[9676] 2025/10/05 03:10:08.562 Start update timer automatically.  Result of Timer 14355
[9676] 2025/10/05 03:10:08.739 /Common/Personal/GetOrder2LoginData Query result is 000,成功
[9676] 2025/10/05 03:10:08.866 /Common/Personal/GetAccountsByIDNO Query result is 000,查詢成功
[9676] 2025/10/05 03:10:09.053 Precheck/DistributedServer Query result is 000,分配成功
[9676] 2025/10/05 03:10:09.053 Login all status is 0
[23200] 2025/10/05 03:11:40.310 A131221647_SKCenterLib_Login By CenterCert.
[23200] 2025/10/05 03:11:40.352 SKCenterLib_LoginGW A131221647
[23200] 2025/10/05 03:11:40.742 /Login/Password Query result is 000,0;登入成功
[23200] 2025/10/05 03:11:40.742 Start update timer automatically.  Result of Timer 14344
[23200] 2025/10/05 03:11:41.144 /Common/Personal/GetOrder2LoginData Query result is 000,成功
[23200] 2025/10/05 03:11:41.435 /Common/Personal/GetAccountsByIDNO Query result is 000,查詢成功
[23200] 2025/10/05 03:11:41.631 Precheck/DistributedServer Query result is 000,分配成功
[23200] 2025/10/05 03:11:41.631 Login all status is 0
[28676] 2025/10/05 03:15:42.153 A131221647_SKCenterLib_Login By CenterCert.
[28676] 2025/10/05 03:15:42.195 SKCenterLib_LoginGW A131221647
[28676] 2025/10/05 03:15:42.576 /Login/Password Query result is 000,0;登入成功
[28676] 2025/10/05 03:15:42.576 Start update timer automatically.  Result of Timer 14296
[28676] 2025/10/05 03:15:42.782 /Common/Personal/GetOrder2LoginData Query result is 000,成功
[28676] 2025/10/05 03:15:42.966 /Common/Personal/GetAccountsByIDNO Query result is 000,查詢成功
[28676] 2025/10/05 03:15:43.152 Precheck/DistributedServer Query result is 000,分配成功
[28676] 2025/10/05 03:15:43.152 Login all status is 0
[29112] 2025/10/05 03:23:08.871 A131221647_SKCenterLib_Login By CenterCert.
[29112] 2025/10/05 03:23:08.913 SKCenterLib_LoginGW A131221647
[29112] 2025/10/05 03:23:09.274 /Login/Password Query result is 000,0;登入成功
[29112] 2025/10/05 03:23:09.274 Start update timer automatically.  Result of Timer 14215
[29112] 2025/10/05 03:23:09.498 /Common/Personal/GetOrder2LoginData Query result is 000,成功
[29112] 2025/10/05 03:23:09.630 /Common/Personal/GetAccountsByIDNO Query result is 000,查詢成功
[29112] 2025/10/05 03:23:09.784 Precheck/DistributedServer Query result is 000,分配成功
[29112] 2025/10/05 03:23:09.784 Login all status is 0
[27496] 2025/10/05 03:24:16.063 A131221647_SKCenterLib_Login By CenterCert.
[27496] 2025/10/05 03:24:16.105 SKCenterLib_LoginGW A131221647
[27496] 2025/10/05 03:24:16.514 /Login/Password Query result is 000,0;登入成功
[27496] 2025/10/05 03:24:16.514 Start update timer automatically.  Result of Timer 14200
[27496] 2025/10/05 03:24:16.922 /Common/Personal/GetOrder2LoginData Query result is 000,成功
[27496] 2025/10/05 03:24:17.086 /Common/Personal/GetAccountsByIDNO Query result is 000,查詢成功
[27496] 2025/10/05 03:24:17.334 Precheck/DistributedServer Query result is 000,分配成功
[27496] 2025/10/05 03:24:17.334 Login all status is 0
[6456] 2025/10/05 03:24:56.642 A131221647_SKCenterLib_Login By CenterCert.
[6456] 2025/10/05 03:24:56.684 SKCenterLib_LoginGW A131221647
[6456] 2025/10/05 03:24:57.035 /Login/Password Query result is 000,0;登入成功
[6456] 2025/10/05 03:24:57.035 Start update timer automatically.  Result of Timer 14193
[6456] 2025/10/05 03:24:57.193 /Common/Personal/GetOrder2LoginData Query result is 000,成功
[6456] 2025/10/05 03:24:57.327 /Common/Personal/GetAccountsByIDNO Query result is 000,查詢成功
[6456] 2025/10/05 03:24:57.518 Precheck/DistributedServer Query result is 000,分配成功
[6456] 2025/10/05 03:24:57.518 Login all status is 0
[28584] 2025/10/05 03:30:35.607 A131221647_SKCenterLib_Login By CenterCert.
[28584] 2025/10/05 03:30:35.649 SKCenterLib_LoginGW A131221647
[28584] 2025/10/05 03:30:36.010 /Login/Password Query result is 000,0;登入成功
[28584] 2025/10/05 03:30:36.010 Start update timer automatically.  Result of Timer 14166
[28584] 2025/10/05 03:30:36.219 /Common/Personal/GetOrder2LoginData Query result is 000,成功
[28584] 2025/10/05 03:30:36.379 /Common/Personal/GetAccountsByIDNO Query result is 000,查詢成功
[28584] 2025/10/05 03:30:36.540 Precheck/DistributedServer Query result is 000,分配成功
[28584] 2025/10/05 03:30:36.540 Login all status is 0
[3176] 2025/10/05 03:31:29.744 A131221647_SKCenterLib_Login By CenterCert.
[3176] 2025/10/05 03:31:29.786 SKCenterLib_LoginGW A131221647
[3176] 2025/10/05 03:31:30.180 /Login/Password Query result is 000,0;登入成功
[3176] 2025/10/05 03:31:30.181 Start update timer automatically.  Result of Timer 14159
[3176] 2025/10/05 03:31:30.345 /Common/Personal/GetOrder2LoginData Query result is 000,成功
[3176] 2025/10/05 03:31:30.464 /Common/Personal/GetAccountsByIDNO Query result is 000,查詢成功
[3176] 2025/10/05 03:31:30.676 Precheck/DistributedServer Query result is 000,分配成功
[3176] 2025/10/05 03:31:30.676 Login all status is 0
[28152] 2025/10/05 03:32:48.686 A131221647_SKCenterLib_Login By CenterCert.
[28152] 2025/10/05 03:32:48.727 SKCenterLib_LoginGW A131221647
[28152] 2025/10/05 03:32:49.069 /Login/Password Query result is 000,0;登入成功
[28152] 2025/10/05 03:32:49.069 Start update timer automatically.  Result of Timer 14152
[28152] 2025/10/05 03:32:49.235 /Common/Personal/GetOrder2LoginData Query result is 000,成功
[28152] 2025/10/05 03:32:49.365 /Common/Personal/GetAccountsByIDNO Query result is 000,查詢成功
[28152] 2025/10/05 03:32:49.543 Precheck/DistributedServer Query result is 000,分配成功
[28152] 2025/10/05 03:32:49.543 Login all status is 0
[12204] 2025/10/05 03:49:15.606 A131221647_SKCenterLib_Login By CenterCert.
[12204] 2025/10/05 03:49:15.647 SKCenterLib_LoginGW A131221647
[12204] 2025/10/05 03:49:15.979 /Login/Password Query result is 000,0;登入成功
[12204] 2025/10/05 03:49:15.979 Start update timer automatically.  Result of Timer 14134
[12204] 2025/10/05 03:49:16.201 /Common/Personal/GetOrder2LoginData Query result is 000,成功
[12204] 2025/10/05 03:49:16.349 /Common/Personal/GetAccountsByIDNO Query result is 000,查詢成功
[12204] 2025/10/05 03:49:16.509 Precheck/DistributedServer Query result is 000,分配成功
[12204] 2025/10/05 03:49:16.509 Login all status is 0
[3112] 2025/10/05 03:54:35.076 A131221647_SKCenterLib_Login By CenterCert.
[3112] 2025/10/05 03:54:35.118 SKCenterLib_LoginGW A131221647
[3112] 2025/10/05 03:54:35.473 /Login/Password Query result is 000,0;登入成功
[3112] 2025/10/05 03:54:35.473 Start update timer automatically.  Result of Timer 14127
[3112] 2025/10/05 03:54:35.670 /Common/Personal/GetOrder2LoginData Query result is 000,成功
[3112] 2025/10/05 03:54:35.795 /Common/Personal/GetAccountsByIDNO Query result is 000,查詢成功
[3112] 2025/10/05 03:54:36.001 Precheck/DistributedServer Query result is 000,分配成功
[3112] 2025/10/05 03:54:36.001 Login all status is 0
[19660] 2025/10/05 03:57:38.654 A131221647_SKCenterLib_Login By CenterCert.
[19660] 2025/10/05 03:57:38.714 SKCenterLib_LoginGW A131221647
[19660] 2025/10/05 03:57:39.153 /Login/Password Query result is 000,0;登入成功
[19660] 2025/10/05 03:57:39.153 Start update timer automatically.  Result of Timer 14120
[19660] 2025/10/05 03:57:39.310 /Common/Personal/GetOrder2LoginData Query result is 000,成功
[19660] 2025/10/05 03:57:39.432 /Common/Personal/GetAccountsByIDNO Query result is 000,查詢成功
[19660] 2025/10/05 03:57:39.609 Precheck/DistributedServer Query result is 000,分配成功
[19660] 2025/10/05 03:57:39.609 Login all status is 0
[21864] 2025/10/05 04:11:02.478 A131221647_SKCenterLib_Login By CenterCert.
[21864] 2025/10/05 04:11:02.520 SKCenterLib_LoginGW A131221647
[21864] 2025/10/05 04:11:02.939 /Login/Password Query result is 000,0;登入成功
[21864] 2025/10/05 04:11:02.939 Start update timer automatically.  Result of Timer 14069
[21864] 2025/10/05 04:11:03.133 /Common/Personal/GetOrder2LoginData Query result is 000,成功
[21864] 2025/10/05 04:11:03.265 /Common/Personal/GetAccountsByIDNO Query result is 000,查詢成功
[21864] 2025/10/05 04:11:03.474 Precheck/DistributedServer Query result is 000,分配成功
[21864] 2025/10/05 04:11:03.474 Login all status is 0
[13680] 2025/10/05 04:12:11.038 A131221647_SKCenterLib_Login By CenterCert.
[13680] 2025/10/05 04:12:11.079 SKCenterLib_LoginGW A131221647
[13680] 2025/10/05 04:12:11.578 /Login/Password Query result is 000,0;登入成功
[13680] 2025/10/05 04:12:11.578 Start update timer automatically.  Result of Timer 14055
[13680] 2025/10/05 04:12:11.746 /Common/Personal/GetOrder2LoginData Query result is 000,成功
[13680] 2025/10/05 04:12:11.861 /Common/Personal/GetAccountsByIDNO Query result is 000,查詢成功
[13680] 2025/10/05 04:12:12.079 Precheck/DistributedServer Query result is 000,分配成功
[13680] 2025/10/05 04:12:12.080 Login all status is 0
[18844] 2025/10/05 04:13:05.154 A131221647_SKCenterLib_Login By CenterCert.
[18844] 2025/10/05 04:13:05.195 SKCenterLib_LoginGW A131221647
[18844] 2025/10/05 04:13:05.580 /Login/Password Query result is 000,0;登入成功
[18844] 2025/10/05 04:13:05.580 Start update timer automatically.  Result of Timer 14033
[18844] 2025/10/05 04:13:05.760 /Common/Personal/GetOrder2LoginData Query result is 000,成功
[18844] 2025/10/05 04:13:05.902 /Common/Personal/GetAccountsByIDNO Query result is 000,查詢成功
[18844] 2025/10/05 04:13:06.102 Precheck/DistributedServer Query result is 000,分配成功
[18844] 2025/10/05 04:13:06.102 Login all status is 0
[27312] 2025/10/05 04:19:07.270 A131221647_SKCenterLib_Login By CenterCert.
[27312] 2025/10/05 04:19:07.312 SKCenterLib_LoginGW A131221647
[27312] 2025/10/05 04:19:07.665 /Login/Password Query result is 000,0;登入成功
[27312] 2025/10/05 04:19:07.665 Start update timer automatically.  Result of Timer 13882
[27312] 2025/10/05 04:19:07.854 /Common/Personal/GetOrder2LoginData Query result is 000,成功
[27312] 2025/10/05 04:19:07.997 /Common/Personal/GetAccountsByIDNO Query result is 000,查詢成功
[27312] 2025/10/05 04:19:08.176 Precheck/DistributedServer Query result is 000,分配成功
[27312] 2025/10/05 04:19:08.176 Login all status is 0
[6228] 2025/10/05 04:22:09.334 A131221647_SKCenterLib_Login By CenterCert.
[6228] 2025/10/05 04:22:09.376 SKCenterLib_LoginGW A131221647
[6228] 2025/10/05 04:22:09.748 /Login/Password Query result is 000,0;登入成功
[6228] 2025/10/05 04:22:09.748 Start update timer automatically.  Result of Timer 13792
[6228] 2025/10/05 04:22:09.958 /Common/Personal/GetOrder2LoginData Query result is 000,成功
[6228] 2025/10/05 04:22:10.122 /Common/Personal/GetAccountsByIDNO Query result is 000,查詢成功
[6228] 2025/10/05 04:22:10.326 Precheck/DistributedServer Query result is 000,分配成功
[6228] 2025/10/05 04:22:10.326 Login all status is 0
[29112] 2025/10/05 04:22:48.889 A131221647_SKCenterLib_Login By CenterCert.
[29112] 2025/10/05 04:22:48.930 SKCenterLib_LoginGW A131221647
[29112] 2025/10/05 04:22:49.284 /Login/Password Query result is 000,0;登入成功
[29112] 2025/10/05 04:22:49.284 Start update timer automatically.  Result of Timer 13775
[29112] 2025/10/05 04:22:49.476 /Common/Personal/GetOrder2LoginData Query result is 000,成功
[29112] 2025/10/05 04:22:49.601 /Common/Personal/GetAccountsByIDNO Query result is 000,查詢成功
[29112] 2025/10/05 04:22:49.757 Precheck/DistributedServer Query result is 000,分配成功
[29112] 2025/10/05 04:22:49.757 Login all status is 0
[27716] 2025/10/05 04:37:08.415 A131221647_SKCenterLib_Login By CenterCert.
[27716] 2025/10/05 04:37:08.456 SKCenterLib_LoginGW A131221647
[27716] 2025/10/05 04:37:08.781 /Login/Password Query result is 000,0;登入成功
[27716] 2025/10/05 04:37:08.781 Start update timer automatically.  Result of Timer 13508
[27716] 2025/10/05 04:37:08.989 /Common/Personal/GetOrder2LoginData Query result is 000,成功
[27716] 2025/10/05 04:37:09.138 /Common/Personal/GetAccountsByIDNO Query result is 000,查詢成功
[27716] 2025/10/05 04:37:09.305 Precheck/DistributedServer Query result is 000,分配成功
[27716] 2025/10/05 04:37:09.305 Login all status is 0
[11308] 2025/10/05 04:37:44.005 A131221647_SKCenterLib_Login By CenterCert.
[11308] 2025/10/05 04:37:44.046 SKCenterLib_LoginGW A131221647
[11308] 2025/10/05 04:37:44.382 /Login/Password Query result is 000,0;登入成功
[11308] 2025/10/05 04:37:44.382 Start update timer automatically.  Result of Timer 13497
[11308] 2025/10/05 04:37:44.529 /Common/Personal/GetOrder2LoginData Query result is 000,成功
[11308] 2025/10/05 04:37:44.664 /Common/Personal/GetAccountsByIDNO Query result is 000,查詢成功
[11308] 2025/10/05 04:37:44.824 Precheck/DistributedServer Query result is 000,分配成功
[11308] 2025/10/05 04:37:44.825 Login all status is 0
[32136] 2025/10/05 04:38:23.650 A131221647_SKCenterLib_Login By CenterCert.
[32136] 2025/10/05 04:38:23.692 SKCenterLib_LoginGW A131221647
[32136] 2025/10/05 04:38:24.029 /Login/Password Query result is 000,0;登入成功
[32136] 2025/10/05 04:38:24.029 Start update timer automatically.  Result of Timer 13489
[32136] 2025/10/05 04:38:24.191 /Common/Personal/GetOrder2LoginData Query result is 000,成功
[32136] 2025/10/05 04:38:24.322 /Common/Personal/GetAccountsByIDNO Query result is 000,查詢成功
[32136] 2025/10/05 04:38:24.479 Precheck/DistributedServer Query result is 000,分配成功
[32136] 2025/10/05 04:38:24.479 Login all status is 0
[27132] 2025/10/05 04:46:55.492 A131221647_SKCenterLib_Login By CenterCert.
[27132] 2025/10/05 04:46:55.533 SKCenterLib_LoginGW A131221647
[27132] 2025/10/05 04:46:55.901 /Login/Password Query result is 000,0;登入成功
[27132] 2025/10/05 04:46:55.901 Start update timer automatically.  Result of Timer 13411
[27132] 2025/10/05 04:46:56.099 /Common/Personal/GetOrder2LoginData Query result is 000,成功
[27132] 2025/10/05 04:46:56.261 /Common/Personal/GetAccountsByIDNO Query result is 000,查詢成功
[27132] 2025/10/05 04:46:56.416 Precheck/DistributedServer Query result is 000,分配成功
[27132] 2025/10/05 04:46:56.416 Login all status is 0
[29332] 2025/10/05 05:12:34.281 A131221647_SKCenterLib_Login By CenterCert.
[29332] 2025/10/05 05:12:34.324 SKCenterLib_LoginGW A131221647
[29332] 2025/10/05 05:12:34.670 /Login/Password Query result is 000,0;登入成功
[29332] 2025/10/05 05:12:34.670 Start update timer automatically.  Result of Timer 12090
[29332] 2025/10/05 05:12:34.881 /Common/Personal/GetOrder2LoginData Query result is 000,成功
[29332] 2025/10/05 05:12:35.016 /Common/Personal/GetAccountsByIDNO Query result is 000,查詢成功
[29332] 2025/10/05 05:12:35.178 Precheck/DistributedServer Query result is 000,分配成功
[29332] 2025/10/05 05:12:35.179 Login all status is 0
[18688] 2025/10/05 05:15:39.656 A131221647_SKCenterLib_Login By CenterCert.
[18688] 2025/10/05 05:15:39.697 SKCenterLib_LoginGW A131221647
[18688] 2025/10/05 05:15:40.079 /Login/Password Query result is 000,0;登入成功
[18688] 2025/10/05 05:15:40.079 Start update timer automatically.  Result of Timer 12072
[18688] 2025/10/05 05:15:40.316 /Common/Personal/GetOrder2LoginData Query result is 000,成功
[18688] 2025/10/05 05:15:40.439 /Common/Personal/GetAccountsByIDNO Query result is 000,查詢成功
[18688] 2025/10/05 05:15:40.598 Precheck/DistributedServer Query result is 000,分配成功
[18688] 2025/10/05 05:15:40.598 Login all status is 0
[16724] 2025/10/05 05:27:04.579 A131221647_SKCenterLib_Login By CenterCert.
[16724] 2025/10/05 05:27:04.621 SKCenterLib_LoginGW A131221647
[16724] 2025/10/05 05:27:04.989 /Login/Password Query result is 000,0;登入成功
[16724] 2025/10/05 05:27:04.990 Start update timer automatically.  Result of Timer 12037
[16724] 2025/10/05 05:27:05.217 /Common/Personal/GetOrder2LoginData Query result is 000,成功
[16724] 2025/10/05 05:27:05.343 /Common/Personal/GetAccountsByIDNO Query result is 000,查詢成功
[16724] 2025/10/05 05:27:05.533 Precheck/DistributedServer Query result is 000,分配成功
[16724] 2025/10/05 05:27:05.533 Login all status is 0
[31204] 2025/10/05 05:30:36.377 A131221647_SKCenterLib_Login By CenterCert.
[31204] 2025/10/05 05:30:36.418 SKCenterLib_LoginGW A131221647
[31204] 2025/10/05 05:30:37.042 /Login/Password Query result is 000,0;登入成功
[31204] 2025/10/05 05:30:37.042 Start update timer automatically.  Result of Timer 11995
[31204] 2025/10/05 05:30:37.238 /Common/Personal/GetOrder2LoginData Query result is 000,成功
[31204] 2025/10/05 05:30:37.398 /Common/Personal/GetAccountsByIDNO Query result is 000,查詢成功
[31204] 2025/10/05 05:30:37.593 Precheck/DistributedServer Query result is 000,分配成功
[31204] 2025/10/05 05:30:37.593 Login all status is 0
[3252] 2025/10/05 13:09:32.966 A131221647_SKCenterLib_Login By CenterCert.
[3252] 2025/10/05 13:09:33.027 SKCenterLib_LoginGW A131221647
[3252] 2025/10/05 13:09:33.454 /Login/Password Query result is 000,0;登入成功
[3252] 2025/10/05 13:09:33.454 Start update timer automatically.  Result of Timer 11771
[3252] 2025/10/05 13:09:33.669 /Common/Personal/GetOrder2LoginData Query result is 000,成功
[3252] 2025/10/05 13:09:33.905 /Common/Personal/GetAccountsByIDNO Query result is 000,查詢成功
[3252] 2025/10/05 13:09:34.085 Precheck/DistributedServer Query result is 000,分配成功
[3252] 2025/10/05 13:09:34.085 Login all status is 0
[10700] 2025/10/05 13:14:30.942 A131221647_SKCenterLib_Login By CenterCert.
[10700] 2025/10/05 13:14:30.983 SKCenterLib_LoginGW A131221647
[10700] 2025/10/05 13:14:31.317 /Login/Password Query result is 000,0;登入成功
[10700] 2025/10/05 13:14:31.317 Start update timer automatically.  Result of Timer 11736
[10700] 2025/10/05 13:14:31.555 /Common/Personal/GetOrder2LoginData Query result is 000,成功
[10700] 2025/10/05 13:14:31.679 /Common/Personal/GetAccountsByIDNO Query result is 000,查詢成功
[10700] 2025/10/05 13:14:31.853 Precheck/DistributedServer Query result is 000,分配成功
[10700] 2025/10/05 13:14:31.853 Login all status is 0
[5580] 2025/10/05 13:18:26.484 A131221647_SKCenterLib_Login By CenterCert.
[5580] 2025/10/05 13:18:26.526 SKCenterLib_LoginGW A131221647
[5580] 2025/10/05 13:18:26.908 /Login/Password Query result is 306,您輸入的帳號或密碼錯誤，請重新輸入，謝謝。
[5580] 2025/10/05 13:18:26.908 Login error code is 306
[5580] 2025/10/05 13:18:33.882 A131221647_SKCenterLib_Login By CenterCert.
[5580] 2025/10/05 13:18:33.910 SKCenterLib_LoginGW A131221647
[5580] 2025/10/05 13:18:34.079 /Login/Password Query result is 306,您輸入的帳號或密碼錯誤，請重新輸入，謝謝。
[5580] 2025/10/05 13:18:34.079 Login error code is 306
[5580] 2025/10/05 13:18:44.784 A131221647_SKCenterLib_Login By CenterCert.
[5580] 2025/10/05 13:18:44.812 SKCenterLib_LoginGW A131221647
[5580] 2025/10/05 13:18:45.059 /Login/Password Query result is 000,0;登入成功
[5580] 2025/10/05 13:18:45.060 Start update timer automatically.  Result of Timer 11713
[5580] 2025/10/05 13:18:45.337 /Common/Personal/GetOrder2LoginData Query result is 000,成功
[5580] 2025/10/05 13:18:45.503 /Common/Personal/GetAccountsByIDNO Query result is 000,查詢成功
[5580] 2025/10/05 13:18:45.702 Precheck/DistributedServer Query result is 000,分配成功
[5580] 2025/10/05 13:18:45.702 Login all status is 0
[29456] 2025/10/05 13:19:18.729 A131221647_SKCenterLib_Login By CenterCert.
[29456] 2025/10/05 13:19:18.771 SKCenterLib_LoginGW A131221647
[29456] 2025/10/05 13:19:19.140 /Login/Password Query result is 000,0;登入成功
[29456] 2025/10/05 13:19:19.140 Start update timer automatically.  Result of Timer 11693
[29456] 2025/10/05 13:19:19.350 /Common/Personal/GetOrder2LoginData Query result is 000,成功
[29456] 2025/10/05 13:19:19.473 /Common/Personal/GetAccountsByIDNO Query result is 000,查詢成功
[29456] 2025/10/05 13:19:19.615 Precheck/DistributedServer Query result is 000,分配成功
[29456] 2025/10/05 13:19:19.615 Login all status is 0
[26416] 2025/10/05 13:24:05.358 A131221647_SKCenterLib_Login By CenterCert.
[26416] 2025/10/05 13:24:05.400 SKCenterLib_LoginGW A131221647
[26416] 2025/10/05 13:24:05.781 /Login/Password Query result is 000,0;登入成功
[26416] 2025/10/05 13:24:05.781 Start update timer automatically.  Result of Timer 11661
[26416] 2025/10/05 13:24:05.983 /Common/Personal/GetOrder2LoginData Query result is 000,成功
[26416] 2025/10/05 13:24:06.160 /Common/Personal/GetAccountsByIDNO Query result is 000,查詢成功
[26416] 2025/10/05 13:24:06.340 Precheck/DistributedServer Query result is 000,分配成功
[26416] 2025/10/05 13:24:06.340 Login all status is 0
[31024] 2025/10/05 13:27:00.838 A131221647_SKCenterLib_Login By CenterCert.
[31024] 2025/10/05 13:27:00.880 SKCenterLib_LoginGW A131221647
[31024] 2025/10/05 13:27:01.269 /Login/Password Query result is 000,0;登入成功
[31024] 2025/10/05 13:27:01.269 Start update timer automatically.  Result of Timer 11649
[31024] 2025/10/05 13:27:01.475 /Common/Personal/GetOrder2LoginData Query result is 000,成功
[31024] 2025/10/05 13:27:01.602 /Common/Personal/GetAccountsByIDNO Query result is 000,查詢成功
[31024] 2025/10/05 13:27:01.779 Precheck/DistributedServer Query result is 000,分配成功
[31024] 2025/10/05 13:27:01.779 Login all status is 0
[21268] 2025/10/05 13:36:44.783 A131221647_SKCenterLib_Login By CenterCert.
[21268] 2025/10/05 13:36:44.824 SKCenterLib_LoginGW A131221647
[21268] 2025/10/05 13:36:45.247 /Login/Password Query result is 000,0;登入成功
[21268] 2025/10/05 13:36:45.247 Start update timer automatically.  Result of Timer 11557
[21268] 2025/10/05 13:36:45.463 /Common/Personal/GetOrder2LoginData Query result is 000,成功
[21268] 2025/10/05 13:36:45.578 /Common/Personal/GetAccountsByIDNO Query result is 000,查詢成功
[21268] 2025/10/05 13:36:45.738 Precheck/DistributedServer Query result is 000,分配成功
[21268] 2025/10/05 13:36:45.738 Login all status is 0
[32156] 2025/10/05 13:41:01.724 A131221647_SKCenterLib_Login By CenterCert.
[32156] 2025/10/05 13:41:01.766 SKCenterLib_LoginGW A131221647
[32156] 2025/10/05 13:41:02.127 /Login/Password Query result is 000,0;登入成功
[32156] 2025/10/05 13:41:02.127 Start update timer automatically.  Result of Timer 11452
[32156] 2025/10/05 13:41:02.346 /Common/Personal/GetOrder2LoginData Query result is 000,成功
[32156] 2025/10/05 13:41:02.472 /Common/Personal/GetAccountsByIDNO Query result is 000,查詢成功
[32156] 2025/10/05 13:41:02.631 Precheck/DistributedServer Query result is 000,分配成功
[32156] 2025/10/05 13:41:02.631 Login all status is 0
[24940] 2025/10/05 13:43:28.974 A131221647_SKCenterLib_Login By CenterCert.
[24940] 2025/10/05 13:43:29.016 SKCenterLib_LoginGW A131221647
[24940] 2025/10/05 13:43:29.359 /Login/Password Query result is 000,0;登入成功
[24940] 2025/10/05 13:43:29.359 Start update timer automatically.  Result of Timer 11400
[24940] 2025/10/05 13:43:29.535 /Common/Personal/GetOrder2LoginData Query result is 000,成功
[24940] 2025/10/05 13:43:29.656 /Common/Personal/GetAccountsByIDNO Query result is 000,查詢成功
[24940] 2025/10/05 13:43:29.812 Precheck/DistributedServer Query result is 000,分配成功
[24940] 2025/10/05 13:43:29.812 Login all status is 0
[25760] 2025/10/05 20:45:56.450 A131221647_SKCenterLib_Login By CenterCert.
[25760] 2025/10/05 20:45:56.496 SKCenterLib_LoginGW A131221647
[25760] 2025/10/05 20:45:56.735 /Login/Password Query result is 000,0;登入成功
[25760] 2025/10/05 20:45:56.735 Start update timer automatically.  Result of Timer 9241
[25760] 2025/10/05 20:45:56.870 /Common/Personal/GetOrder2LoginData Query result is 000,成功
[25760] 2025/10/05 20:45:56.972 /Common/Personal/GetAccountsByIDNO Query result is 000,查詢成功
[25760] 2025/10/05 20:45:57.096 Precheck/DistributedServer Query result is 000,分配成功
[25760] 2025/10/05 20:45:57.096 Login all status is 0
[21652] 2025/10/05 20:59:33.706 A131221647_SKCenterLib_Login By CenterCert.
[21652] 2025/10/05 20:59:33.748 SKCenterLib_LoginGW A131221647
[21652] 2025/10/05 20:59:34.007 /Login/Password Query result is 000,0;登入成功
[21652] 2025/10/05 20:59:34.007 Start update timer automatically.  Result of Timer 9195
[21652] 2025/10/05 20:59:34.133 /Common/Personal/GetOrder2LoginData Query result is 000,成功
[21652] 2025/10/05 20:59:34.221 /Common/Personal/GetAccountsByIDNO Query result is 000,查詢成功
[21652] 2025/10/05 20:59:34.369 Precheck/DistributedServer Query result is 000,分配成功
[21652] 2025/10/05 20:59:34.369 Login all status is 0
[29988] 2025/10/05 21:01:40.189 A131221647_SKCenterLib_Login By CenterCert.
[29988] 2025/10/05 21:01:40.231 SKCenterLib_LoginGW A131221647
[29988] 2025/10/05 21:01:40.470 /Login/Password Query result is 000,0;登入成功
[29988] 2025/10/05 21:01:40.470 Start update timer automatically.  Result of Timer 9186
[29988] 2025/10/05 21:01:40.608 /Common/Personal/GetOrder2LoginData Query result is 000,成功
[29988] 2025/10/05 21:01:40.716 /Common/Personal/GetAccountsByIDNO Query result is 000,查詢成功
[29988] 2025/10/05 21:01:40.854 Precheck/DistributedServer Query result is 000,分配成功
[29988] 2025/10/05 21:01:40.854 Login all status is 0
[22768] 2025/10/05 21:11:39.798 A131221647_SKCenterLib_Login By CenterCert.
[22768] 2025/10/05 21:11:39.840 SKCenterLib_LoginGW A131221647
[22768] 2025/10/05 21:11:40.103 /Login/Password Query result is 000,0;登入成功
[22768] 2025/10/05 21:11:40.103 Start update timer automatically.  Result of Timer 9112
[22768] 2025/10/05 21:11:40.227 /Common/Personal/GetOrder2LoginData Query result is 000,成功
[22768] 2025/10/05 21:11:40.316 /Common/Personal/GetAccountsByIDNO Query result is 000,查詢成功
[22768] 2025/10/05 21:11:40.433 Precheck/DistributedServer Query result is 000,分配成功
[22768] 2025/10/05 21:11:40.433 Login all status is 0
[29828] 2025/10/05 21:21:24.608 A131221647_SKCenterLib_Login By CenterCert.
[29828] 2025/10/05 21:21:24.650 SKCenterLib_LoginGW A131221647
[29828] 2025/10/05 21:21:24.905 /Login/Password Query result is 000,0;登入成功
[29828] 2025/10/05 21:21:24.905 Start update timer automatically.  Result of Timer 9063
[29828] 2025/10/05 21:21:25.052 /Common/Personal/GetOrder2LoginData Query result is 000,成功
[29828] 2025/10/05 21:21:25.159 /Common/Personal/GetAccountsByIDNO Query result is 000,查詢成功
[29828] 2025/10/05 21:21:25.298 Precheck/DistributedServer Query result is 000,分配成功
[29828] 2025/10/05 21:21:25.298 Login all status is 0
[6344] 2025/10/05 21:31:11.629 A131221647_SKCenterLib_Login By CenterCert.
[6344] 2025/10/05 21:31:11.672 SKCenterLib_LoginGW A131221647
[6344] 2025/10/05 21:31:11.936 /Login/Password Query result is 000,0;登入成功
[6344] 2025/10/05 21:31:11.936 Start update timer automatically.  Result of Timer 9052
[6344] 2025/10/05 21:31:12.066 /Common/Personal/GetOrder2LoginData Query result is 000,成功
[6344] 2025/10/05 21:31:12.173 /Common/Personal/GetAccountsByIDNO Query result is 000,查詢成功
[6344] 2025/10/05 21:31:12.294 Precheck/DistributedServer Query result is 000,分配成功
[6344] 2025/10/05 21:31:12.294 Login all status is 0
[15232] 2025/10/05 21:37:38.411 A131221647_SKCenterLib_Login By CenterCert.
[15232] 2025/10/05 21:37:38.453 SKCenterLib_LoginGW A131221647
[15232] 2025/10/05 21:37:38.727 /Login/Password Query result is 000,0;登入成功
[15232] 2025/10/05 21:37:38.727 Start update timer automatically.  Result of Timer 9034
[15232] 2025/10/05 21:37:38.870 /Common/Personal/GetOrder2LoginData Query result is 000,成功
[15232] 2025/10/05 21:37:38.961 /Common/Personal/GetAccountsByIDNO Query result is 000,查詢成功
[15232] 2025/10/05 21:37:39.106 Precheck/DistributedServer Query result is 000,分配成功
[15232] 2025/10/05 21:37:39.106 Login all status is 0
[2912] 2025/10/05 21:41:14.479 A131221647_SKCenterLib_Login By CenterCert.
[2912] 2025/10/05 21:41:14.520 SKCenterLib_LoginGW A131221647
[2912] 2025/10/05 21:41:14.786 /Login/Password Query result is 000,0;登入成功
[2912] 2025/10/05 21:41:14.786 Start update timer automatically.  Result of Timer 9025
[2912] 2025/10/05 21:41:14.904 /Common/Personal/GetOrder2LoginData Query result is 000,成功
[2912] 2025/10/05 21:41:14.985 /Common/Personal/GetAccountsByIDNO Query result is 000,查詢成功
[2912] 2025/10/05 21:41:15.098 Precheck/DistributedServer Query result is 000,分配成功
[2912] 2025/10/05 21:41:15.098 Login all status is 0
[23272] 2025/10/05 21:42:24.676 A131221647_SKCenterLib_Login By CenterCert.
[23272] 2025/10/05 21:42:24.720 SKCenterLib_LoginGW A131221647
[23272] 2025/10/05 21:42:24.978 /Login/Password Query result is 000,0;登入成功
[23272] 2025/10/05 21:42:24.978 Start update timer automatically.  Result of Timer 9010
[23272] 2025/10/05 21:42:25.091 /Common/Personal/GetOrder2LoginData Query result is 000,成功
[23272] 2025/10/05 21:42:25.178 /Common/Personal/GetAccountsByIDNO Query result is 000,查詢成功
[23272] 2025/10/05 21:42:25.299 Precheck/DistributedServer Query result is 000,分配成功
[23272] 2025/10/05 21:42:25.299 Login all status is 0
[20836] 2025/10/05 21:55:17.171 A131221647_SKCenterLib_Login By CenterCert.
[20836] 2025/10/05 21:55:17.213 SKCenterLib_LoginGW A131221647
[20836] 2025/10/05 21:55:17.501 /Login/Password Query result is 000,0;登入成功
[20836] 2025/10/05 21:55:17.501 Start update timer automatically.  Result of Timer 8963
[20836] 2025/10/05 21:55:17.628 /Common/Personal/GetOrder2LoginData Query result is 000,成功
[20836] 2025/10/05 21:55:17.714 /Common/Personal/GetAccountsByIDNO Query result is 000,查詢成功
[20836] 2025/10/05 21:55:17.834 Precheck/DistributedServer Query result is 000,分配成功
[20836] 2025/10/05 21:55:17.834 Login all status is 0
[6236] 2025/10/05 21:59:07.220 A131221647_SKCenterLib_Login By CenterCert.
[6236] 2025/10/05 21:59:07.262 SKCenterLib_LoginGW A131221647
[6236] 2025/10/05 21:59:07.519 /Login/Password Query result is 000,0;登入成功
[6236] 2025/10/05 21:59:07.519 Start update timer automatically.  Result of Timer 8953
[6236] 2025/10/05 21:59:07.639 /Common/Personal/GetOrder2LoginData Query result is 000,成功
[6236] 2025/10/05 21:59:07.727 /Common/Personal/GetAccountsByIDNO Query result is 000,查詢成功
[6236] 2025/10/05 21:59:07.858 Precheck/DistributedServer Query result is 000,分配成功
[6236] 2025/10/05 21:59:07.858 Login all status is 0
[27320] 2025/10/05 22:01:21.745 A131221647_SKCenterLib_Login By CenterCert.
[27320] 2025/10/05 22:01:21.790 SKCenterLib_LoginGW A131221647
[27320] 2025/10/05 22:01:22.092 /Login/Password Query result is 000,0;登入成功
[27320] 2025/10/05 22:01:22.092 Start update timer automatically.  Result of Timer 8932
[27320] 2025/10/05 22:01:22.201 /Common/Personal/GetOrder2LoginData Query result is 000,成功
[27320] 2025/10/05 22:01:22.290 /Common/Personal/GetAccountsByIDNO Query result is 000,查詢成功
[27320] 2025/10/05 22:01:22.419 Precheck/DistributedServer Query result is 000,分配成功
[27320] 2025/10/05 22:01:22.419 Login all status is 0
[18812] 2025/10/05 22:02:04.124 A131221647_SKCenterLib_Login By CenterCert.
[18812] 2025/10/05 22:02:04.168 SKCenterLib_LoginGW A131221647
[18812] 2025/10/05 22:02:04.413 /Login/Password Query result is 000,0;登入成功
[18812] 2025/10/05 22:02:04.413 Start update timer automatically.  Result of Timer 8904
[18812] 2025/10/05 22:02:04.534 /Common/Personal/GetOrder2LoginData Query result is 000,成功
[18812] 2025/10/05 22:02:04.633 /Common/Personal/GetAccountsByIDNO Query result is 000,查詢成功
[18812] 2025/10/05 22:02:04.763 Precheck/DistributedServer Query result is 000,分配成功
[18812] 2025/10/05 22:02:04.764 Login all status is 0
[30856] 2025/10/05 22:08:26.671 A131221647_SKCenterLib_Login By CenterCert.
[30856] 2025/10/05 22:08:26.712 SKCenterLib_LoginGW A131221647
[30856] 2025/10/05 22:08:26.985 /Login/Password Query result is 000,0;登入成功
[30856] 2025/10/05 22:08:26.985 Start update timer automatically.  Result of Timer 8881
[30856] 2025/10/05 22:08:27.141 /Common/Personal/GetOrder2LoginData Query result is 000,成功
[30856] 2025/10/05 22:08:27.236 /Common/Personal/GetAccountsByIDNO Query result is 000,查詢成功
[30856] 2025/10/05 22:08:27.361 Precheck/DistributedServer Query result is 000,分配成功
[30856] 2025/10/05 22:08:27.361 Login all status is 0
[29132] 2025/10/05 22:11:32.784 A131221647_SKCenterLib_Login By CenterCert.
[29132] 2025/10/05 22:11:32.825 SKCenterLib_LoginGW A131221647
[29132] 2025/10/05 22:11:33.074 /Login/Password Query result is 000,0;登入成功
[29132] 2025/10/05 22:11:33.074 Start update timer automatically.  Result of Timer 8838
[29132] 2025/10/05 22:11:33.207 /Common/Personal/GetOrder2LoginData Query result is 000,成功
[29132] 2025/10/05 22:11:33.292 /Common/Personal/GetAccountsByIDNO Query result is 000,查詢成功
[29132] 2025/10/05 22:11:33.441 Precheck/DistributedServer Query result is 000,分配成功
[29132] 2025/10/05 22:11:33.441 Login all status is 0
[25344] 2025/10/05 22:13:44.518 A131221647_SKCenterLib_Login By CenterCert.
[25344] 2025/10/05 22:13:44.560 SKCenterLib_LoginGW A131221647
[25344] 2025/10/05 22:13:44.846 /Login/Password Query result is 000,0;登入成功
[25344] 2025/10/05 22:13:44.846 Start update timer automatically.  Result of Timer 8788
[25344] 2025/10/05 22:13:44.959 /Common/Personal/GetOrder2LoginData Query result is 000,成功
[25344] 2025/10/05 22:13:45.059 /Common/Personal/GetAccountsByIDNO Query result is 000,查詢成功
[25344] 2025/10/05 22:13:45.205 Precheck/DistributedServer Query result is 000,分配成功
[25344] 2025/10/05 22:13:45.205 Login all status is 0
[28496] 2025/10/05 22:17:39.251 A131221647_SKCenterLib_Login By CenterCert.
[28496] 2025/10/05 22:17:39.293 SKCenterLib_LoginGW A131221647
[28496] 2025/10/05 22:17:39.588 /Login/Password Query result is 000,0;登入成功
[28496] 2025/10/05 22:17:39.589 Start update timer automatically.  Result of Timer 8741
[28496] 2025/10/05 22:17:39.704 /Common/Personal/GetOrder2LoginData Query result is 000,成功
[28496] 2025/10/05 22:17:39.792 /Common/Personal/GetAccountsByIDNO Query result is 000,查詢成功
[28496] 2025/10/05 22:17:39.931 Precheck/DistributedServer Query result is 000,分配成功
[28496] 2025/10/05 22:17:39.931 Login all status is 0
[26520] 2025/10/05 22:19:25.380 A131221647_SKCenterLib_Login By CenterCert.
[26520] 2025/10/05 22:19:25.422 SKCenterLib_LoginGW A131221647
[26520] 2025/10/05 22:19:25.673 /Login/Password Query result is 000,0;登入成功
[26520] 2025/10/05 22:19:25.673 Start update timer automatically.  Result of Timer 8724
[26520] 2025/10/05 22:19:25.784 /Common/Personal/GetOrder2LoginData Query result is 000,成功
[26520] 2025/10/05 22:19:25.868 /Common/Personal/GetAccountsByIDNO Query result is 000,查詢成功
[26520] 2025/10/05 22:19:26.011 Precheck/DistributedServer Query result is 000,分配成功
[26520] 2025/10/05 22:19:26.011 Login all status is 0
[32012] 2025/10/05 22:26:22.623 A131221647_SKCenterLib_Login By CenterCert.
[32012] 2025/10/05 22:26:22.665 SKCenterLib_LoginGW A131221647
[32012] 2025/10/05 22:26:22.912 /Login/Password Query result is 000,0;登入成功
[32012] 2025/10/05 22:26:22.913 Start update timer automatically.  Result of Timer 8704
[32012] 2025/10/05 22:26:23.030 /Common/Personal/GetOrder2LoginData Query result is 000,成功
[32012] 2025/10/05 22:26:23.124 /Common/Personal/GetAccountsByIDNO Query result is 000,查詢成功
[32012] 2025/10/05 22:26:23.250 Precheck/DistributedServer Query result is 000,分配成功
[32012] 2025/10/05 22:26:23.251 Login all status is 0
[25212] 2025/10/05 22:36:34.799 A131221647_SKCenterLib_Login By CenterCert.
[25212] 2025/10/05 22:36:34.841 SKCenterLib_LoginGW A131221647
[25212] 2025/10/05 22:36:35.104 /Login/Password Query result is 000,0;登入成功
[25212] 2025/10/05 22:36:35.104 Start update timer automatically.  Result of Timer 8646
[25212] 2025/10/05 22:36:35.211 /Common/Personal/GetOrder2LoginData Query result is 000,成功
[25212] 2025/10/05 22:36:35.294 /Common/Personal/GetAccountsByIDNO Query result is 000,查詢成功
[25212] 2025/10/05 22:36:35.403 Precheck/DistributedServer Query result is 000,分配成功
[25212] 2025/10/05 22:36:35.403 Login all status is 0
[7856] 2025/10/05 22:38:39.230 A131221647_SKCenterLib_Login By CenterCert.
[7856] 2025/10/05 22:38:39.272 SKCenterLib_LoginGW A131221647
[7856] 2025/10/05 22:38:39.515 /Login/Password Query result is 000,0;登入成功
[7856] 2025/10/05 22:38:39.515 Start update timer automatically.  Result of Timer 8637
[7856] 2025/10/05 22:38:39.614 /Common/Personal/GetOrder2LoginData Query result is 000,成功
[7856] 2025/10/05 22:38:39.701 /Common/Personal/GetAccountsByIDNO Query result is 000,查詢成功
[7856] 2025/10/05 22:38:39.823 Precheck/DistributedServer Query result is 000,分配成功
[7856] 2025/10/05 22:38:39.823 Login all status is 0
[25416] 2025/10/05 22:39:23.578 A131221647_SKCenterLib_Login By CenterCert.
[25416] 2025/10/05 22:39:23.620 SKCenterLib_LoginGW A131221647
[25416] 2025/10/05 22:39:23.894 /Login/Password Query result is 000,0;登入成功
[25416] 2025/10/05 22:39:23.894 Start update timer automatically.  Result of Timer 8609
[25416] 2025/10/05 22:39:24.003 /Common/Personal/GetOrder2LoginData Query result is 000,成功
[25416] 2025/10/05 22:39:24.100 /Common/Personal/GetAccountsByIDNO Query result is 000,查詢成功
[25416] 2025/10/05 22:39:24.213 Precheck/DistributedServer Query result is 000,分配成功
[25416] 2025/10/05 22:39:24.213 Login all status is 0
