-----------------------------------------------------------------
[21428] 2025/10/07 14:55:37.707 ERROR: Initialization is not complete, you should call Initialize() first
[13024] 2025/10/07 14:58:54.979 ERROR: Initialization is not complete, you should call Initialize() first
[31720] 2025/10/07 14:59:49.170 ERROR: Initialization is not complete, you should call Initialize() first
[20028] 2025/10/07 15:19:28.204 SKOrderLib_Initialize
[17900] 2025/10/07 15:28:52.726 SKOrderLib_Initialize
[17900] 2025/10/07 15:28:52.735 GetRealBalanceReport( A131221647,6861960)
[25224] 2025/10/07 15:30:09.177 SKOrderLib_Initialize
[25224] 2025/10/07 15:30:09.178 GetRealBalanceReport( A131221647,0026861960)
[27132] 2025/10/07 15:37:19.092 SKOrderLib_Initialize
[27132] 2025/10/07 15:37:19.093 GetRealBalanceReport( A131221647,91840)
[32084] 2025/10/07 15:39:10.567 SKOrderLib_Initialize
[32084] 2025/10/07 15:39:10.567 GetRealBalanceReport( A131221647,91840)
[22748] 2025/10/07 15:40:03.284 SKOrderLib_Initialize
[22748] 2025/10/07 15:40:03.284 GetRealBalanceReport( A131221647,91842019411)
[27256] 2025/10/07 15:46:26.142 SKOrderLib_Initialize
[27256] 2025/10/07 15:46:26.143 GetRealBalanceReport( A131221647,91842019411)
[26180] 2025/10/07 16:00:13.333 SKOrderLib_Initialize
[26180] 2025/10/07 16:00:13.333 GetRealBalanceReport( A131221647,91842019411)
[26180] 2025/10/07 16:00:13.337 GetOpenInterest_Format3: (A131221647,F0200026861960)
[26180] 2025/10/07 16:00:13.932 GetOverseaFutureOpenInterest( A131221647,F0200026861960)
[26180] 2025/10/07 16:00:14.139 OpenInterest Query _OI result is 001,查無資料
[26180] 2025/10/07 16:00:14.170 OverseaFutureOpenInterestGW result is 001查無資料
[10896] 2025/10/07 16:14:03.406 SKOrderLib_Initialize
[10896] 2025/10/07 16:14:03.406 GetRealBalanceReport( A131221647,91842019411)
[10896] 2025/10/07 16:14:03.410 GetOpenInterest_Format3: (A131221647,F0200026861960)
[10896] 2025/10/07 16:14:05.376 GetOverseaFutureOpenInterest( A131221647,F0200026861960)
[10896] 2025/10/07 16:14:05.795 OverseaFutureOpenInterestGW result is 001查無資料
[10896] 2025/10/07 16:14:05.796 OpenInterest Query _OI result is 001,查無資料
[31460] 2025/10/07 16:14:54.056 SKOrderLib_Initialize
[31460] 2025/10/07 16:14:54.057 GetRealBalanceReport( A131221647,91842019411)
[31460] 2025/10/07 16:14:54.060 GetOpenInterest_Format3: (A131221647,F0200026861960)
[31460] 2025/10/07 16:14:54.942 GetOverseaFutureOpenInterest( A131221647,F0200026861960)
[31460] 2025/10/07 16:14:55.196 OverseaFutureOpenInterestGW result is 001查無資料
[31460] 2025/10/07 16:14:55.198 OpenInterest Query _OI result is 001,查無資料
[18788] 2025/10/07 16:17:13.664 SKOrderLib_Initialize
[18788] 2025/10/07 16:17:13.664 GetRealBalanceReport( A131221647,91842019411)
[18788] 2025/10/07 16:17:13.668 GetOpenInterest_Format3: (A131221647,F0200026861960)
[18788] 2025/10/07 16:17:14.217 GetOverseaFutureOpenInterest( A131221647,F0200026861960)
[18788] 2025/10/07 16:17:14.460 OpenInterest Query _OI result is 001,查無資料
[18788] 2025/10/07 16:17:14.713 OverseaFutureOpenInterestGW result is 001查無資料
[29772] 2025/10/07 16:18:58.279 SKOrderLib_Initialize
[29772] 2025/10/07 16:18:58.279 GetRealBalanceReport( A131221647,91842019411)
[29772] 2025/10/07 16:18:58.283 GetOpenInterest_Format3: (A131221647,F0200026861960)
[29772] 2025/10/07 16:18:58.776 GetOverseaFutureOpenInterest( A131221647,F0200026861960)
[29772] 2025/10/07 16:18:59.023 OverseaFutureOpenInterestGW result is 001查無資料
[29772] 2025/10/07 16:18:59.031 OpenInterest Query _OI result is 001,查無資料
[30488] 2025/10/07 16:20:22.478 SKOrderLib_Initialize
[30488] 2025/10/07 16:20:22.478 GetRealBalanceReport( A131221647,91842019411)
[30488] 2025/10/07 16:20:22.482 GetOpenInterest_Format3: (A131221647,F0200026861960)
[30488] 2025/10/07 16:20:23.331 GetOverseaFutureOpenInterest( A131221647,F0200026861960)
[30488] 2025/10/07 16:20:23.526 OverseaFutureOpenInterestGW result is 001查無資料
[30488] 2025/10/07 16:20:23.755 OpenInterest Query _OI result is 001,查無資料
[19692] 2025/10/07 16:31:10.019 SKOrderLib_Initialize
[19692] 2025/10/07 16:31:10.020 GetRealBalanceReport( A131221647,91842019411)
[19692] 2025/10/07 16:31:10.023 GetOpenInterest_Format3: (A131221647,F0200026861960)
[19692] 2025/10/07 16:31:13.006 OpenInterest Query _OI result is 001,查無資料
