-----------------------------------------------------------------
[10660] 2025/11/16 02:41:01.785 A131221647_SKCenterLib_Login By CenterCert.
[10660] 2025/11/16 02:41:01.842 SKCenterLib_LoginGW A131221647
[10660] 2025/11/16 02:41:02.300 /Login/Password Query result is 000,1980;您的【網路密碼】已逾3個月未變更，為確保交易安全，建議您變更網路密碼。
[10660] 2025/11/16 02:41:02.300 Start update timer automatically.  Result of Timer 31408
[10660] 2025/11/16 02:41:02.440 /Common/Personal/GetOrder2LoginData Query result is 000,成功
[10660] 2025/11/16 02:41:02.520 /Common/Personal/GetAccountsByIDNO Query result is 000,查詢成功
[10660] 2025/11/16 02:41:02.654 Precheck/DistributedServer Query result is 000,分配成功
[10660] 2025/11/16 02:41:02.654 Login all status is 0
[7756] 2025/11/16 02:45:43.311 A131221647_SKCenterLib_Login By CenterCert.
[7756] 2025/11/16 02:45:43.352 SKCenterLib_LoginGW A131221647
[7756] 2025/11/16 02:45:43.642 /Login/Password Query result is 000,0;登入成功
[7756] 2025/11/16 02:45:43.642 Start update timer automatically.  Result of Timer 31337
[7756] 2025/11/16 02:45:43.788 /Common/Personal/GetOrder2LoginData Query result is 000,成功
[7756] 2025/11/16 02:45:43.880 /Common/Personal/GetAccountsByIDNO Query result is 000,查詢成功
[7756] 2025/11/16 02:45:44.011 Precheck/DistributedServer Query result is 000,分配成功
[7756] 2025/11/16 02:45:44.011 Login all status is 0
[6324] 2025/11/16 03:00:02.812 A131221647_SKCenterLib_Login By CenterCert.
[6324] 2025/11/16 03:00:02.854 SKCenterLib_LoginGW A131221647
[6324] 2025/11/16 03:00:05.277 /Login/Password Query result is 000,0;登入成功
[6324] 2025/11/16 03:00:05.277 Start update timer automatically.  Result of Timer 31281
[6324] 2025/11/16 03:00:05.417 /Common/Personal/GetOrder2LoginData Query result is 000,成功
[6324] 2025/11/16 03:00:05.507 /Common/Personal/GetAccountsByIDNO Query result is 000,查詢成功
[6324] 2025/11/16 03:00:05.639 Precheck/DistributedServer Query result is 000,分配成功
[6324] 2025/11/16 03:00:05.639 Login all status is 0
[9464] 2025/11/16 03:11:52.758 A131221647_SKCenterLib_Login By CenterCert.
[9464] 2025/11/16 03:11:52.800 SKCenterLib_LoginGW A131221647
[9464] 2025/11/16 03:11:53.069 /Login/Password Query result is 000,0;登入成功
[9464] 2025/11/16 03:11:53.069 Start update timer automatically.  Result of Timer 31214
[9464] 2025/11/16 03:11:53.212 /Common/Personal/GetOrder2LoginData Query result is 000,成功
[9464] 2025/11/16 03:11:53.303 /Common/Personal/GetAccountsByIDNO Query result is 000,查詢成功
[9464] 2025/11/16 03:11:53.514 Precheck/DistributedServer Query result is 000,分配成功
[9464] 2025/11/16 03:11:53.515 Login all status is 0
