-----------------------------------------------------------------
[24232] 2025/11/17 17:07:37.079 A131221647_SKCenterLib_Login By CenterCert.
[24232] 2025/11/17 17:07:37.122 SKCenterLib_LoginGW A131221647
[24232] 2025/11/17 17:07:37.463 /Login/Password Query result is 000,0;登入成功
[24232] 2025/11/17 17:07:37.463 Start update timer automatically.  Result of Timer 32395
[24232] 2025/11/17 17:07:37.557 /Common/Personal/GetOrder2LoginData Query result is 000,成功
[24232] 2025/11/17 17:07:37.648 /Common/Personal/GetAccountsByIDNO Query result is 000,查詢成功
[24232] 2025/11/17 17:07:37.809 Precheck/DistributedServer Query result is 000,分配成功
[24232] 2025/11/17 17:07:37.809 Login all status is 0
[408] 2025/11/17 17:08:17.677 A131221647_SKCenterLib_Login By CenterCert.
[408] 2025/11/17 17:08:17.728 SKCenterLib_LoginGW A131221647
[408] 2025/11/17 17:08:17.997 /Login/Password Query result is 000,0;登入成功
[408] 2025/11/17 17:08:17.997 Start update timer automatically.  Result of Timer 32351
[408] 2025/11/17 17:08:18.102 /Common/Personal/GetOrder2LoginData Query result is 000,成功
[408] 2025/11/17 17:08:18.190 /Common/Personal/GetAccountsByIDNO Query result is 000,查詢成功
[408] 2025/11/17 17:08:18.300 Precheck/DistributedServer Query result is 000,分配成功
[408] 2025/11/17 17:08:18.300 Login all status is 0
[12692] 2025/11/17 17:17:20.845 A131221647_SKCenterLib_Login By CenterCert.
[12692] 2025/11/17 17:17:20.887 SKCenterLib_LoginGW A131221647
[12692] 2025/11/17 17:17:21.163 /Login/Password Query result is 000,0;登入成功
[12692] 2025/11/17 17:17:21.163 Start update timer automatically.  Result of Timer 32244
[12692] 2025/11/17 17:17:21.287 /Common/Personal/GetOrder2LoginData Query result is 000,成功
[12692] 2025/11/17 17:17:21.373 /Common/Personal/GetAccountsByIDNO Query result is 000,查詢成功
[12692] 2025/11/17 17:17:21.507 Precheck/DistributedServer Query result is 000,分配成功
[12692] 2025/11/17 17:17:21.507 Login all status is 0
