-----------------------------------------------------------------
[31296] 2025/10/04 20:48:17.082 Login ID: A131221647
[31296] 2025/10/04 20:48:17.082 Version¡G2.13.55
[31296] 2025/10/04 20:48:17.083 SKCOMBit¡Gx64
[31296] 2025/10/04 20:48:17.678 Login Code: 0
[31296] 2025/10/04 20:48:18.656 Client Host Name:tony-laptop,ClientIP:172.31.192.1
[2496] 2025/10/04 21:06:02.038 Login ID: A131221647
[2496] 2025/10/04 21:06:02.039 Version¡G2.13.55
[2496] 2025/10/04 21:06:02.039 SKCOMBit¡Gx64
[2496] 2025/10/04 21:06:02.594 Login Code: 0
[2496] 2025/10/04 21:06:03.457 Client Host Name:tony-laptop,ClientIP:172.31.192.1
[20248] 2025/10/04 21:55:35.693 Login ID: A131221647
[20248] 2025/10/04 21:55:35.694 Version¡G2.13.55
[20248] 2025/10/04 21:55:35.694 SKCOMBit¡Gx64
[20248] 2025/10/04 21:55:42.763 Login ID: A131221647
[20248] 2025/10/04 21:55:42.764 Version¡G2.13.55
[20248] 2025/10/04 21:55:42.764 SKCOMBit¡Gx64
[8656] 2025/10/04 21:57:33.309 Login ID: A131221647
[8656] 2025/10/04 21:57:33.309 Version¡G2.13.55
[8656] 2025/10/04 21:57:33.310 SKCOMBit¡Gx64
[8656] 2025/10/04 21:57:34.106 Login Code: 0
[8656] 2025/10/04 21:57:35.085 Client Host Name:tony-laptop,ClientIP:172.31.192.1
[13764] 2025/10/04 21:59:48.897 Login ID: A131221647
[13764] 2025/10/04 21:59:48.897 Version¡G2.13.55
[13764] 2025/10/04 21:59:48.898 SKCOMBit¡Gx64
[13764] 2025/10/04 21:59:50.872 Login Code: 0
[13764] 2025/10/04 21:59:52.154 Client Host Name:tony-laptop,ClientIP:172.31.192.1
[25248] 2025/10/05 00:25:40.026 Login ID: A131221647
[25248] 2025/10/05 00:25:40.026 Version¡G2.13.55
[25248] 2025/10/05 00:25:40.027 SKCOMBit¡Gx64
[25248] 2025/10/05 00:25:40.927 Login Code: 0
[25248] 2025/10/05 00:25:41.929 Client Host Name:tony-laptop,ClientIP:172.31.192.1
[944] 2025/10/05 01:57:34.784 Login ID: A131221647
[944] 2025/10/05 01:57:34.784 Version¡G2.13.55
[944] 2025/10/05 01:57:34.785 SKCOMBit¡Gx64
[944] 2025/10/05 01:57:35.720 Login Code: 0
[944] 2025/10/05 01:57:36.697 Client Host Name:tony-laptop,ClientIP:172.31.192.1
[6468] 2025/10/05 01:58:17.820 Login ID: A131221647
[6468] 2025/10/05 01:58:17.821 Version¡G2.13.55
[6468] 2025/10/05 01:58:17.821 SKCOMBit¡Gx64
[6468] 2025/10/05 01:58:18.683 Login Code: 0
[6468] 2025/10/05 01:58:19.574 Client Host Name:tony-laptop,ClientIP:172.31.192.1
[11940] 2025/10/05 02:00:40.770 Login ID: A131221647
[11940] 2025/10/05 02:00:40.771 Version¡G2.13.55
[11940] 2025/10/05 02:00:40.771 SKCOMBit¡Gx64
[11940] 2025/10/05 02:00:41.634 Login Code: 0
[11940] 2025/10/05 02:00:42.609 Client Host Name:tony-laptop,ClientIP:172.31.192.1
[28444] 2025/10/05 02:01:16.138 Login ID: A131221647
[28444] 2025/10/05 02:01:16.138 Version¡G2.13.55
[28444] 2025/10/05 02:01:16.138 SKCOMBit¡Gx64
[28444] 2025/10/05 02:01:17.037 Login Code: 0
[28444] 2025/10/05 02:01:18.016 Client Host Name:tony-laptop,ClientIP:172.31.192.1
[27736] 2025/10/05 02:03:37.210 Login ID: A131221647
[27736] 2025/10/05 02:03:37.210 Version¡G2.13.55
[27736] 2025/10/05 02:03:37.211 SKCOMBit¡Gx64
[27736] 2025/10/05 02:03:38.115 Login Code: 0
[27736] 2025/10/05 02:03:39.199 Client Host Name:tony-laptop,ClientIP:172.31.192.1
[30544] 2025/10/05 02:16:07.344 Login ID: A131221647
[30544] 2025/10/05 02:16:07.344 Version¡G2.13.55
[30544] 2025/10/05 02:16:07.345 SKCOMBit¡Gx64
[30544] 2025/10/05 02:16:08.246 Login Code: 0
[30544] 2025/10/05 02:16:09.406 Client Host Name:tony-laptop,ClientIP:172.31.192.1
[30572] 2025/10/05 02:26:51.603 Login ID: A131221647
[30572] 2025/10/05 02:26:51.604 Version¡G2.13.55
[30572] 2025/10/05 02:26:51.604 SKCOMBit¡Gx64
[30572] 2025/10/05 02:26:52.499 Login Code: 0
[30572] 2025/10/05 02:26:53.540 Client Host Name:tony-laptop,ClientIP:172.31.192.1
[20836] 2025/10/05 02:38:06.237 Login ID: A131221647
[20836] 2025/10/05 02:38:06.237 Version¡G2.13.55
[20836] 2025/10/05 02:38:06.238 SKCOMBit¡Gx64
[20836] 2025/10/05 02:38:07.087 Login Code: 0
[20836] 2025/10/05 02:38:08.461 Client Host Name:tony-laptop,ClientIP:172.31.192.1
[28564] 2025/10/05 02:39:52.844 Login ID: A131221647
[28564] 2025/10/05 02:39:52.845 Version¡G2.13.55
[28564] 2025/10/05 02:39:52.846 SKCOMBit¡Gx64
[28564] 2025/10/05 02:39:53.660 Login Code: 0
[28564] 2025/10/05 02:39:54.559 Client Host Name:tony-laptop,ClientIP:172.31.192.1
[31060] 2025/10/05 02:42:32.009 Login ID: A131221647
[31060] 2025/10/05 02:42:32.010 Version¡G2.13.55
[31060] 2025/10/05 02:42:32.010 SKCOMBit¡Gx64
[31060] 2025/10/05 02:42:32.820 Login Code: 0
[31060] 2025/10/05 02:42:33.746 Client Host Name:tony-laptop,ClientIP:172.31.192.1
[28904] 2025/10/05 02:44:09.157 Login ID: A131221647
[28904] 2025/10/05 02:44:09.158 Version¡G2.13.55
[28904] 2025/10/05 02:44:09.158 SKCOMBit¡Gx64
[28904] 2025/10/05 02:44:10.159 Login Code: 0
[28904] 2025/10/05 02:44:11.536 Client Host Name:tony-laptop,ClientIP:172.31.192.1
[32308] 2025/10/05 02:48:19.831 Login ID: A131221647
[32308] 2025/10/05 02:48:19.832 Version¡G2.13.55
[32308] 2025/10/05 02:48:19.833 SKCOMBit¡Gx64
[32308] 2025/10/05 02:48:20.699 Login Code: 0
[32308] 2025/10/05 02:48:21.667 Client Host Name:tony-laptop,ClientIP:172.31.192.1
[26116] 2025/10/05 02:53:39.562 Login ID: A131221647
[26116] 2025/10/05 02:53:39.563 Version¡G2.13.55
[26116] 2025/10/05 02:53:39.563 SKCOMBit¡Gx64
[26116] 2025/10/05 02:53:40.563 Login Code: 0
[26116] 2025/10/05 02:53:41.547 Client Host Name:tony-laptop,ClientIP:172.31.192.1
[13384] 2025/10/05 02:55:40.193 Login ID: A131221647
[13384] 2025/10/05 02:55:40.194 Version¡G2.13.55
[13384] 2025/10/05 02:55:40.194 SKCOMBit¡Gx64
[13384] 2025/10/05 02:55:41.073 Login Code: 0
[13384] 2025/10/05 02:55:41.983 Client Host Name:tony-laptop,ClientIP:172.31.192.1
[27016] 2025/10/05 03:08:47.058 Login ID: A131221647
[27016] 2025/10/05 03:08:47.058 Version¡G2.13.55
[27016] 2025/10/05 03:08:47.059 SKCOMBit¡Gx64
[27016] 2025/10/05 03:08:47.977 Login Code: 0
[27016] 2025/10/05 03:08:48.909 Client Host Name:tony-laptop,ClientIP:172.31.192.1
[9676] 2025/10/05 03:10:08.227 Login ID: A131221647
[9676] 2025/10/05 03:10:08.228 Version¡G2.13.55
[9676] 2025/10/05 03:10:08.228 SKCOMBit¡Gx64
[9676] 2025/10/05 03:10:09.053 Login Code: 0
[9676] 2025/10/05 03:10:10.012 Client Host Name:tony-laptop,ClientIP:172.31.192.1
[23200] 2025/10/05 03:11:40.367 Login ID: A131221647
[23200] 2025/10/05 03:11:40.367 Version¡G2.13.55
[23200] 2025/10/05 03:11:40.368 SKCOMBit¡Gx64
[23200] 2025/10/05 03:11:41.631 Login Code: 0
[23200] 2025/10/05 03:11:42.605 Client Host Name:tony-laptop,ClientIP:172.31.192.1
[28676] 2025/10/05 03:15:42.210 Login ID: A131221647
[28676] 2025/10/05 03:15:42.210 Version¡G2.13.55
[28676] 2025/10/05 03:15:42.211 SKCOMBit¡Gx64
[28676] 2025/10/05 03:15:43.152 Login Code: 0
[28676] 2025/10/05 03:15:44.124 Client Host Name:tony-laptop,ClientIP:172.31.192.1
[29112] 2025/10/05 03:23:08.927 Login ID: A131221647
[29112] 2025/10/05 03:23:08.928 Version¡G2.13.55
[29112] 2025/10/05 03:23:08.928 SKCOMBit¡Gx64
[29112] 2025/10/05 03:23:09.784 Login Code: 0
[29112] 2025/10/05 03:23:10.878 Client Host Name:tony-laptop,ClientIP:172.31.192.1
[27496] 2025/10/05 03:24:16.120 Login ID: A131221647
[27496] 2025/10/05 03:24:16.120 Version¡G2.13.55
[27496] 2025/10/05 03:24:16.121 SKCOMBit¡Gx64
[27496] 2025/10/05 03:24:17.334 Login Code: 0
[27496] 2025/10/05 03:24:18.322 Client Host Name:tony-laptop,ClientIP:172.31.192.1
[6456] 2025/10/05 03:24:56.698 Login ID: A131221647
[6456] 2025/10/05 03:24:56.699 Version¡G2.13.55
[6456] 2025/10/05 03:24:56.699 SKCOMBit¡Gx64
[6456] 2025/10/05 03:24:57.518 Login Code: 0
[6456] 2025/10/05 03:24:58.584 Client Host Name:tony-laptop,ClientIP:172.31.192.1
[28584] 2025/10/05 03:30:35.664 Login ID: A131221647
[28584] 2025/10/05 03:30:35.664 Version¡G2.13.55
[28584] 2025/10/05 03:30:35.665 SKCOMBit¡Gx64
[28584] 2025/10/05 03:30:36.540 Login Code: 0
[28584] 2025/10/05 03:30:37.523 Client Host Name:tony-laptop,ClientIP:172.31.192.1
[3176] 2025/10/05 03:31:29.800 Login ID: A131221647
[3176] 2025/10/05 03:31:29.801 Version¡G2.13.55
[3176] 2025/10/05 03:31:29.801 SKCOMBit¡Gx64
[3176] 2025/10/05 03:31:30.676 Login Code: 0
[3176] 2025/10/05 03:31:31.650 Client Host Name:tony-laptop,ClientIP:172.31.192.1
[28152] 2025/10/05 03:32:48.743 Login ID: A131221647
[28152] 2025/10/05 03:32:48.743 Version¡G2.13.55
[28152] 2025/10/05 03:32:48.744 SKCOMBit¡Gx64
[28152] 2025/10/05 03:32:49.543 Login Code: 0
[28152] 2025/10/05 03:32:50.591 Client Host Name:tony-laptop,ClientIP:172.31.192.1
[12204] 2025/10/05 03:49:15.662 Login ID: A131221647
[12204] 2025/10/05 03:49:15.663 Version¡G2.13.55
[12204] 2025/10/05 03:49:15.663 SKCOMBit¡Gx64
[12204] 2025/10/05 03:49:16.509 Login Code: 0
[12204] 2025/10/05 03:49:17.436 Client Host Name:tony-laptop,ClientIP:172.31.192.1
[3112] 2025/10/05 03:54:35.133 Login ID: A131221647
[3112] 2025/10/05 03:54:35.133 Version¡G2.13.55
[3112] 2025/10/05 03:54:35.134 SKCOMBit¡Gx64
[3112] 2025/10/05 03:54:36.001 Login Code: 0
[3112] 2025/10/05 03:54:37.053 Client Host Name:tony-laptop,ClientIP:172.31.192.1
[19660] 2025/10/05 03:57:38.728 Login ID: A131221647
[19660] 2025/10/05 03:57:38.729 Version¡G2.13.55
[19660] 2025/10/05 03:57:38.729 SKCOMBit¡Gx64
[19660] 2025/10/05 03:57:39.609 Login Code: 0
[19660] 2025/10/05 03:57:40.696 Client Host Name:tony-laptop,ClientIP:172.31.192.1
[21864] 2025/10/05 04:11:02.536 Login ID: A131221647
[21864] 2025/10/05 04:11:02.536 Version¡G2.13.55
[21864] 2025/10/05 04:11:02.537 SKCOMBit¡Gx64
[21864] 2025/10/05 04:11:03.474 Login Code: 0
[21864] 2025/10/05 04:11:04.380 Client Host Name:tony-laptop,ClientIP:172.31.192.1
[13680] 2025/10/05 04:12:11.093 Login ID: A131221647
[13680] 2025/10/05 04:12:11.093 Version¡G2.13.55
[13680] 2025/10/05 04:12:11.093 SKCOMBit¡Gx64
[13680] 2025/10/05 04:12:12.080 Login Code: 0
[13680] 2025/10/05 04:12:13.058 Client Host Name:tony-laptop,ClientIP:172.31.192.1
[18844] 2025/10/05 04:13:05.209 Login ID: A131221647
[18844] 2025/10/05 04:13:05.210 Version¡G2.13.55
[18844] 2025/10/05 04:13:05.210 SKCOMBit¡Gx64
[18844] 2025/10/05 04:13:06.102 Login Code: 0
[18844] 2025/10/05 04:13:07.059 Client Host Name:tony-laptop,ClientIP:172.31.192.1
[27312] 2025/10/05 04:19:07.327 Login ID: A131221647
[27312] 2025/10/05 04:19:07.327 Version¡G2.13.55
[27312] 2025/10/05 04:19:07.328 SKCOMBit¡Gx64
[27312] 2025/10/05 04:19:08.176 Login Code: 0
[27312] 2025/10/05 04:19:09.114 Client Host Name:tony-laptop,ClientIP:172.31.192.1
[6228] 2025/10/05 04:22:09.390 Login ID: A131221647
[6228] 2025/10/05 04:22:09.391 Version¡G2.13.55
[6228] 2025/10/05 04:22:09.391 SKCOMBit¡Gx64
[6228] 2025/10/05 04:22:10.326 Login Code: 0
[6228] 2025/10/05 04:22:11.217 Client Host Name:tony-laptop,ClientIP:172.31.192.1
[29112] 2025/10/05 04:22:48.944 Login ID: A131221647
[29112] 2025/10/05 04:22:48.945 Version¡G2.13.55
[29112] 2025/10/05 04:22:48.945 SKCOMBit¡Gx64
[29112] 2025/10/05 04:22:49.757 Login Code: 0
[29112] 2025/10/05 04:22:50.718 Client Host Name:tony-laptop,ClientIP:172.31.192.1
[27716] 2025/10/05 04:37:08.471 Login ID: A131221647
[27716] 2025/10/05 04:37:08.472 Version¡G2.13.55
[27716] 2025/10/05 04:37:08.472 SKCOMBit¡Gx64
[27716] 2025/10/05 04:37:09.305 Login Code: 0
[27716] 2025/10/05 04:37:10.233 Client Host Name:tony-laptop,ClientIP:172.31.192.1
[11308] 2025/10/05 04:37:44.061 Login ID: A131221647
[11308] 2025/10/05 04:37:44.062 Version¡G2.13.55
[11308] 2025/10/05 04:37:44.062 SKCOMBit¡Gx64
[11308] 2025/10/05 04:37:44.825 Login Code: 0
[11308] 2025/10/05 04:37:45.740 Client Host Name:tony-laptop,ClientIP:172.31.192.1
[32136] 2025/10/05 04:38:23.706 Login ID: A131221647
[32136] 2025/10/05 04:38:23.707 Version¡G2.13.55
[32136] 2025/10/05 04:38:23.707 SKCOMBit¡Gx64
[32136] 2025/10/05 04:38:24.480 Login Code: 0
[32136] 2025/10/05 04:38:25.362 Client Host Name:tony-laptop,ClientIP:172.31.192.1
[27132] 2025/10/05 04:46:55.547 Login ID: A131221647
[27132] 2025/10/05 04:46:55.548 Version¡G2.13.55
[27132] 2025/10/05 04:46:55.548 SKCOMBit¡Gx64
[27132] 2025/10/05 04:46:56.416 Login Code: 0
[27132] 2025/10/05 04:46:57.311 Client Host Name:tony-laptop,ClientIP:172.31.192.1
[29332] 2025/10/05 05:12:34.340 Login ID: A131221647
[29332] 2025/10/05 05:12:34.341 Version¡G2.13.55
[29332] 2025/10/05 05:12:34.341 SKCOMBit¡Gx64
[29332] 2025/10/05 05:12:35.179 Login Code: 0
[29332] 2025/10/05 05:12:36.162 Client Host Name:tony-laptop,ClientIP:172.31.192.1
[18688] 2025/10/05 05:15:39.711 Login ID: A131221647
[18688] 2025/10/05 05:15:39.712 Version¡G2.13.55
[18688] 2025/10/05 05:15:39.712 SKCOMBit¡Gx64
[18688] 2025/10/05 05:15:40.598 Login Code: 0
[18688] 2025/10/05 05:15:41.537 Client Host Name:tony-laptop,ClientIP:172.31.192.1
[16724] 2025/10/05 05:27:04.635 Login ID: A131221647
[16724] 2025/10/05 05:27:04.636 Version¡G2.13.55
[16724] 2025/10/05 05:27:04.636 SKCOMBit¡Gx64
[16724] 2025/10/05 05:27:05.533 Login Code: 0
[16724] 2025/10/05 05:27:06.578 Client Host Name:tony-laptop,ClientIP:172.31.192.1
[31204] 2025/10/05 05:30:36.433 Login ID: A131221647
[31204] 2025/10/05 05:30:36.433 Version¡G2.13.55
[31204] 2025/10/05 05:30:36.434 SKCOMBit¡Gx64
[31204] 2025/10/05 05:30:37.593 Login Code: 0
[31204] 2025/10/05 05:30:39.661 Client Host Name:tony-laptop,ClientIP:172.31.192.1
[3252] 2025/10/05 13:09:33.042 Login ID: A131221647
[3252] 2025/10/05 13:09:33.042 Version¡G2.13.55
[3252] 2025/10/05 13:09:33.043 SKCOMBit¡Gx64
[3252] 2025/10/05 13:09:34.085 Login Code: 0
[3252] 2025/10/05 13:09:35.060 Client Host Name:tony-laptop,ClientIP:172.31.192.1
[10700] 2025/10/05 13:14:30.998 Login ID: A131221647
[10700] 2025/10/05 13:14:30.999 Version¡G2.13.55
[10700] 2025/10/05 13:14:30.999 SKCOMBit¡Gx64
[10700] 2025/10/05 13:14:31.853 Login Code: 0
[10700] 2025/10/05 13:14:33.004 Client Host Name:tony-laptop,ClientIP:172.31.192.1
[5580] 2025/10/05 13:18:26.540 Login ID: A131221647
[5580] 2025/10/05 13:18:26.541 Version¡G2.13.55
[5580] 2025/10/05 13:18:26.541 SKCOMBit¡Gx64
[5580] 2025/10/05 13:18:33.910 Login ID: A131221647
[5580] 2025/10/05 13:18:33.911 Version¡G2.13.55
[5580] 2025/10/05 13:18:33.911 SKCOMBit¡Gx64
[5580] 2025/10/05 13:18:44.812 Login ID: A131221647
[5580] 2025/10/05 13:18:44.813 Version¡G2.13.55
[5580] 2025/10/05 13:18:44.813 SKCOMBit¡Gx64
[5580] 2025/10/05 13:18:45.702 Login Code: 0
[5580] 2025/10/05 13:18:46.621 Client Host Name:tony-laptop,ClientIP:172.31.192.1
[29456] 2025/10/05 13:19:18.785 Login ID: A131221647
[29456] 2025/10/05 13:19:18.786 Version¡G2.13.55
[29456] 2025/10/05 13:19:18.786 SKCOMBit¡Gx64
[29456] 2025/10/05 13:19:19.615 Login Code: 0
[29456] 2025/10/05 13:19:20.519 Client Host Name:tony-laptop,ClientIP:172.31.192.1
[26416] 2025/10/05 13:24:05.414 Login ID: A131221647
[26416] 2025/10/05 13:24:05.415 Version¡G2.13.55
[26416] 2025/10/05 13:24:05.415 SKCOMBit¡Gx64
[26416] 2025/10/05 13:24:06.340 Login Code: 0
[26416] 2025/10/05 13:24:08.475 Client Host Name:tony-laptop,ClientIP:172.31.192.1
[31024] 2025/10/05 13:27:00.894 Login ID: A131221647
[31024] 2025/10/05 13:27:00.895 Version¡G2.13.55
[31024] 2025/10/05 13:27:00.895 SKCOMBit¡Gx64
[31024] 2025/10/05 13:27:01.779 Login Code: 0
[31024] 2025/10/05 13:27:02.999 Client Host Name:tony-laptop,ClientIP:172.31.192.1
[21268] 2025/10/05 13:36:44.839 Login ID: A131221647
[21268] 2025/10/05 13:36:44.840 Version¡G2.13.55
[21268] 2025/10/05 13:36:44.841 SKCOMBit¡Gx64
[21268] 2025/10/05 13:36:45.738 Login Code: 0
[21268] 2025/10/05 13:36:46.774 Client Host Name:tony-laptop,ClientIP:172.31.192.1
[32156] 2025/10/05 13:41:01.781 Login ID: A131221647
[32156] 2025/10/05 13:41:01.781 Version¡G2.13.55
[32156] 2025/10/05 13:41:01.782 SKCOMBit¡Gx64
[32156] 2025/10/05 13:41:02.631 Login Code: 0
[32156] 2025/10/05 13:41:03.535 Client Host Name:tony-laptop,ClientIP:172.31.192.1
[24940] 2025/10/05 13:43:29.033 Login ID: A131221647
[24940] 2025/10/05 13:43:29.033 Version¡G2.13.55
[24940] 2025/10/05 13:43:29.034 SKCOMBit¡Gx64
[24940] 2025/10/05 13:43:29.812 Login Code: 0
[24940] 2025/10/05 13:43:30.725 Client Host Name:tony-laptop,ClientIP:172.31.192.1
[25760] 2025/10/05 20:45:56.511 Login ID: A131221647
[25760] 2025/10/05 20:45:56.512 Version¡G2.13.55
[25760] 2025/10/05 20:45:56.512 SKCOMBit¡Gx64
[25760] 2025/10/05 20:45:57.097 Login Code: 0
[25760] 2025/10/05 20:45:57.808 Client Host Name:tony-laptop,ClientIP:172.31.192.1
[21652] 2025/10/05 20:59:33.764 Login ID: A131221647
[21652] 2025/10/05 20:59:33.765 Version¡G2.13.55
[21652] 2025/10/05 20:59:33.765 SKCOMBit¡Gx64
[21652] 2025/10/05 20:59:34.369 Login Code: 0
[21652] 2025/10/05 20:59:35.202 Client Host Name:tony-laptop,ClientIP:172.31.192.1
[29988] 2025/10/05 21:01:40.246 Login ID: A131221647
[29988] 2025/10/05 21:01:40.247 Version¡G2.13.55
[29988] 2025/10/05 21:01:40.247 SKCOMBit¡Gx64
[29988] 2025/10/05 21:01:40.854 Login Code: 0
[29988] 2025/10/05 21:01:41.655 Client Host Name:tony-laptop,ClientIP:172.31.192.1
[22768] 2025/10/05 21:11:39.855 Login ID: A131221647
[22768] 2025/10/05 21:11:39.856 Version¡G2.13.55
[22768] 2025/10/05 21:11:39.856 SKCOMBit¡Gx64
[22768] 2025/10/05 21:11:40.433 Login Code: 0
[22768] 2025/10/05 21:11:41.176 Client Host Name:tony-laptop,ClientIP:172.31.192.1
[29828] 2025/10/05 21:21:24.664 Login ID: A131221647
[29828] 2025/10/05 21:21:24.665 Version¡G2.13.55
[29828] 2025/10/05 21:21:24.665 SKCOMBit¡Gx64
[29828] 2025/10/05 21:21:25.298 Login Code: 0
[29828] 2025/10/05 21:21:26.248 Client Host Name:tony-laptop,ClientIP:172.31.192.1
[6344] 2025/10/05 21:31:11.688 Login ID: A131221647
[6344] 2025/10/05 21:31:11.688 Version¡G2.13.55
[6344] 2025/10/05 21:31:11.689 SKCOMBit¡Gx64
[6344] 2025/10/05 21:31:12.294 Login Code: 0
[6344] 2025/10/05 21:31:12.995 Client Host Name:tony-laptop,ClientIP:172.31.192.1
[15232] 2025/10/05 21:37:38.467 Login ID: A131221647
[15232] 2025/10/05 21:37:38.468 Version¡G2.13.55
[15232] 2025/10/05 21:37:38.468 SKCOMBit¡Gx64
[15232] 2025/10/05 21:37:39.106 Login Code: 0
[15232] 2025/10/05 21:37:39.775 Client Host Name:tony-laptop,ClientIP:172.31.192.1
[2912] 2025/10/05 21:41:14.535 Login ID: A131221647
[2912] 2025/10/05 21:41:14.536 Version¡G2.13.55
[2912] 2025/10/05 21:41:14.536 SKCOMBit¡Gx64
[2912] 2025/10/05 21:41:15.098 Login Code: 0
[2912] 2025/10/05 21:41:15.799 Client Host Name:tony-laptop,ClientIP:172.31.192.1
[23272] 2025/10/05 21:42:24.734 Login ID: A131221647
[23272] 2025/10/05 21:42:24.734 Version¡G2.13.55
[23272] 2025/10/05 21:42:24.735 SKCOMBit¡Gx64
[23272] 2025/10/05 21:42:25.299 Login Code: 0
[23272] 2025/10/05 21:42:26.075 Client Host Name:tony-laptop,ClientIP:172.31.192.1
[20836] 2025/10/05 21:55:17.234 Login ID: A131221647
[20836] 2025/10/05 21:55:17.234 Version¡G2.13.55
[20836] 2025/10/05 21:55:17.234 SKCOMBit¡Gx64
[20836] 2025/10/05 21:55:17.834 Login Code: 0
[20836] 2025/10/05 21:55:18.545 Client Host Name:tony-laptop,ClientIP:172.31.192.1
[6236] 2025/10/05 21:59:07.278 Login ID: A131221647
[6236] 2025/10/05 21:59:07.279 Version¡G2.13.55
[6236] 2025/10/05 21:59:07.279 SKCOMBit¡Gx64
[6236] 2025/10/05 21:59:07.858 Login Code: 0
[6236] 2025/10/05 21:59:08.556 Client Host Name:tony-laptop,ClientIP:172.31.192.1
[27320] 2025/10/05 22:01:21.810 Login ID: A131221647
[27320] 2025/10/05 22:01:21.811 Version¡G2.13.55
[27320] 2025/10/05 22:01:21.811 SKCOMBit¡Gx64
[27320] 2025/10/05 22:01:22.419 Login Code: 0
[27320] 2025/10/05 22:01:23.123 Client Host Name:tony-laptop,ClientIP:172.31.192.1
[18812] 2025/10/05 22:02:04.183 Login ID: A131221647
[18812] 2025/10/05 22:02:04.183 Version¡G2.13.55
[18812] 2025/10/05 22:02:04.184 SKCOMBit¡Gx64
[18812] 2025/10/05 22:02:04.764 Login Code: 0
[18812] 2025/10/05 22:02:05.673 Client Host Name:tony-laptop,ClientIP:172.31.192.1
[30856] 2025/10/05 22:08:26.728 Login ID: A131221647
[30856] 2025/10/05 22:08:26.729 Version¡G2.13.55
[30856] 2025/10/05 22:08:26.729 SKCOMBit¡Gx64
[30856] 2025/10/05 22:08:27.361 Login Code: 0
[30856] 2025/10/05 22:08:28.074 Client Host Name:tony-laptop,ClientIP:172.31.192.1
[29132] 2025/10/05 22:11:32.839 Login ID: A131221647
[29132] 2025/10/05 22:11:32.840 Version¡G2.13.55
[29132] 2025/10/05 22:11:32.840 SKCOMBit¡Gx64
[29132] 2025/10/05 22:11:33.441 Login Code: 0
[29132] 2025/10/05 22:11:34.195 Client Host Name:tony-laptop,ClientIP:172.31.192.1
[25344] 2025/10/05 22:13:44.575 Login ID: A131221647
[25344] 2025/10/05 22:13:44.576 Version¡G2.13.55
[25344] 2025/10/05 22:13:44.576 SKCOMBit¡Gx64
[25344] 2025/10/05 22:13:45.205 Login Code: 0
[25344] 2025/10/05 22:13:45.980 Client Host Name:tony-laptop,ClientIP:172.31.192.1
[28496] 2025/10/05 22:17:39.308 Login ID: A131221647
[28496] 2025/10/05 22:17:39.309 Version¡G2.13.55
[28496] 2025/10/05 22:17:39.309 SKCOMBit¡Gx64
[28496] 2025/10/05 22:17:39.931 Login Code: 0
[28496] 2025/10/05 22:17:40.676 Client Host Name:tony-laptop,ClientIP:172.31.192.1
[26520] 2025/10/05 22:19:25.436 Login ID: A131221647
[26520] 2025/10/05 22:19:25.437 Version¡G2.13.55
[26520] 2025/10/05 22:19:25.437 SKCOMBit¡Gx64
[26520] 2025/10/05 22:19:26.011 Login Code: 0
[26520] 2025/10/05 22:19:26.749 Client Host Name:tony-laptop,ClientIP:172.31.192.1
[32012] 2025/10/05 22:26:22.679 Login ID: A131221647
[32012] 2025/10/05 22:26:22.680 Version¡G2.13.55
[32012] 2025/10/05 22:26:22.680 SKCOMBit¡Gx64
[32012] 2025/10/05 22:26:23.251 Login Code: 0
[32012] 2025/10/05 22:26:23.931 Client Host Name:tony-laptop,ClientIP:172.31.192.1
[25212] 2025/10/05 22:36:34.856 Login ID: A131221647
[25212] 2025/10/05 22:36:34.856 Version¡G2.13.55
[25212] 2025/10/05 22:36:34.857 SKCOMBit¡Gx64
[25212] 2025/10/05 22:36:35.403 Login Code: 0
[25212] 2025/10/05 22:36:36.085 Client Host Name:tony-laptop,ClientIP:172.31.192.1
[7856] 2025/10/05 22:38:39.286 Login ID: A131221647
[7856] 2025/10/05 22:38:39.286 Version¡G2.13.55
[7856] 2025/10/05 22:38:39.287 SKCOMBit¡Gx64
[7856] 2025/10/05 22:38:39.823 Login Code: 0
[7856] 2025/10/05 22:38:40.491 Client Host Name:tony-laptop,ClientIP:172.31.192.1
[25416] 2025/10/05 22:39:23.634 Login ID: A131221647
[25416] 2025/10/05 22:39:23.635 Version¡G2.13.55
[25416] 2025/10/05 22:39:23.635 SKCOMBit¡Gx64
[25416] 2025/10/05 22:39:24.213 Login Code: 0
[25416] 2025/10/05 22:39:24.865 Client Host Name:tony-laptop,ClientIP:172.31.192.1
[11100] 2025/10/06 11:17:42.450 Login ID: A131221647
[11100] 2025/10/06 11:17:42.451 Version¡G2.13.55
[11100] 2025/10/06 11:17:42.451 SKCOMBit¡Gx64
[11100] 2025/10/06 11:17:43.241 Login Code: 0
[11100] 2025/10/06 11:17:43.984 Client Host Name:tony-laptop,ClientIP:172.31.192.1
[12352] 2025/10/07 10:35:39.217 Login ID: A131221647
[12352] 2025/10/07 10:35:39.218 Version¡G2.13.55
[12352] 2025/10/07 10:35:39.218 SKCOMBit¡Gx64
[12352] 2025/10/07 10:35:40.342 Login Code: 0
[12352] 2025/10/07 10:35:41.260 Client Host Name:tony-laptop,ClientIP:172.31.192.1
[31568] 2025/10/07 10:36:46.662 Login ID: A131221647
[31568] 2025/10/07 10:36:46.663 Version¡G2.13.55
[31568] 2025/10/07 10:36:46.663 SKCOMBit¡Gx64
[31568] 2025/10/07 10:36:47.478 Login Code: 0
[31568] 2025/10/07 10:36:48.940 Client Host Name:tony-laptop,ClientIP:172.31.192.1
[32060] 2025/10/07 13:10:43.852 Login ID: A131221647
[32060] 2025/10/07 13:10:43.853 Version¡G2.13.55
[32060] 2025/10/07 13:10:43.853 SKCOMBit¡Gx64
[32060] 2025/10/07 13:10:44.716 Login Code: 0
[32060] 2025/10/07 13:10:45.753 Client Host Name:tony-laptop,ClientIP:172.31.192.1
[13644] 2025/10/07 14:53:50.375 Login ID: A131221647
[13644] 2025/10/07 14:53:50.376 Version¡G2.13.55
[13644] 2025/10/07 14:53:50.376 SKCOMBit¡Gx64
[13644] 2025/10/07 14:53:51.498 Login Code: 0
[13644] 2025/10/07 14:53:53.186 Client Host Name:tony-laptop,ClientIP:172.31.192.1
[21428] 2025/10/07 14:54:45.583 Login ID: A131221647
[21428] 2025/10/07 14:54:45.584 Version¡G2.13.55
[21428] 2025/10/07 14:54:45.584 SKCOMBit¡Gx64
[21428] 2025/10/07 14:54:47.341 Login Code: 0
[21428] 2025/10/07 14:54:49.215 Client Host Name:tony-laptop,ClientIP:172.31.192.1
[26308] 2025/10/07 14:56:53.825 Login ID: A131221647
[26308] 2025/10/07 14:56:53.825 Version¡G2.13.55
[26308] 2025/10/07 14:56:53.826 SKCOMBit¡Gx64
[26308] 2025/10/07 14:56:55.537 Login Code: 0
[26308] 2025/10/07 14:56:57.455 Client Host Name:tony-laptop,ClientIP:172.31.192.1
[13024] 2025/10/07 14:58:34.056 Login ID: A131221647
[13024] 2025/10/07 14:58:34.057 Version¡G2.13.55
[13024] 2025/10/07 14:58:34.057 SKCOMBit¡Gx64
[13024] 2025/10/07 14:58:35.494 Login Code: 0
[13024] 2025/10/07 14:58:37.056 Client Host Name:tony-laptop,ClientIP:172.31.192.1
[31720] 2025/10/07 14:59:33.535 Login ID: A131221647
[31720] 2025/10/07 14:59:33.536 Version¡G2.13.55
[31720] 2025/10/07 14:59:33.536 SKCOMBit¡Gx64
[31720] 2025/10/07 14:59:36.633 Login Code: 0
[31720] 2025/10/07 14:59:38.367 Client Host Name:tony-laptop,ClientIP:172.31.192.1
[20028] 2025/10/07 15:19:14.562 Login ID: A131221647
[20028] 2025/10/07 15:19:14.562 Version¡G2.13.55
[20028] 2025/10/07 15:19:14.563 SKCOMBit¡Gx64
[20028] 2025/10/07 15:19:15.975 Login Code: 0
[20028] 2025/10/07 15:19:17.887 Client Host Name:tony-laptop,ClientIP:172.31.192.1
[17900] 2025/10/07 15:28:35.748 Login ID: A131221647
[17900] 2025/10/07 15:28:35.749 Version¡G2.13.55
[17900] 2025/10/07 15:28:35.750 SKCOMBit¡Gx64
[17900] 2025/10/07 15:28:37.385 Login Code: 0
[17900] 2025/10/07 15:28:39.335 Client Host Name:tony-laptop,ClientIP:172.31.192.1
[25224] 2025/10/07 15:29:54.947 Login ID: A131221647
[25224] 2025/10/07 15:29:54.948 Version¡G2.13.55
[25224] 2025/10/07 15:29:54.949 SKCOMBit¡Gx64
[25224] 2025/10/07 15:29:56.448 Login Code: 0
[25224] 2025/10/07 15:29:57.987 Client Host Name:tony-laptop,ClientIP:172.31.192.1
[27132] 2025/10/07 15:37:06.366 Login ID: A131221647
[27132] 2025/10/07 15:37:06.367 Version¡G2.13.55
[27132] 2025/10/07 15:37:06.368 SKCOMBit¡Gx64
[27132] 2025/10/07 15:37:07.674 Login Code: 0
[27132] 2025/10/07 15:37:09.487 Client Host Name:tony-laptop,ClientIP:172.31.192.1
[32084] 2025/10/07 15:38:48.263 Login ID: A131221647
[32084] 2025/10/07 15:38:48.264 Version¡G2.13.55
[32084] 2025/10/07 15:38:48.264 SKCOMBit¡Gx64
[32084] 2025/10/07 15:38:49.898 Login Code: 0
[32084] 2025/10/07 15:38:51.447 Client Host Name:tony-laptop,ClientIP:172.31.192.1
[22748] 2025/10/07 15:39:48.798 Login ID: A131221647
[22748] 2025/10/07 15:39:48.798 Version¡G2.13.55
[22748] 2025/10/07 15:39:48.799 SKCOMBit¡Gx64
[22748] 2025/10/07 15:39:51.721 Login Code: 0
[22748] 2025/10/07 15:39:53.268 Client Host Name:tony-laptop,ClientIP:172.31.192.1
[27256] 2025/10/07 15:46:20.395 Login ID: A131221647
[27256] 2025/10/07 15:46:20.395 Version¡G2.13.55
[27256] 2025/10/07 15:46:20.396 SKCOMBit¡Gx64
[27256] 2025/10/07 15:46:21.715 Login Code: 0
[27256] 2025/10/07 15:46:23.453 Client Host Name:tony-laptop,ClientIP:172.31.192.1
[26180] 2025/10/07 15:59:59.394 Login ID: A131221647
[26180] 2025/10/07 15:59:59.395 Version¡G2.13.55
[26180] 2025/10/07 15:59:59.396 SKCOMBit¡Gx64
[26180] 2025/10/07 16:00:00.967 Login Code: 0
[26180] 2025/10/07 16:00:02.894 Client Host Name:tony-laptop,ClientIP:172.31.192.1
[10896] 2025/10/07 16:13:11.411 Login ID: A131221647
[10896] 2025/10/07 16:13:11.411 Version¡G2.13.55
[10896] 2025/10/07 16:13:11.412 SKCOMBit¡Gx64
[10896] 2025/10/07 16:13:16.632 Login Code: 0
[10896] 2025/10/07 16:13:20.527 Client Host Name:tony-laptop,ClientIP:172.31.192.1
[31460] 2025/10/07 16:14:37.697 Login ID: A131221647
[31460] 2025/10/07 16:14:37.698 Version¡G2.13.55
[31460] 2025/10/07 16:14:37.698 SKCOMBit¡Gx64
[31460] 2025/10/07 16:14:39.338 Login Code: 0
[31460] 2025/10/07 16:14:41.825 Client Host Name:tony-laptop,ClientIP:172.31.192.1
[18788] 2025/10/07 16:16:59.223 Login ID: A131221647
[18788] 2025/10/07 16:16:59.224 Version¡G2.13.55
[18788] 2025/10/07 16:16:59.224 SKCOMBit¡Gx64
[18788] 2025/10/07 16:17:00.819 Login Code: 0
[18788] 2025/10/07 16:17:02.940 Client Host Name:tony-laptop,ClientIP:172.31.192.1
[29772] 2025/10/07 16:18:43.262 Login ID: A131221647
[29772] 2025/10/07 16:18:43.263 Version¡G2.13.55
[29772] 2025/10/07 16:18:43.263 SKCOMBit¡Gx64
[29772] 2025/10/07 16:18:44.622 Login Code: 0
[29772] 2025/10/07 16:18:46.105 Client Host Name:tony-laptop,ClientIP:172.31.192.1
[30488] 2025/10/07 16:20:09.274 Login ID: A131221647
[30488] 2025/10/07 16:20:09.275 Version¡G2.13.55
[30488] 2025/10/07 16:20:09.275 SKCOMBit¡Gx64
[30488] 2025/10/07 16:20:10.484 Login Code: 0
[30488] 2025/10/07 16:20:12.087 Client Host Name:tony-laptop,ClientIP:172.31.192.1
[19692] 2025/10/07 16:30:56.808 Login ID: A131221647
[19692] 2025/10/07 16:30:56.808 Version¡G2.13.55
[19692] 2025/10/07 16:30:56.808 SKCOMBit¡Gx64
[19692] 2025/10/07 16:30:58.219 Login Code: 0
[19692] 2025/10/07 16:31:00.851 Client Host Name:tony-laptop,ClientIP:172.31.192.1
[28592] 2025/10/08 09:49:59.960 Login ID: A131221647
[28592] 2025/10/08 09:49:59.960 Version¡G2.13.55
[28592] 2025/10/08 09:49:59.961 SKCOMBit¡Gx64
[28592] 2025/10/08 09:50:00.965 Login Code: 0
[28592] 2025/10/08 09:50:02.208 Client Host Name:tony-laptop,ClientIP:172.31.192.1
[13940] 2025/10/08 09:58:37.222 Login ID: A131221647
[13940] 2025/10/08 09:58:37.222 Version¡G2.13.55
[13940] 2025/10/08 09:58:37.223 SKCOMBit¡Gx64
[13940] 2025/10/08 09:58:38.698 Login Code: 0
[13940] 2025/10/08 09:58:40.246 Client Host Name:tony-laptop,ClientIP:172.31.192.1
[20148] 2025/10/08 10:48:19.383 Login ID: A131221647
[20148] 2025/10/08 10:48:19.383 Version¡G2.13.55
[20148] 2025/10/08 10:48:19.384 SKCOMBit¡Gx64
[20148] 2025/10/08 10:48:20.681 Login Code: 0
[20148] 2025/10/08 10:48:22.606 Client Host Name:tony-laptop,ClientIP:172.31.192.1
[13524] 2025/10/08 11:18:25.830 Login ID: A131221647
[13524] 2025/10/08 11:18:25.831 Version¡G2.13.55
[13524] 2025/10/08 11:18:25.831 SKCOMBit¡Gx64
[13524] 2025/10/08 11:18:27.381 Login Code: 0
[13524] 2025/10/08 11:18:29.916 Client Host Name:tony-laptop,ClientIP:172.31.192.1
[12632] 2025/10/08 11:55:05.657 Login ID: A131221647
[12632] 2025/10/08 11:55:05.658 Version¡G2.13.55
[12632] 2025/10/08 11:55:05.659 SKCOMBit¡Gx64
[12632] 2025/10/08 11:55:06.637 Login Code: 0
[12632] 2025/10/08 11:55:07.979 Client Host Name:tony-laptop,ClientIP:172.31.192.1
[10660] 2025/11/16 02:41:01.857 Login ID: A131221647
[10660] 2025/11/16 02:41:01.858 Version¡G2.13.55
[10660] 2025/11/16 02:41:01.858 SKCOMBit¡Gx64
[10660] 2025/11/16 02:41:02.654 Login Code: 0
[10660] 2025/11/16 02:41:03.532 Client Host Name:tony-laptop,ClientIP:172.31.192.1
[7756] 2025/11/16 02:45:43.367 Login ID: A131221647
[7756] 2025/11/16 02:45:43.367 Version¡G2.13.55
[7756] 2025/11/16 02:45:43.368 SKCOMBit¡Gx64
[7756] 2025/11/16 02:45:44.011 Login Code: 0
[7756] 2025/11/16 02:45:44.689 Client Host Name:tony-laptop,ClientIP:172.31.192.1
[6324] 2025/11/16 03:00:02.868 Login ID: A131221647
[6324] 2025/11/16 03:00:02.868 Version¡G2.13.55
[6324] 2025/11/16 03:00:02.869 SKCOMBit¡Gx64
[6324] 2025/11/16 03:00:05.639 Login Code: 0
[6324] 2025/11/16 03:00:06.367 Client Host Name:tony-laptop,ClientIP:172.31.192.1
[9464] 2025/11/16 03:11:52.814 Login ID: A131221647
[9464] 2025/11/16 03:11:52.815 Version¡G2.13.55
[9464] 2025/11/16 03:11:52.815 SKCOMBit¡Gx64
[9464] 2025/11/16 03:11:53.515 Login Code: 0
[9464] 2025/11/16 03:11:54.240 Client Host Name:tony-laptop,ClientIP:172.31.192.1
[24232] 2025/11/17 17:07:37.143 Login ID: A131221647
[24232] 2025/11/17 17:07:37.144 Version¡G2.13.55
[24232] 2025/11/17 17:07:37.144 SKCOMBit¡Gx64
[24232] 2025/11/17 17:07:37.811 Login Code: 0
[24232] 2025/11/17 17:07:38.601 Client Host Name:tony-laptop,ClientIP:172.31.192.1
[408] 2025/11/17 17:08:17.744 Login ID: A131221647
[408] 2025/11/17 17:08:17.745 Version¡G2.13.55
[408] 2025/11/17 17:08:17.745 SKCOMBit¡Gx64
[408] 2025/11/17 17:08:18.300 Login Code: 0
[408] 2025/11/17 17:08:19.288 Client Host Name:tony-laptop,ClientIP:172.31.192.1
[12692] 2025/11/17 17:17:20.908 Login ID: A131221647
[12692] 2025/11/17 17:17:20.909 Version¡G2.13.55
[12692] 2025/11/17 17:17:20.909 SKCOMBit¡Gx64
[12692] 2025/11/17 17:17:21.507 Login Code: 0
[12692] 2025/11/17 17:17:22.255 Client Host Name:tony-laptop,ClientIP:172.31.192.1
[27344] 2025/11/20 09:35:19.854 Login ID: A131221647
[27344] 2025/11/20 09:35:19.855 Version¡G2.13.55
[27344] 2025/11/20 09:35:19.855 SKCOMBit¡Gx64
[27344] 2025/11/20 09:35:22.502 Login Code: 0
[27344] 2025/11/20 09:35:24.642 Client Host Name:tony-laptop,ClientIP:172.31.192.1
[14956] 2025/11/20 09:41:58.927 Login ID: A131221647
[14956] 2025/11/20 09:41:58.928 Version¡G2.13.55
[14956] 2025/11/20 09:41:58.928 SKCOMBit¡Gx64
[14956] 2025/11/20 09:42:00.202 Login Code: 0
[14956] 2025/11/20 09:42:01.631 Client Host Name:tony-laptop,ClientIP:172.31.192.1
[26696] 2025/11/20 09:43:33.849 Login ID: A131221647
[26696] 2025/11/20 09:43:33.849 Version¡G2.13.55
[26696] 2025/11/20 09:43:33.850 SKCOMBit¡Gx64
[26696] 2025/11/20 09:43:34.859 Login Code: 0
[26696] 2025/11/20 09:43:36.150 Client Host Name:tony-laptop,ClientIP:172.31.192.1
[24000] 2025/11/20 09:50:20.353 Login ID: A131221647
[24000] 2025/11/20 09:50:20.353 Version¡G2.13.55
[24000] 2025/11/20 09:50:20.354 SKCOMBit¡Gx64
[24000] 2025/11/20 09:50:21.676 Login Code: 0
[24000] 2025/11/20 09:50:22.875 Client Host Name:tony-laptop,ClientIP:172.31.192.1
[23232] 2025/11/20 10:05:35.506 Login ID: A131221647
[23232] 2025/11/20 10:05:35.507 Version¡G2.13.55
[23232] 2025/11/20 10:05:35.508 SKCOMBit¡Gx64
[23232] 2025/11/20 10:05:37.257 Login Code: 0
[23232] 2025/11/20 10:05:41.014 Client Host Name:tony-laptop,ClientIP:172.31.192.1
[15780] 2025/11/20 10:33:17.624 Login ID: A131221647
[15780] 2025/11/20 10:33:17.625 Version¡G2.13.55
[15780] 2025/11/20 10:33:17.626 SKCOMBit¡Gx64
[15780] 2025/11/20 10:33:19.441 Login Code: 0
[15780] 2025/11/20 10:33:20.968 Client Host Name:tony-laptop,ClientIP:172.31.192.1
[11776] 2025/11/20 10:41:38.542 Login ID: A131221647
[11776] 2025/11/20 10:41:38.543 Version¡G2.13.55
[11776] 2025/11/20 10:41:38.543 SKCOMBit¡Gx64
[11776] 2025/11/20 10:41:40.343 Login Code: 0
[11776] 2025/11/20 10:41:41.993 Client Host Name:tony-laptop,ClientIP:172.31.192.1
[24652] 2025/11/20 10:43:46.570 Login ID: A131221647
[24652] 2025/11/20 10:43:46.571 Version¡G2.13.55
[24652] 2025/11/20 10:43:46.572 SKCOMBit¡Gx64
[24652] 2025/11/20 10:43:47.962 Login Code: 0
[24652] 2025/11/20 10:43:49.378 Client Host Name:tony-laptop,ClientIP:172.31.192.1
[5992] 2025/11/20 10:45:55.691 Login ID: A131221647
[5992] 2025/11/20 10:45:55.691 Version¡G2.13.55
[5992] 2025/11/20 10:45:55.692 SKCOMBit¡Gx64
[5992] 2025/11/20 10:45:57.237 Login Code: 0
[5992] 2025/11/20 10:45:58.964 Client Host Name:tony-laptop,ClientIP:172.31.192.1
[21220] 2025/11/20 10:55:24.301 Login ID: A131221647
[21220] 2025/11/20 10:55:24.302 Version¡G2.13.55
[21220] 2025/11/20 10:55:24.302 SKCOMBit¡Gx64
[21220] 2025/11/20 10:55:34.573 Login ID: A131221647
[21220] 2025/11/20 10:55:34.574 Version¡G2.13.55
[21220] 2025/11/20 10:55:34.574 SKCOMBit¡Gx64
[21220] 2025/11/20 10:55:36.235 Login Code: 0
[21220] 2025/11/20 10:55:38.059 Client Host Name:tony-laptop,ClientIP:172.31.192.1
[26700] 2025/11/20 10:59:07.558 Login ID: A131221647
[26700] 2025/11/20 10:59:07.559 Version¡G2.13.55
[26700] 2025/11/20 10:59:07.559 SKCOMBit¡Gx64
[26700] 2025/11/20 10:59:09.310 Login Code: 0
[26700] 2025/11/20 10:59:11.078 Client Host Name:tony-laptop,ClientIP:172.31.192.1
[4040] 2025/11/20 11:00:17.172 Login ID: A131221647
[4040] 2025/11/20 11:00:17.173 Version¡G2.13.55
[4040] 2025/11/20 11:00:17.173 SKCOMBit¡Gx64
[4040] 2025/11/20 11:00:19.595 Login Code: 0
[4040] 2025/11/20 11:00:22.037 Client Host Name:tony-laptop,ClientIP:172.31.192.1
[26968] 2025/11/20 11:03:54.374 Login ID: A131221647
[26968] 2025/11/20 11:03:54.374 Version¡G2.13.55
[26968] 2025/11/20 11:03:54.375 SKCOMBit¡Gx64
[26968] 2025/11/20 11:03:55.417 Login Code: 0
[26968] 2025/11/20 11:03:56.525 Client Host Name:tony-laptop,ClientIP:172.31.192.1
