-----------------------------------------------------------------
[31296] 2025/10/04 20:48:21.869 OnSessionConnect¡ACode: 3001, Error Code:0.
[8656] 2025/10/04 21:57:50.324 OnSessionConnect¡ACode: 3001, Error Code:0.
[13764] 2025/10/04 22:00:01.325 OnSessionConnect¡ACode: 3001, Error Code:0.
[25248] 2025/10/05 00:25:43.451 OnSessionConnect¡ACode: 3001, Error Code:0.
[944] 2025/10/05 01:57:42.468 OnSessionConnect¡ACode: 3001, Error Code:0.
[6468] 2025/10/05 01:58:28.448 OnSessionConnect¡ACode: 3001, Error Code:0.
[11940] 2025/10/05 02:00:44.316 OnSessionConnect¡ACode: 3001, Error Code:0.
[28444] 2025/10/05 02:01:20.957 OnSessionConnect¡ACode: 3001, Error Code:0.
[27736] 2025/10/05 02:03:45.179 OnSessionConnect¡ACode: 3001, Error Code:0.
[30544] 2025/10/05 02:16:11.616 OnSessionConnect¡ACode: 3001, Error Code:0.
[30572] 2025/10/05 02:26:56.406 OnSessionConnect¡ACode: 3001, Error Code:0.
[20836] 2025/10/05 02:38:10.971 OnSessionConnect¡ACode: 3001, Error Code:0.
[28564] 2025/10/05 02:39:58.238 OnSessionConnect¡ACode: 3001, Error Code:0.
[31060] 2025/10/05 02:42:37.347 OnSessionConnect¡ACode: 3001, Error Code:0.
[28904] 2025/10/05 02:44:12.611 OnSessionConnect¡ACode: 3001, Error Code:0.
[32308] 2025/10/05 02:48:27.089 OnSessionConnect¡ACode: 3001, Error Code:0.
[26116] 2025/10/05 02:54:09.267 OnSessionConnect¡ACode: 3001, Error Code:0.
[13384] 2025/10/05 02:55:43.149 OnSessionConnect¡ACode: 3001, Error Code:0.
[27016] 2025/10/05 03:08:53.953 OnSessionConnect¡ACode: 3001, Error Code:0.
[9676] 2025/10/05 03:10:11.452 OnSessionConnect¡ACode: 3001, Error Code:0.
[23200] 2025/10/05 03:11:44.893 OnSessionConnect¡ACode: 3001, Error Code:0.
[28676] 2025/10/05 03:15:46.416 OnSessionConnect¡ACode: 3001, Error Code:0.
[29112] 2025/10/05 03:23:12.734 OnSessionConnect¡ACode: 3001, Error Code:0.
[27496] 2025/10/05 03:24:20.326 OnSessionConnect¡ACode: 3001, Error Code:0.
[28584] 2025/10/05 03:30:39.542 OnSessionConnect¡ACode: 3001, Error Code:0.
[3176] 2025/10/05 03:31:33.222 OnSessionConnect¡ACode: 3001, Error Code:0.
[28152] 2025/10/05 03:32:52.233 OnSessionConnect¡ACode: 3001, Error Code:0.
[12204] 2025/10/05 03:49:18.768 OnSessionConnect¡ACode: 3001, Error Code:0.
[3112] 2025/10/05 03:54:39.704 OnSessionConnect¡ACode: 3001, Error Code:0.
[19660] 2025/10/05 03:57:42.888 OnSessionConnect¡ACode: 3001, Error Code:0.
[21864] 2025/10/05 04:11:06.809 OnSessionConnect¡ACode: 3001, Error Code:0.
[13680] 2025/10/05 04:12:14.743 OnSessionConnect¡ACode: 3001, Error Code:0.
[18844] 2025/10/05 04:13:08.401 OnSessionConnect¡ACode: 3001, Error Code:0.
[27312] 2025/10/05 04:19:10.719 OnSessionConnect¡ACode: 3001, Error Code:0.
[6228] 2025/10/05 04:22:13.518 OnSessionConnect¡ACode: 3001, Error Code:0.
[29112] 2025/10/05 04:22:53.200 OnSessionConnect¡ACode: 3001, Error Code:0.
[32136] 2025/10/05 04:38:28.006 OnSessionConnect¡ACode: 3001, Error Code:0.
[27132] 2025/10/05 04:46:59.663 OnSessionConnect¡ACode: 3001, Error Code:0.
[29332] 2025/10/05 05:12:41.105 OnSessionConnect¡ACode: 3001, Error Code:0.
[18688] 2025/10/05 05:15:44.554 OnSessionConnect¡ACode: 3001, Error Code:0.
[16724] 2025/10/05 05:27:08.719 OnSessionConnect¡ACode: 3001, Error Code:0.
[31204] 2025/10/05 05:30:42.271 OnSessionConnect¡ACode: 3001, Error Code:0.
[3252] 2025/10/05 13:09:38.593 OnSessionConnect¡ACode: 3001, Error Code:0.
[10700] 2025/10/05 13:14:35.077 OnSessionConnect¡ACode: 3001, Error Code:0.
[5580] 2025/10/05 13:18:48.528 OnSessionConnect¡ACode: 3001, Error Code:0.
[29456] 2025/10/05 13:19:24.416 OnSessionConnect¡ACode: 3001, Error Code:0.
[26416] 2025/10/05 13:24:10.686 OnSessionConnect¡ACode: 3001, Error Code:0.
[31024] 2025/10/05 13:27:06.928 OnSessionConnect¡ACode: 3001, Error Code:0.
[21268] 2025/10/05 13:36:49.247 OnSessionConnect¡ACode: 3001, Error Code:0.
[32156] 2025/10/05 13:41:06.631 OnSessionConnect¡ACode: 3001, Error Code:0.
[24940] 2025/10/05 13:43:32.613 OnSessionConnect¡ACode: 3001, Error Code:0.
[25760] 2025/10/05 20:45:59.848 OnSessionConnect¡ACode: 3001, Error Code:0.
[21652] 2025/10/05 20:59:41.331 OnSessionConnect¡ACode: 3001, Error Code:0.
[29988] 2025/10/05 21:01:42.309 OnSessionConnect¡ACode: 3001, Error Code:0.
[22768] 2025/10/05 21:11:45.518 OnSessionConnect¡ACode: 3001, Error Code:0.
[29828] 2025/10/05 21:21:27.375 OnSessionConnect¡ACode: 3001, Error Code:0.
[6344] 2025/10/05 21:31:14.438 OnSessionConnect¡ACode: 3001, Error Code:0.
[15232] 2025/10/05 21:37:40.811 OnSessionConnect¡ACode: 3001, Error Code:0.
[2912] 2025/10/05 21:41:17.649 OnSessionConnect¡ACode: 3001, Error Code:0.
[23272] 2025/10/05 21:42:27.682 OnSessionConnect¡ACode: 3001, Error Code:0.
[20836] 2025/10/05 21:55:19.615 OnSessionConnect¡ACode: 3001, Error Code:0.
[6236] 2025/10/05 21:59:10.173 OnSessionConnect¡ACode: 3001, Error Code:0.
[27320] 2025/10/05 22:01:24.054 OnSessionConnect¡ACode: 3001, Error Code:0.
[18812] 2025/10/05 22:02:06.561 OnSessionConnect¡ACode: 3001, Error Code:0.
[30856] 2025/10/05 22:08:28.813 OnSessionConnect¡ACode: 3001, Error Code:0.
[29132] 2025/10/05 22:11:36.644 OnSessionConnect¡ACode: 3001, Error Code:0.
[25344] 2025/10/05 22:13:47.796 OnSessionConnect¡ACode: 3001, Error Code:0.
[28496] 2025/10/05 22:17:41.469 OnSessionConnect¡ACode: 3001, Error Code:0.
[32012] 2025/10/05 22:26:25.922 OnSessionConnect¡ACode: 3001, Error Code:0.
[25212] 2025/10/05 22:36:38.054 OnSessionConnect¡ACode: 3001, Error Code:0.
[7856] 2025/10/05 22:38:46.556 OnSessionConnect¡ACode: 3001, Error Code:0.
[25416] 2025/10/05 22:39:38.102 OnSessionConnect¡ACode: 3001, Error Code:0.
[11100] 2025/10/06 11:17:45.696 OnSessionConnect¡ACode: 3001, Error Code:0.
[12352] 2025/10/07 10:35:43.644 OnSessionConnect¡ACode: 3001, Error Code:0.
[31568] 2025/10/07 10:36:51.278 OnSessionConnect¡ACode: 3001, Error Code:0.
[32060] 2025/10/07 13:10:50.535 OnSessionConnect¡ACode: 3001, Error Code:0.
[32060] 2025/10/07 13:11:37.194 OnSessionDisconnect¡ACode: 3033, Error code: 0
[32060] 2025/10/07 13:11:37.194 Solace QuoteServer Disconnect:Session down(1); subCode: SOLCLIENT_SUBCODE_COMMUNICATION_ERROR(14),response code: 0, reason:TCP: Could not read from socket 4092, error = Connection reset by peer (10054)
[32060] 2025/10/07 13:11:37.196 Solace QuoteServer Disconnect_SESSION_EVENT_DOWN_ERROR
[13644] 2025/10/07 14:53:55.951 OnSessionConnect¡ACode: 3001, Error Code:0.
[13644] 2025/10/07 14:54:27.767 OnSessionDisconnect¡ACode: 3033, Error code: 0
[13644] 2025/10/07 14:54:27.768 Solace QuoteServer Disconnect:Session down(1); subCode: SOLCLIENT_SUBCODE_COMMUNICATION_ERROR(14),response code: 0, reason:TCP: Could not read from socket 3140, error = Connection reset by peer (10054)
[13644] 2025/10/07 14:54:27.770 Solace QuoteServer Disconnect_SESSION_EVENT_DOWN_ERROR
[21428] 2025/10/07 14:54:51.237 OnSessionConnect¡ACode: 3001, Error Code:0.
[26308] 2025/10/07 14:56:59.696 OnSessionConnect¡ACode: 3001, Error Code:0.
[13024] 2025/10/07 14:58:38.668 OnSessionConnect¡ACode: 3001, Error Code:0.
[31720] 2025/10/07 14:59:39.977 OnSessionConnect¡ACode: 3001, Error Code:0.
[20028] 2025/10/07 15:19:20.597 OnSessionConnect¡ACode: 3001, Error Code:0.
[17900] 2025/10/07 15:28:42.174 OnSessionConnect¡ACode: 3001, Error Code:0.
[25224] 2025/10/07 15:30:00.784 OnSessionConnect¡ACode: 3001, Error Code:0.
[27132] 2025/10/07 15:37:10.895 OnSessionConnect¡ACode: 3001, Error Code:0.
[32084] 2025/10/07 15:39:01.664 OnSessionConnect¡ACode: 3001, Error Code:0.
[22748] 2025/10/07 15:39:55.919 OnSessionConnect¡ACode: 3001, Error Code:0.
[26180] 2025/10/07 16:00:05.778 OnSessionConnect¡ACode: 3001, Error Code:0.
[10896] 2025/10/07 16:13:25.218 OnSessionConnect¡ACode: 3001, Error Code:0.
[10896] 2025/10/07 16:13:50.816 OnSessionConnect¡ACode: 3001, Error Code:0.
[31460] 2025/10/07 16:14:44.032 OnSessionConnect¡ACode: 3001, Error Code:0.
[18788] 2025/10/07 16:17:04.603 OnSessionConnect¡ACode: 3001, Error Code:0.
[29772] 2025/10/07 16:18:48.412 OnSessionConnect¡ACode: 3001, Error Code:0.
[30488] 2025/10/07 16:20:13.563 OnSessionConnect¡ACode: 3001, Error Code:0.
[19692] 2025/10/07 16:31:02.256 OnSessionConnect¡ACode: 3001, Error Code:0.
[28592] 2025/10/08 09:50:04.392 OnSessionConnect¡ACode: 3001, Error Code:0.
[13940] 2025/10/08 09:58:41.795 OnSessionConnect¡ACode: 3001, Error Code:0.
[20148] 2025/10/08 10:48:24.368 OnSessionConnect¡ACode: 3001, Error Code:0.
[13524] 2025/10/08 11:18:34.044 OnSessionConnect¡ACode: 3001, Error Code:0.
[12632] 2025/10/08 11:55:09.206 OnSessionConnect¡ACode: 3001, Error Code:0.
[10660] 2025/11/16 02:41:05.339 OnSessionConnect¡ACode: 3001, Error Code:0.
[7756] 2025/11/16 02:45:45.678 OnSessionConnect¡ACode: 3001, Error Code:0.
[6324] 2025/11/16 03:00:08.964 OnSessionConnect¡ACode: 3001, Error Code:0.
[9464] 2025/11/16 03:11:55.061 OnSessionConnect¡ACode: 3001, Error Code:0.
[24232] 2025/11/17 17:07:39.623 OnSessionConnect¡ACode: 3001, Error Code:0.
[408] 2025/11/17 17:08:20.330 OnSessionConnect¡ACode: 3001, Error Code:0.
[12692] 2025/11/17 17:17:23.326 OnSessionConnect¡ACode: 3001, Error Code:0.
[27344] 2025/11/20 09:35:27.201 OnSessionConnect¡ACode: 3001, Error Code:0.
[14956] 2025/11/20 09:42:03.164 OnSessionConnect¡ACode: 3001, Error Code:0.
[26696] 2025/11/20 09:43:38.127 OnSessionConnect¡ACode: 3001, Error Code:0.
[24000] 2025/11/20 09:50:24.195 OnSessionConnect¡ACode: 3001, Error Code:0.
[23232] 2025/11/20 10:05:44.031 OnSessionConnect¡ACode: 3001, Error Code:0.
[15780] 2025/11/20 10:33:22.780 OnSessionConnect¡ACode: 3001, Error Code:0.
[11776] 2025/11/20 10:41:44.597 OnSessionConnect¡ACode: 3001, Error Code:0.
[24652] 2025/11/20 10:43:51.604 OnSessionConnect¡ACode: 3001, Error Code:0.
[5992] 2025/11/20 10:46:02.089 OnSessionConnect¡ACode: 3001, Error Code:0.
[21220] 2025/11/20 10:55:40.939 OnSessionConnect¡ACode: 3001, Error Code:0.
[26700] 2025/11/20 10:59:19.368 OnSessionConnect¡ACode: 3001, Error Code:0.
[26700] 2025/11/20 10:59:41.630 OnSessionConnect¡ACode: 3001, Error Code:0.
[4040] 2025/11/20 11:00:24.609 OnSessionConnect¡ACode: 3001, Error Code:0.
[4040] 2025/11/20 11:01:43.224 OnSessionConnect¡ACode: 3001, Error Code:0.
[26968] 2025/11/20 11:03:58.496 OnSessionConnect¡ACode: 3001, Error Code:0.
